Component: ARM Compiler 6.9 Tool: armlink [5ced1b00]

==============================================================================

Section Cross References

    main.o(.text) refers (Special) to _printf_d.o(.ARM.Collect$$_printf_percent$$00000009) for _printf_d
    main.o(.text) refers (Special) to _printf_dec.o(.text) for _printf_int_dec
    main.o(.text) refers (Special) to _printf_percent.o(.ARM.Collect$$_printf_percent$$00000000) for _printf_percent
    main.o(.text) refers (Special) to _printf_s.o(.ARM.Collect$$_printf_percent$$00000014) for _printf_s
    main.o(.text) refers (Special) to _printf_str.o(.text) for _printf_str
    main.o(.text.main) refers (Special) to _printf_d.o(.ARM.Collect$$_printf_percent$$00000009) for _printf_d
    main.o(.text.main) refers (Special) to _printf_dec.o(.text) for _printf_int_dec
    main.o(.text.main) refers (Special) to _printf_percent.o(.ARM.Collect$$_printf_percent$$00000000) for _printf_percent
    main.o(.text.main) refers (Special) to _printf_s.o(.ARM.Collect$$_printf_percent$$00000014) for _printf_s
    main.o(.text.main) refers (Special) to _printf_str.o(.text) for _printf_str
    main.o(.text.main) refers to sp_task.o(.text.spPortEnterCritical) for spPortEnterCritical
    main.o(.text.main) refers to misc.o(i.NVIC_PriorityGroupConfig) for NVIC_PriorityGroupConfig
    main.o(.text.main) refers to sp_utility.o(.text.Power_Configuration) for Power_Configuration
    main.o(.text.main) refers to stm32f4xx_rcc.o(i.RCC_AHB2PeriphClockCmd) for RCC_AHB2PeriphClockCmd
    main.o(.text.main) refers to stm32f4xx_rng.o(i.RNG_Cmd) for RNG_Cmd
    main.o(.text.main) refers to sp_task.o(.text.TASK_GlobalInit) for TASK_GlobalInit
    main.o(.text.main) refers to sp_task.o(.text.TASK_TimerInit) for TASK_TimerInit
    main.o(.text.main) refers to sp_task.o(.text.TASK_Start) for TASK_Start
    main.o(.text.main) refers to sp_task.o(.text.spPortExitCritical) for spPortExitCritical
    main.o(.text.main) refers to sp_task.o(.text.TASK_GetMilliSecond) for TASK_GetMilliSecond
    main.o(.text.main) refers to sp_timer.o(.rodata.spTIMER) for spTIMER
    main.o(.text.main) refers to sp_delay.o(sp_delay) for delay_ms
    main.o(.ARM.exidx.text.main) refers (Special) to _printf_d.o(.ARM.Collect$$_printf_percent$$00000009) for _printf_d
    main.o(.ARM.exidx.text.main) refers (Special) to _printf_dec.o(.text) for _printf_int_dec
    main.o(.ARM.exidx.text.main) refers (Special) to _printf_percent.o(.ARM.Collect$$_printf_percent$$00000000) for _printf_percent
    main.o(.ARM.exidx.text.main) refers (Special) to _printf_s.o(.ARM.Collect$$_printf_percent$$00000014) for _printf_s
    main.o(.ARM.exidx.text.main) refers (Special) to _printf_str.o(.text) for _printf_str
    main.o(.ARM.exidx.text.main) refers to main.o(.text.main) for [Anonymous Symbol]
    main.o(.text.assert_failed) refers (Special) to _printf_d.o(.ARM.Collect$$_printf_percent$$00000009) for _printf_d
    main.o(.text.assert_failed) refers (Special) to _printf_dec.o(.text) for _printf_int_dec
    main.o(.text.assert_failed) refers (Special) to _printf_percent.o(.ARM.Collect$$_printf_percent$$00000000) for _printf_percent
    main.o(.text.assert_failed) refers (Special) to _printf_s.o(.ARM.Collect$$_printf_percent$$00000014) for _printf_s
    main.o(.text.assert_failed) refers (Special) to _printf_str.o(.text) for _printf_str
    main.o(.text.assert_failed) refers to __2printf.o(.text) for __2printf
    main.o(.ARM.exidx.text.assert_failed) refers (Special) to _printf_d.o(.ARM.Collect$$_printf_percent$$00000009) for _printf_d
    main.o(.ARM.exidx.text.assert_failed) refers (Special) to _printf_dec.o(.text) for _printf_int_dec
    main.o(.ARM.exidx.text.assert_failed) refers (Special) to _printf_percent.o(.ARM.Collect$$_printf_percent$$00000000) for _printf_percent
    main.o(.ARM.exidx.text.assert_failed) refers (Special) to _printf_s.o(.ARM.Collect$$_printf_percent$$00000014) for _printf_s
    main.o(.ARM.exidx.text.assert_failed) refers (Special) to _printf_str.o(.text) for _printf_str
    main.o(.ARM.exidx.text.assert_failed) refers to main.o(.text.assert_failed) for [Anonymous Symbol]
    main.o(.bss.frame) refers (Special) to _printf_d.o(.ARM.Collect$$_printf_percent$$00000009) for _printf_d
    main.o(.bss.frame) refers (Special) to _printf_dec.o(.text) for _printf_int_dec
    main.o(.bss.frame) refers (Special) to _printf_percent.o(.ARM.Collect$$_printf_percent$$00000000) for _printf_percent
    main.o(.bss.frame) refers (Special) to _printf_s.o(.ARM.Collect$$_printf_percent$$00000014) for _printf_s
    main.o(.bss.frame) refers (Special) to _printf_str.o(.text) for _printf_str
    main.o(.ARM.use_no_argv) refers (Special) to _printf_d.o(.ARM.Collect$$_printf_percent$$00000009) for _printf_d
    main.o(.ARM.use_no_argv) refers (Special) to _printf_dec.o(.text) for _printf_int_dec
[...]
    USBD_CtlError                            0x08007eb5   Thumb Code    30  usbd_req.o(i.USBD_CtlError)
    USBD_CtlReceiveStatus                    0x08007ed3   Thumb Code    36  usbd_ioreq.o(i.USBD_CtlReceiveStatus)
    USBD_CtlSendData                         0x08007ef7   Thumb Code    46  usbd_ioreq.o(i.USBD_CtlSendData)
    USBD_CtlSendStatus                       0x08007f25   Thumb Code    36  usbd_ioreq.o(i.USBD_CtlSendStatus)
    USBD_OTG_ISR_Handler                     0x0800829d   Thumb Code   224  usb_dcd_int.o(i.USBD_OTG_ISR_Handler)
    USBD_ParseSetupRequest                   0x0800837d   Thumb Code    72  usbd_req.o(i.USBD_ParseSetupRequest)
    USBD_SetCfg                              0x0800849f   Thumb Code    30  usbd_core.o(i.USBD_SetCfg)
    USBD_StdDevReq                           0x08008685   Thumb Code   114  usbd_req.o(i.USBD_StdDevReq)
    USBD_StdEPReq                            0x080086f9   Thumb Code   344  usbd_req.o(i.USBD_StdEPReq)
    USBD_StdItfReq                           0x08008855   Thumb Code    76  usbd_req.o(i.USBD_StdItfReq)
    USB_OTG_EP0Activate                      0x080088c1   Thumb Code   106  usb_core.o(i.USB_OTG_EP0Activate)
    USB_OTG_EP0StartXfer                     0x0800892b   Thumb Code   342  usb_core.o(i.USB_OTG_EP0StartXfer)
    USB_OTG_EP0_OutStart                     0x08008a81   Thumb Code    98  usb_core.o(i.USB_OTG_EP0_OutStart)
    USB_OTG_EPActivate                       0x08008ae3   Thumb Code   152  usb_core.o(i.USB_OTG_EPActivate)
    USB_OTG_EPClearStall                     0x08008b7b   Thumb Code    80  usb_core.o(i.USB_OTG_EPClearStall)
    USB_OTG_EPSetStall                       0x08008bcb   Thumb Code   100  usb_core.o(i.USB_OTG_EPSetStall)
    USB_OTG_EPStartXfer                      0x08008c2f   Thumb Code   502  usb_core.o(i.USB_OTG_EPStartXfer)
    USB_OTG_FlushTxFifo                      0x08008e25   Thumb Code    80  usb_core.o(i.USB_OTG_FlushTxFifo)
    USB_OTG_GetDeviceSpeed                   0x08008e79   Thumb Code    52  usb_core.o(i.USB_OTG_GetDeviceSpeed)
    USB_OTG_GetMode                          0x08008ead   Thumb Code    12  usb_core.o(i.USB_OTG_GetMode)
    USB_OTG_IsDeviceMode                     0x08008eb9   Thumb Code    22  usb_core.o(i.USB_OTG_IsDeviceMode)
    USB_OTG_ReadCoreItr                      0x08008ecf   Thumb Code    16  usb_core.o(i.USB_OTG_ReadCoreItr)
    USB_OTG_ReadDevAllInEPItr                0x08008edf   Thumb Code    16  usb_core.o(i.USB_OTG_ReadDevAllInEPItr)
    USB_OTG_ReadDevAllOutEp_itr              0x08008eef   Thumb Code    16  usb_core.o(i.USB_OTG_ReadDevAllOutEp_itr)
    USB_OTG_ReadDevOutEP_itr                 0x08008eff   Thumb Code    20  usb_core.o(i.USB_OTG_ReadDevOutEP_itr)
    USB_OTG_ReadPacket                       0x08008f13   Thumb Code    40  usb_core.o(i.USB_OTG_ReadPacket)
    USB_OTG_UngateClock                      0x08008f3b   Thumb Code    54  usb_core.o(i.USB_OTG_UngateClock)
    USB_OTG_WritePacket                      0x08008f71   Thumb Code    64  usb_core.o(i.USB_OTG_WritePacket)
    __ARM_fpclassify                         0x08008fb1   Thumb Code    48  fpclassify.o(i.__ARM_fpclassify)
    __hardfp_fabs                            0x08008fe1   Thumb Code    20  fabs.o(i.__hardfp_fabs)
    _get_lc_numeric                          0x08008ff5   Thumb Code    44  lc_numeric_c.o(locale$$code)
    delay_us                                 0x08009021   Thumb Code     0  sp_delay.o(sp_delay)
    delay_ms                                 0x08009033   Thumb Code     0  sp_delay.o(sp_delay)
    __aeabi_d2f                              0x08009045   Thumb Code     0  d2f.o(x$fpl$d2f)
    _d2f                                     0x08009045   Thumb Code    98  d2f.o(x$fpl$d2f)
    __aeabi_dadd                             0x080090a9   Thumb Code     0  daddsub_clz.o(x$fpl$dadd)
    _dadd                                    0x080090a9   Thumb Code   332  daddsub_clz.o(x$fpl$dadd)
    __fpl_dcmp_Inf                           0x080091f9   Thumb Code    24  dcmpi.o(x$fpl$dcmpinf)
    __aeabi_cdcmpeq                          0x08009211   Thumb Code     0  deqf.o(x$fpl$deqf)
    _dcmpeq                                  0x08009211   Thumb Code   120  deqf.o(x$fpl$deqf)
    __aeabi_d2iz                             0x08009289   Thumb Code     0  dfix.o(x$fpl$dfix)
    _dfix                                    0x08009289   Thumb Code    94  dfix.o(x$fpl$dfix)
    __aeabi_i2d                              0x080092e7   Thumb Code     0  dflt_clz.o(x$fpl$dflt)
    _dflt                                    0x080092e7   Thumb Code    46  dflt_clz.o(x$fpl$dflt)
    __aeabi_ui2d                             0x08009315   Thumb Code     0  dflt_clz.o(x$fpl$dfltu)
    _dfltu                                   0x08009315   Thumb Code    38  dflt_clz.o(x$fpl$dfltu)
    __aeabi_cdcmpge                          0x0800933d   Thumb Code     0  dgeqf.o(x$fpl$dgeqf)
    _dcmpge                                  0x0800933d   Thumb Code   120  dgeqf.o(x$fpl$dgeqf)
    __aeabi_cdcmple                          0x080093b5   Thumb Code     0  dleqf.o(x$fpl$dleqf)
    _dcmple                                  0x080093b5   Thumb Code   120  dleqf.o(x$fpl$dleqf)
    __fpl_dcmple_InfNaN                      0x08009417   Thumb Code     0  dleqf.o(x$fpl$dleqf)
    __aeabi_dmul                             0x0800942d   Thumb Code     0  dmul.o(x$fpl$dmul)
    _dmul                                    0x0800942d   Thumb Code   332  dmul.o(x$fpl$dmul)
    __fpl_dnaninf                            0x08009581   Thumb Code   156  dnaninf.o(x$fpl$dnaninf)
    __fpl_dretinf                            0x0800961d   Thumb Code    12  dretinf.o(x$fpl$dretinf)
    __aeabi_dsub                             0x08009629   Thumb Code     0  daddsub_clz.o(x$fpl$dsub)
    _dsub                                    0x08009629   Thumb Code   464  daddsub_clz.o(x$fpl$dsub)
    __aeabi_f2d                              0x080097fd   Thumb Code     0  f2d.o(x$fpl$f2d)
    _f2d                                     0x080097fd   Thumb Code    86  f2d.o(x$fpl$f2d)
    __aeabi_dcmpeq                           0x08009853   Thumb Code     0  dcmp.o(x$fpl$fcmp)
    _deq                                     0x08009853   Thumb Code    14  dcmp.o(x$fpl$fcmp)
    _dneq                                    0x08009861   Thumb Code    14  dcmp.o(x$fpl$fcmp)
    __aeabi_dcmpgt                           0x0800986f   Thumb Code     0  dcmp.o(x$fpl$fcmp)
    _dgr                                     0x0800986f   Thumb Code    14  dcmp.o(x$fpl$fcmp)
    __aeabi_dcmpge                           0x0800987d   Thumb Code     0  dcmp.o(x$fpl$fcmp)
    _dgeq                                    0x0800987d   Thumb Code    14  dcmp.o(x$fpl$fcmp)
    __aeabi_dcmple                           0x0800988b   Thumb Code     0  dcmp.o(x$fpl$fcmp)
    _dleq                                    0x0800988b   Thumb Code    14  dcmp.o(x$fpl$fcmp)
    __aeabi_dcmplt                           0x08009899   Thumb Code     0  dcmp.o(x$fpl$fcmp)
    _dls                                     0x08009899   Thumb Code    14  dcmp.o(x$fpl$fcmp)
    __fpl_fnaninf                            0x080098a7   Thumb Code   140  fnaninf.o(x$fpl$fnaninf)
    _fp_init                                 0x08009933   Thumb Code    10  fpinit.o(x$fpl$fpinit)
    __fplib_config_fpu_vfp                   0x0800993b   Thumb Code     0  fpinit.o(x$fpl$fpinit)
    __fplib_config_pureend_doubles           0x0800993b   Thumb Code     0  fpinit.o(x$fpl$fpinit)
    __fpl_fretinf                            0x0800993d   Thumb Code    10  fretinf.o(x$fpl$fretinf)
    _printf_fp_dec                           0x08009947   Thumb Code     4  printf1.o(x$fpl$printf1)
    __I$use$fp                               0x0800994a   Number         0  usenofp.o(x$fpl$usenofp)
    CRC8_TAB                                 0x080099e0   Data         256  refereeinfo.o(.rodata.CRC8_TAB)
    CRC8_Table                               0x08009ae0   Data         256  frame.o(.rodata.CRC8_Table)
    spCAN                                    0x08009bf8   Data          20  sp_can.o(.rodata.spCAN)
    spDMA                                    0x08009c0c   Data          28  sp_dma.o(.rodata.spDMA)
    spGPIO                                   0x08009c28   Data          40  sp_gpio.o(.rodata.spGPIO)
    spTIMER                                  0x08009c50   Data          20  sp_timer.o(.rodata.spTIMER)
    wCRC_Table                               0x08009c7a   Data         512  refereeinfo.o(.rodata.wCRC_Table)
    Region$$Table$$Base                      0x08009e7c   Number         0  anon$$obj.o(Region$$Table)
    Region$$Table$$Limit                     0x08009e9c   Number         0  anon$$obj.o(Region$$Table)
    SET_TEST_MODE                            0x20000000   Data           4  usbd_core.o(.data)
    USBD_DCD_INT_cb                          0x20000004   Data          44  usbd_core.o(.data)
    USBD_DCD_INT_fops                        0x20000030   Data           4  usbd_core.o(.data)
    USBD_ep_status                           0x20000034   Data           4  usbd_req.o(.data)
    USBD_default_cfg                         0x20000038   Data           4  usbd_req.o(.data)
    USBD_cfg_status                          0x2000003c   Data           4  usbd_req.o(.data)
    __aeabi_stdin                            0x20000054   Data           4  stdio_streams.o(.data)
    __aeabi_stdout                           0x20000058   Data           4  stdio_streams.o(.data)
    __aeabi_stderr                           0x2000005c   Data           4  stdio_streams.o(.data)
    task_inited                              0x20000060   Data           1  sp_task.o(.data..L_MergedGlobals)
    task_counter                             0x20000064   Data           4  sp_task.o(.data..L_MergedGlobals)
    recv                                     0x20000070   Data          28  sp_task.o(.data..L_MergedGlobals)
    Feed_SPEED                               0x20000090   Data           4  sp_shoot.o(.data..L_MergedGlobals)
    COMPENSATE                               0x20000094   Data           4  sp_shoot.o(.data..L_MergedGlobals)
    MAFilter_Threshold                       0x20000098   Data           4  sp_shoot.o(.data..L_MergedGlobals)
    dspd_gain                                0x2000009c   Data           4  sp_shoot.o(.data..L_MergedGlobals)
    dspd_gain2                               0x200000a0   Data           4  sp_shoot.o(.data..L_MergedGlobals)
    Feed_motor                               0x200000a4   Data           4  sp_shoot.o(.data..L_MergedGlobals)
    L_distance                               0x200000b0   Data           2  sp_chasis.o(.data..L_MergedGlobals)
    R_distance                               0x200000b2   Data           2  sp_chasis.o(.data..L_MergedGlobals)
    distance_Threshold                       0x200000b4   Data           2  sp_chasis.o(.data..L_MergedGlobals)
    target_motor201                          0x200000b8   Data           4  sp_chasis.o(.data..L_MergedGlobals)
    target_motor202                          0x200000bc   Data           4  sp_chasis.o(.data..L_MergedGlobals)
    speed                                    0x200000c0   Data           4  sp_chasis.o(.data..L_MergedGlobals)
    chasis_speed                             0x200000c4   Data           4  sp_chasis.o(.data..L_MergedGlobals)
    cruise_speed                             0x200000c8   Data           4  sp_chasis.o(.data..L_MergedGlobals)
    chasis_speed_limit                       0x200000cc   Data           4  sp_chasis.o(.data..L_MergedGlobals)
    chasis_direction                         0x200000d0   Data           4  sp_chasis.o(.data..L_MergedGlobals)
    speedA                                   0x200000d4   Data           4  sp_chasis.o(.data..L_MergedGlobals)
    speedB                                   0x200000d8   Data           4  sp_chasis.o(.data..L_MergedGlobals)
    recv_ex                                  0x200000e4   Data          28  sp_chasis.o(.data..L_MergedGlobals)
    gimbal_inited                            0x20000100   Data           1  gimbal.o(.data..L_MergedGlobals)
    gimbal_yaw_motor                         0x20000104   Data           4  gimbal.o(.data..L_MergedGlobals)
    gimbal_pitch_motor                       0x20000108   Data           4  gimbal.o(.data..L_MergedGlobals)
    GimbalController                         0x20000118   Data           8  gimbal.o(.data..L_MergedGlobals)
    yaw_limit                                0x20000120   Data          28  gimbal.o(.data..L_MergedGlobals)
    spGIMBAL_Controller                      0x2000013c   Data          64  gimbal.o(.data..L_MergedGlobals)
    enemy_area                               0x20000180   Data           1  auto_aim.o(.data..L_MergedGlobals)
    enemy_empty_area                         0x20000181   Data           1  auto_aim.o(.data..L_MergedGlobals)
    auto_aim_flag                            0x20000182   Data           1  auto_aim.o(.data..L_MergedGlobals)
    if_newframe                              0x20000184   Data           4  auto_aim.o(.data..L_MergedGlobals)
    if_if_newframe                           0x20000188   Data           4  auto_aim.o(.data..L_MergedGlobals)
    yaw_aim_limit                            0x2000018c   Data           4  auto_aim.o(.data..L_MergedGlobals)
    pitch_aim_limit                          0x20000190   Data           4  auto_aim.o(.data..L_MergedGlobals)
    fram                                     0x20000194   Data          15  auto_aim.o(.data..L_MergedGlobals)
    frame_ex                                 0x200001a3   Data          15  auto_aim.o(.data..L_MergedGlobals)
    frame_visual                             0x200001b2   Data          15  auto_aim.o(.data..L_MergedGlobals)
    CRC_INIT                                 0x200001c4   Data           2  refereeinfo.o(.data.CRC_INIT)
    SystemCoreClock                          0x200001cc   Data           4  system_stm32f427ii.o(.data.SystemCoreClock)
    USART_Transfer                           0x200001d0   Data         266  sp_task.o(.data.USART_Transfer)
    robotMode                                0x200002da   Data           1  sp_shoot.o(.data.robotMode)
    spDMA_Mem2Mem                            0x200002dc   Data          24  sp_dma.o(.data.spDMA_Mem2Mem)
    spIRQ                                    0x200002f4   Data          12  sp_irq.o(.data.spIRQ)
    spMOTOR                                  0x20000300   Data          80  sp_motor.o(.data.spMOTOR)
    view_buffer                              0x20000350   Data          24  auto_aim.o(.data.view_buffer)
    __stdin                                  0x20000370   Data          84  stdio_streams.o(.bss)
    __stdout                                 0x200003c4   Data          84  stdio_streams.o(.bss)
    __stderr                                 0x20000418   Data          84  stdio_streams.o(.bss)
    __libspace_start                         0x2000046c   Data          96  libspace.o(.bss)
    __temporary_stack_top$libspace           0x200004cc   Data           0  libspace.o(.bss)
    seq_real                                 0x200004d0   Data           1  refereeinfo.o(.bss..L_MergedGlobals)
    ext_game_result                          0x200004d1   Data           1  refereeinfo.o(.bss..L_MergedGlobals)
    ext_buff_musk                            0x200004d2   Data           1  refereeinfo.o(.bss..L_MergedGlobals)
    ext_robot_hurt                           0x200004d3   Data           1  refereeinfo.o(.bss..L_MergedGlobals)
    ext_game_robot_survivors                 0x200004d4   Data           2  refereeinfo.o(.bss..L_MergedGlobals)
    ext_supply_projectile_booking            0x200004d6   Data           2  refereeinfo.o(.bss..L_MergedGlobals)
    aerial_robot_energy                      0x200004d8   Data           2  refereeinfo.o(.bss..L_MergedGlobals)
    cmd_id                                   0x200004da   Data           2  refereeinfo.o(.bss..L_MergedGlobals)
    ext_supply_projectile_action             0x200004dc   Data           3  refereeinfo.o(.bss..L_MergedGlobals)
    message_byte_counter                     0x200004e0   Data           4  refereeinfo.o(.bss..L_MergedGlobals)
    ext_event_data                           0x200004e4   Data           4  refereeinfo.o(.bss..L_MergedGlobals)
    ext_shoot_data                           0x200004e8   Data           6  refereeinfo.o(.bss..L_MergedGlobals)
    ext_student_interactive_header_data      0x200004ee   Data           6  refereeinfo.o(.bss..L_MergedGlobals)
    referee_message                          0x200004f4   Data          64  refereeinfo.o(.bss..L_MergedGlobals)
    __can1_receivers                         0x20000540   Data          64  sp_can.o(.bss..L_MergedGlobals)
    sendtoCom_frame                          0x20000580   Data          15  frame.o(.bss..L_MergedGlobals)
    sendbuffer                               0x2000058f   Data         100  frame.o(.bss..L_MergedGlobals)
    __can2_receivers                         0x20000640   Data          64  sp_can.o(.bss..L_MergedGlobals.1)
    __can1_transmitters                      0x20000680   Data          64  sp_can.o(.bss..L_MergedGlobals.2)
    __can2_transmitters                      0x200006c0   Data          64  sp_can.o(.bss..L_MergedGlobals.3)
    Friction_CH1                             0x20000708   Data         144  sp_shoot.o(.bss.Friction_CH1)
    Friction_CH2                             0x20000798   Data         144  sp_shoot.o(.bss.Friction_CH2)
    Infrared_Flag                            0x2000082a   Data           1  infrared.o(.bss.Infrared_Flag)
    MOTORs                                   0x2000082c   Data        2560  sp_motor.o(.bss.MOTORs)
    RC_Manager                               0x2000122c   Data          55  sp_rc.o(.bss.RC_Manager)
    USB_OTG_dev                              0x20001268   Data        2704  usb.o(.bss.USB_OTG_dev)
    __CHASIS_PositionPID                     0x20001cf8   Data        3328  sp_motor.o(.bss.__CHASIS_PositionPID)
    __CHASIS_SpeedPID                        0x200029f8   Data        3328  sp_motor.o(.bss.__CHASIS_SpeedPID)
    __MOTOR_CAN1_Manager                     0x200036f8   Data         148  sp_motor.o(.bss.__MOTOR_CAN1_Manager)
    __MOTOR_CAN2_Manager                     0x2000378c   Data         148  sp_motor.o(.bss.__MOTOR_CAN2_Manager)
    __stderr_name                            0x20003820   Data         150  sp_usart.o(.bss.__stderr_name)
    __stdin_name                             0x200038b6   Data         150  sp_usart.o(.bss.__stdin_name)
    __stdout_name                            0x2000394c   Data         150  sp_usart.o(.bss.__stdout_name)
    check                                    0x20003a64   Data           4  sp_shoot.o(.bss.check)
    ext_game_robot_pos                       0x20003a68   Data          16  refereeinfo.o(.bss.ext_game_robot_pos)
    ext_game_robot_state                     0x20003a78   Data          15  refereeinfo.o(.bss.ext_game_robot_state)
    ext_power_heat_data                      0x20003a88   Data          14  refereeinfo.o(.bss.ext_power_heat_data)
    referee_buffer                           0x20003a97   Data         128  refereeinfo.o(.bss.referee_buffer)
    spIRQ_CbEntries                          0x20003b18   Data         364  sp_irq.o(.bss.spIRQ_CbEntries)
    spIRQ_CbPool                             0x20003c84   Data        2048  sp_irq.o(.bss.spIRQ_CbPool)
    usart3_buff                              0x20004484   Data         256  gimbal.o(.bss.usart3_buff)



==============================================================================

Memory Map of the image

  Image Entry point : 0x080001ad

  Load Region LR_IROM1 (Base: 0x08000000, Size: 0x0000a230, Max: 0x00200000, ABSOLUTE, COMPRESSED[0x00009ff0])

    Execution Region ER_IROM1 (Exec base: 0x08000000, Load base: 0x08000000, Size: 0x00009eb8, Max: 0x00200000, ABSOLUTE)

    Exec Addr    Load Addr    Size         Type   Attr      Idx    E Section Name        Object

    0x08000000   0x08000000   0x000001ac   Data   RO          974    RESET               startup_stm32f427ii.o
    0x080001ac   0x080001ac   0x00000008   Code   RO         4210  * !!!main             c_w.l(__main.o)
    0x080001b4   0x080001b4   0x00000034   Code   RO         4623    !!!scatter          c_w.l(__scatter.o)
    0x080001e8   0x080001e8   0x0000005a   Code   RO         4621    !!dczerorl2         c_w.l(__dczerorl2.o)
    0x08000242   0x08000242   0x00000002   PAD
    0x08000244   0x08000244   0x0000001c   Code   RO         4625    !!handler_zi        c_w.l(__scatter_zi.o)
    0x08000260   0x08000260   0x00000000   Code   RO         4203    .ARM.Collect$$_printf_percent$$00000000  c_w.l(_printf_percent.o)
    0x08000260   0x08000260   0x00000006   Code   RO         4202    .ARM.Collect$$_printf_percent$$00000003  c_w.l(_printf_f.o)
    0x08000266   0x08000266   0x00000006   Code   RO         4201    .ARM.Collect$$_printf_percent$$00000009  c_w.l(_printf_d.o)
    0x0800026c   0x0800026c   0x00000006   Code   RO         4200    .ARM.Collect$$_printf_percent$$00000014  c_w.l(_printf_s.o)
    0x08000272   0x08000272   0x00000004   Code   RO         4259    .ARM.Collect$$_printf_percent$$00000017  c_w.l(_printf_percent_end.o)
    0x08000276   0x08000276   0x00000002   Code   RO         4442    .ARM.Collect$$libinit$$00000000  c_w.l(libinit.o)
    0x08000278   0x08000278   0x00000004   Code   RO         4443    .ARM.Collect$$libinit$$00000001  c_w.l(libinit2.o)
    0x0800027c   0x0800027c   0x00000000   Code   RO         4446    .ARM.Collect$$libinit$$00000004  c_w.l(libinit2.o)
    0x0800027c   0x0800027c   0x00000008   Code   RO         4447    .ARM.Collect$$libinit$$00000005  c_w.l(libinit2.o)
    0x08000284   0x08000284   0x00000000   Code   RO         4449    .ARM.Collect$$libinit$$0000000A  c_w.l(libinit2.o)
    0x08000284   0x08000284   0x00000000   Code   RO         4451    .ARM.Collect$$libinit$$0000000C  c_w.l(libinit2.o)
    0x08000284   0x08000284   0x00000000   Code   RO         4453    .ARM.Collect$$libinit$$0000000E  c_w.l(libinit2.o)
    0x08000284   0x08000284   0x00000006   Code   RO         4454    .ARM.Collect$$libinit$$0000000F  c_w.l(libinit2.o)
    0x0800028a   0x0800028a   0x00000000   Code   RO         4456    .ARM.Collect$$libinit$$00000011  c_w.l(libinit2.o)
    0x0800028a   0x0800028a   0x00000000   Code   RO         4458    .ARM.Collect$$libinit$$00000013  c_w.l(libinit2.o)
    0x0800028a   0x0800028a   0x00000000   Code   RO         4460    .ARM.Collect$$libinit$$00000015  c_w.l(libinit2.o)
    0x0800028a   0x0800028a   0x0000000a   Code   RO         4461    .ARM.Collect$$libinit$$00000016  c_w.l(libinit2.o)
    0x08000294   0x08000294   0x00000000   Code   RO         4462    .ARM.Collect$$libinit$$00000017  c_w.l(libinit2.o)
    0x08000294   0x08000294   0x00000000   Code   RO         4464    .ARM.Collect$$libinit$$00000019  c_w.l(libinit2.o)
    0x08000294   0x08000294   0x00000000   Code   RO         4466    .ARM.Collect$$libinit$$0000001B  c_w.l(libinit2.o)
    0x08000294   0x08000294   0x00000000   Code   RO         4468    .ARM.Collect$$libinit$$0000001D  c_w.l(libinit2.o)
    0x08000294   0x08000294   0x00000000   Code   RO         4470    .ARM.Collect$$libinit$$0000001F  c_w.l(libinit2.o)
    0x08000294   0x08000294   0x00000000   Code   RO         4472    .ARM.Collect$$libinit$$00000021  c_w.l(libinit2.o)
    0x08000294   0x08000294   0x00000000   Code   RO         4474    .ARM.Collect$$libinit$$00000023  c_w.l(libinit2.o)
    0x08000294   0x08000294   0x00000004   Code   RO         4475    .ARM.Collect$$libinit$$00000024  c_w.l(libinit2.o)
    0x08000298   0x08000298   0x00000000   Code   RO         4476    .ARM.Collect$$libinit$$00000025  c_w.l(libinit2.o)
    0x08000298   0x08000298   0x00000000   Code   RO         4480    .ARM.Collect$$libinit$$0000002C  c_w.l(libinit2.o)
    0x08000298   0x08000298   0x00000000   Code   RO         4482    .ARM.Collect$$libinit$$0000002E  c_w.l(libinit2.o)
    0x08000298   0x08000298   0x00000000   Code   RO         4484    .ARM.Collect$$libinit$$00000030  c_w.l(libinit2.o)
    0x08000298   0x08000298   0x00000000   Code   RO         4486    .ARM.Collect$$libinit$$00000032  c_w.l(libinit2.o)
    0x08000298   0x08000298   0x00000002   Code   RO         4487    .ARM.Collect$$libinit$$00000033  c_w.l(libinit2.o)
    0x0800029a   0x0800029a   0x00000002   Code   RO         4600    .ARM.Collect$$libshutdown$$00000000  c_w.l(libshutdown.o)
    0x0800029c   0x0800029c   0x00000000   Code   RO         4489    .ARM.Collect$$libshutdown$$00000002  c_w.l(libshutdown2.o)
    0x0800029c   0x0800029c   0x00000004   Code   RO         4490    .ARM.Collect$$libshutdown$$00000003  c_w.l(libshutdown2.o)
    0x080002a0   0x080002a0   0x00000000   Code   RO         4491    .ARM.Collect$$libshutdown$$00000004  c_w.l(libshutdown2.o)
    0x080002a0   0x080002a0   0x00000000   Code   RO         4494    .ARM.Collect$$libshutdown$$00000007  c_w.l(libshutdown2.o)
    0x080002a0   0x080002a0   0x00000000   Code   RO         4497    .ARM.Collect$$libshutdown$$0000000A  c_w.l(libshutdown2.o)
    0x080002a0   0x080002a0   0x00000000   Code   RO         4499    .ARM.Collect$$libshutdown$$0000000C  c_w.l(libshutdown2.o)
    0x080002a0   0x080002a0   0x00000000   Code   RO         4502    .ARM.Collect$$libshutdown$$0000000F  c_w.l(libshutdown2.o)
    0x080002a0   0x080002a0   0x00000002   Code   RO         4503    .ARM.Collect$$libshutdown$$00000010  c_w.l(libshutdown2.o)
    0x080002a2   0x080002a2   0x00000000   Code   RO         4244    .ARM.Collect$$rtentry$$00000000  c_w.l(__rtentry.o)
    0x080002a2   0x080002a2   0x00000000   Code   RO         4284    .ARM.Collect$$rtentry$$00000002  c_w.l(__rtentry2.o)
    0x080002a2   0x080002a2   0x00000006   Code   RO         4296    .ARM.Collect$$rtentry$$00000004  c_w.l(__rtentry4.o)
    0x080002a8   0x080002a8   0x00000000   Code   RO         4286    .ARM.Collect$$rtentry$$00000009  c_w.l(__rtentry2.o)
    0x080002a8   0x080002a8   0x00000004   Code   RO         4287    .ARM.Collect$$rtentry$$0000000A  c_w.l(__rtentry2.o)
    0x080002ac   0x080002ac   0x00000000   Code   RO         4289    .ARM.Collect$$rtentry$$0000000C  c_w.l(__rtentry2.o)
    0x080002ac   0x080002ac   0x00000008   Code   RO         4290    .ARM.Collect$$rtentry$$0000000D  c_w.l(__rtentry2.o)
    0x080002b4   0x080002b4   0x00000002   Code   RO         4504    .ARM.Collect$$rtexit$$00000000  c_w.l(rtexit.o)
    0x080002b6   0x080002b6   0x00000000   Code   RO         4550    .ARM.Collect$$rtexit$$00000002  c_w.l(rtexit2.o)
    0x080002b6   0x080002b6   0x00000004   Code   RO         4551    .ARM.Collect$$rtexit$$00000003  c_w.l(rtexit2.o)
    0x080002ba   0x080002ba   0x00000006   Code   RO         4552    .ARM.Collect$$rtexit$$00000004  c_w.l(rtexit2.o)
    0x080002c0   0x080002c0   0x00000040   Code   RO          975    .text               startup_stm32f427ii.o
    0x08000300   0x08000300   0x00000018   Code   RO         4166    .text               c_w.l(__2printf.o)
    0x08000318   0x08000318   0x0000002c   Code   RO         4168    .text               c_w.l(__2sprintf.o)
    0x08000344   0x08000344   0x00000068   Code   RO         4174    .text               c_w.l(__printf.o)
    0x080003ac   0x080003ac   0x00000052   Code   RO         4176    .text               c_w.l(_printf_str.o)
    0x080003fe   0x080003fe   0x00000002   PAD
    0x08000400   0x08000400   0x00000078   Code   RO         4178    .text               c_w.l(_printf_dec.o)
    0x08000478   0x08000478   0x0000008a   Code   RO         4204    .text               c_w.l(rt_memcpy_v6.o)
    0x08000502   0x08000502   0x0000004e   Code   RO         4206    .text               c_w.l(rt_memclr_w.o)
    0x08000550   0x08000550   0x00000006   Code   RO         4208    .text               c_w.l(heapauxi.o)
    0x08000556   0x08000556   0x000000b2   Code   RO         4245    .text               c_w.l(_printf_intcommon.o)
    0x08000608   0x08000608   0x0000041c   Code   RO         4247    .text               c_w.l(_printf_fp_dec.o)
    0x08000a24   0x08000a24   0x00000030   Code   RO         4251    .text               c_w.l(_printf_char_common.o)
    0x08000a54   0x08000a54   0x0000000a   Code   RO         4253    .text               c_w.l(_sputc.o)
    0x08000a5e   0x08000a5e   0x0000002c   Code   RO         4255    .text               c_w.l(_printf_char.o)
    0x08000a8a   0x08000a8a   0x00000002   PAD
    0x08000a8c   0x08000a8c   0x00000024   Code   RO         4257    .text               c_w.l(_printf_char_file.o)
    0x08000ab0   0x08000ab0   0x00000064   Code   RO         4266    .text               c_w.l(rt_memcpy_w.o)
    0x08000b14   0x08000b14   0x00000008   Code   RO         4301    .text               c_w.l(rt_locale_intlibspace.o)
    0x08000b1c   0x08000b1c   0x0000008a   Code   RO         4303    .text               c_w.l(lludiv10.o)
    0x08000ba6   0x08000ba6   0x00000002   PAD
    0x08000ba8   0x08000ba8   0x00000080   Code   RO         4305    .text               c_w.l(_printf_fp_infnan.o)
    0x08000c28   0x08000c28   0x000000e4   Code   RO         4309    .text               c_w.l(bigflt0.o)
    0x08000d0c   0x08000d0c   0x00000008   Code   RO         4336    .text               c_w.l(ferror.o)
    0x08000d14   0x08000d14   0x00000138   Code   RO         4338    .text               c_w.l(initio.o)
    0x08000e4c   0x08000e4c   0x00000008   Code   RO         4353    .text               c_w.l(libspace.o)
    0x08000e54   0x08000e54   0x0000004a   Code   RO         4358    .text               c_w.l(sys_stackheap_outer.o)
    0x08000e9e   0x08000e9e   0x0000004e   Code   RO         4362    .text               c_w.l(h1_free.o)
    0x08000eec   0x08000eec   0x00000046   Code   RO         4418    .text               c_w.l(setvbuf.o)
    0x08000f32   0x08000f32   0x00000002   PAD
    0x08000f34   0x08000f34   0x000000ec   Code   RO         4421    .text               c_w.l(fopen.o)
    0x08001020   0x08001020   0x0000004c   Code   RO         4423    .text               c_w.l(fclose.o)
    0x0800106c   0x0800106c   0x00000012   Code   RO         4429    .text               c_w.l(exit.o)
    0x0800107e   0x0800107e   0x0000000e   Code   RO         4431    .text               c_w.l(defsig_rtred_outer.o)
    0x0800108c   0x0800108c   0x00000004   PAD
    0x08001090   0x08001090   0x0000007c   Code   RO         4435    .text               c_w.l(strcmpv7em.o)
    0x0800110c   0x0800110c   0x00000008   Code   RO         4511    .text               c_w.l(rt_heap_descriptor_intlibspace.o)
    0x08001114   0x08001114   0x00000004   Code   RO         4513    .text               c_w.l(hguard.o)
    0x08001118   0x08001118   0x0000008a   Code   RO         4515    .text               c_w.l(init_alloc.o)
    0x080011a2   0x080011a2   0x0000005e   Code   RO         4521    .text               c_w.l(h1_alloc.o)
    0x08001200   0x08001200   0x000000f8   Code   RO         4537    .text               c_w.l(fseek.o)
    0x080012f8   0x080012f8   0x000000f0   Code   RO         4539    .text               c_w.l(stdio.o)
    0x080013e8   0x080013e8   0x0000000a   Code   RO         4541    .text               c_w.l(defsig_exit.o)
    0x080013f2   0x080013f2   0x00000002   PAD
    0x080013f4   0x080013f4   0x00000034   Code   RO         4543    .text               c_w.l(defsig_rtred_inner.o)
    0x08001428   0x08001428   0x00000000   Code   RO         4556    .text               c_w.l(maybetermalloc1.o)
    0x08001428   0x08001428   0x0000000e   Code   RO         4558    .text               c_w.l(h1_init.o)
    0x08001436   0x08001436   0x00000034   Code   RO         4560    .text               c_w.l(h1_extend.o)
    0x0800146a   0x0800146a   0x00000042   Code   RO         4566    .text               c_w.l(ftell.o)
    0x080014ac   0x080014ac   0x00000032   Code   RO         4570    .text               c_w.l(defsig_general.o)
    0x080014de   0x080014de   0x0000000e   Code   RO         4572    .text               c_w.l(defsig_rtmem_outer.o)
    0x080014ec   0x080014ec   0x00000008   Code   RO         4588    .text               c_w.l(rt_errno_addr_intlibspace.o)
    0x080014f4   0x080014f4   0x00000050   Code   RO         4594    .text               c_w.l(defsig_rtmem_inner.o)
    0x08001544   0x08001544   0x000000dc   Code   RO          754    .text.Auto_aim      auto_aim.o
    0x08001620   0x08001620   0x0000006c   Code   RO          756    .text.Autoaim_Init  auto_aim.o
    0x0800168c   0x0800168c   0x0000004c   Code   RO          758    .text.Autoaim_USART_Interface  auto_aim.o
    0x080016d8   0x080016d8   0x00000090   Code   RO           69    .text.Buzzer_Init   sp_utility.o
    0x08001768   0x08001768   0x000000b0   Code   RO          680    .text.CAN1_Init     sp_can.o
    0x08001818   0x08001818   0x00000064   Code   RO          676    .text.CAN1_RX0_IRQHandler  sp_can.o
    0x0800187c   0x0800187c   0x000000bc   Code   RO          682    .text.CAN2_Init     sp_can.o
    0x08001938   0x08001938   0x0000005c   Code   RO          678    .text.CAN2_RX1_IRQHandler  sp_can.o
    0x08001994   0x08001994   0x00000050   Code   RO          690    .text.CAN_RegistReceiver  sp_can.o
    0x080019e4   0x080019e4   0x00000050   Code   RO          692    .text.CAN_RegistTransmitter  sp_can.o
    0x08001a34   0x08001a34   0x0000000a   Code   RO          696    .text.CAN_SendMsg   sp_can.o
    0x08001a3e   0x08001a3e   0x00000002   PAD
    0x08001a40   0x08001a40   0x00000068   Code   RO          131    .text.CHASIS_AddMonitor  sp_motor.o
    0x08001aa8   0x08001aa8   0x000000bc   Code   RO          133    .text.CHASIS_EnableMotor  sp_motor.o
    0x08001b64   0x08001b64   0x00000038   Code   RO          141    .text.CHASIS_GetMotor  sp_motor.o
    0x08001b9c   0x08001b9c   0x0000003c   Code   RO          137    .text.CHASIS_SetMotorPosition  sp_motor.o
    0x08001bd8   0x08001bd8   0x00000044   Code   RO          139    .text.CHASIS_SetMotorRelativePosition  sp_motor.o
    0x08001c1c   0x08001c1c   0x0000004c   Code   RO          135    .text.CHASIS_SetMotorSpeed  sp_motor.o
    0x08001c68   0x08001c68   0x00000038   Code   RO          303    .text.DMA1_Stream6_IRQHandler  sp_shoot.o
    0x08001ca0   0x08001ca0   0x00000020   Code   RO          384    .text.DMA2_Stream5_IRQHandler  sp_irq.o
    0x08001cc0   0x08001cc0   0x00000078   Code   RO          649    .text.DMA_ClearStreamFlagBit  sp_dma.o
    0x08001d38   0x08001d38   0x00000050   Code   RO          659    .text.DMA_CopyMem2Mem  sp_dma.o
    0x08001d88   0x08001d88   0x00000074   Code   RO          651    .text.DMA_GetStreamFlagBit  sp_dma.o
    0x08001dfc   0x08001dfc   0x00000094   Code   RO          653    .text.DMA_InitNull  sp_dma.o
    0x08001e90   0x08001e90   0x00000028   Code   RO          661    .text.DMA_ResetCounter  sp_dma.o
    0x08001eb8   0x08001eb8   0x00000056   Code   RO          657    .text.DMA_Restart   sp_dma.o
    0x08001f0e   0x08001f0e   0x00000048   Code   RO          655    .text.DMA_Start     sp_dma.o
    0x08001f56   0x08001f56   0x00000002   PAD
    0x08001f58   0x08001f58   0x000000f4   Code   RO          605    .text.DMA_USART_RX_Config  sp_usart.o
    0x0800204c   0x0800204c   0x000000c4   Code   RO          603    .text.DMA_USART_TX_Config  sp_usart.o
    0x08002110   0x08002110   0x00000010   Code   RO          380    .text.EXTI0_IRQHandler  sp_irq.o
    0x08002120   0x08002120   0x00000020   Code   RO          382    .text.EXTI9_5_IRQHandler  sp_irq.o
    0x08002140   0x08002140   0x00000014   Code   RO          315    .text.Feed_Motor_BACK  sp_shoot.o
    0x08002154   0x08002154   0x00000004   PAD
    0x08002158   0x08002158   0x000000dc   Code   RO          317    .text.Feed_Motor_Looper  sp_shoot.o
    0x08002234   0x08002234   0x00000094   Code   RO          305    .text.Friction_Init  sp_shoot.o
    0x080022c8   0x080022c8   0x000000c8   Code   RO          307    .text.Friction_Looper  sp_shoot.o
    0x08002390   0x08002390   0x0000004c   Code   RO          501    .text.GIMBAL_CRUISE_PID_Init  gimbal.o
    0x080023dc   0x080023dc   0x000000c4   Code   RO          479    .text.GIMBAL_ControlInit  gimbal.o
    0x080024a0   0x080024a0   0x000000b8   Code   RO          481    .text.GIMBAL_ControlLooper  gimbal.o
    0x08002558   0x08002558   0x000000c4   Code   RO          495    .text.GIMBAL_MiddleLooper  gimbal.o
    0x0800261c   0x0800261c   0x00000054   Code   RO          497    .text.GIMBAL_PID_Init  gimbal.o
    0x08002670   0x08002670   0x00000314   Code   RO          483    .text.GIMBAL_State  gimbal.o
    0x08002984   0x08002984   0x0000000c   Code   RO          485    .text.GIMBAL_Update  gimbal.o
    0x08002990   0x08002990   0x00000008   Code   RO          487    .text.GIMBAL_UpdatePitch  gimbal.o
    0x08002998   0x08002998   0x00000008   Code   RO          489    .text.GIMBAL_UpdateYaw  gimbal.o
    0x080029a0   0x080029a0   0x00000060   Code   RO          491    .text.GIMBAL_Update_Limit  gimbal.o
    0x08002a00   0x08002a00   0x0000006c   Code   RO          493    .text.GIMBAL_Update_enemy_Location  gimbal.o
    0x08002a6c   0x08002a6c   0x0000004c   Code   RO          499    .text.GIMBAL_VISUAL_PID_Init  gimbal.o
    0x08002ab8   0x08002ab8   0x0000002e   Code   RO          629    .text.GPIO_AF_Config  sp_gpio.o
    0x08002ae6   0x08002ae6   0x00000022   Code   RO          631    .text.GPIO_AN_Config  sp_gpio.o
    0x08002b08   0x08002b08   0x0000000a   Code   RO          633    .text.GPIO_ChangeOutput  sp_gpio.o
    0x08002b12   0x08002b12   0x0000002e   Code   RO          623    .text.GPIO_Config   sp_gpio.o
    0x08002b40   0x08002b40   0x0000002c   Code   RO          627    .text.GPIO_IN_Config  sp_gpio.o
    0x08002b6c   0x08002b6c   0x0000002e   Code   RO          625    .text.GPIO_OUT_Config  sp_gpio.o
    0x08002b9a   0x08002b9a   0x00000002   PAD
    0x08002b9c   0x08002b9c   0x00000080   Code   RO          621    .text.GPIO_RCC      sp_gpio.o
    0x08002c1c   0x08002c1c   0x0000001c   Code   RO          635    .text.GPIO_SetMode  sp_gpio.o
    0x08002c38   0x08002c38   0x0000002c   Code   RO         1048    .text.Get_Adc1      infrared.o
    0x08002c64   0x08002c64   0x00000038   Code   RO          212    .text.Get_CRC16_Check_Sum  refereeinfo.o
    0x08002c9c   0x08002c9c   0x0000002c   Code   RO          980    .text.IIC_Init      i2c.o
    0x08002cc8   0x08002cc8   0x00000048   Code   RO          414    .text.IRQ_Invoke    sp_irq.o
    0x08002d10   0x08002d10   0x0000003c   Code   RO          410    .text.IRQ_ManagerInit  sp_irq.o
    0x08002d4c   0x08002d4c   0x00000058   Code   RO          412    .text.IRQ_Regeiste  sp_irq.o
    0x08002da4   0x08002da4   0x00000080   Code   RO         1044    .text.Infrared_Init  infrared.o
    0x08002e24   0x08002e24   0x0000001c   Code   RO         1046    .text.Infrared_Update  infrared.o
    0x08002e40   0x08002e40   0x00000030   Code   RO           75    .text.Led8_Configuration  sp_utility.o
    0x08002e70   0x08002e70   0x00000068   Code   RO           73    .text.Led_Configuration  sp_utility.o
    0x08002ed8   0x08002ed8   0x000000d4   Code   RO          149    .text.MOTOR_ControlInit  sp_motor.o
    0x08002fac   0x08002fac   0x00000198   Code   RO          151    .text.MOTOR_ControlLooper  sp_motor.o
    0x08003144   0x08003144   0x0000006c   Code   RO          127    .text.MOTOR_RM_GetInstance  sp_motor.o
    0x080031b0   0x080031b0   0x00000006   Code   RO          129    .text.MOTOR_SetDataResolve  sp_motor.o
    0x080031b6   0x080031b6   0x00000002   PAD
    0x080031b8   0x080031b8   0x000000a8   Code   RO          519    .text.MovingAverageFilter_f32  sp_filter.o
    0x08003260   0x08003260   0x0000001c   Code   RO           65    .text.NVIC_IRQEnable  sp_utility.o
    0x0800327c   0x0800327c   0x00000008   Code   RO          916    .text.OTG_FS_IRQHandler  usb_bsp.o
    0x08003284   0x08003284   0x0000002c   Code   RO          918    .text.OTG_FS_WKUP_IRQHandler  usb_bsp.o
    0x080032b0   0x080032b0   0x00000308   Code   RO          454    .text.PID_ControllerDriver  sp_pid.o
    0x080035b8   0x080035b8   0x000000d4   Code   RO          450    .text.PID_ControllerInit  sp_pid.o
    0x0800368c   0x0800368c   0x00000006   Code   RO          462    .text.PID_SetGains  sp_pid.o
    0x08003692   0x08003692   0x00000002   PAD
    0x08003694   0x08003694   0x000000e0   Code   RO          295    .text.PWM_Output    sp_shoot.o
    0x08003774   0x08003774   0x00000014   Code   RO           45    .text.PendSV_Handler  sp_task.o
    0x08003788   0x08003788   0x00000034   Code   RO           77    .text.Power_Configuration  sp_utility.o
    0x080037bc   0x080037bc   0x00000038   Code   RO          186    .text.RC_GetState   sp_rc.o
    0x080037f4   0x080037f4   0x00000028   Code   RO          180    .text.RC_OnBusIdle  sp_rc.o
    0x0800381c   0x0800381c   0x00000028   Code   RO          176    .text.RC_OnError    sp_rc.o
    0x08003844   0x08003844   0x0000002c   Code   RO          178    .text.RC_OnRecovery  sp_rc.o
    0x08003870   0x08003870   0x00000054   Code   RO          182    .text.RC_ReceiverChecker  sp_rc.o
    0x080038c4   0x080038c4   0x000000a0   Code   RO          184    .text.RC_ReceiverInit  sp_rc.o
    0x08003964   0x08003964   0x00000010   Code   RO          188    .text.RC_isValid    sp_rc.o
    0x08003974   0x08003974   0x0000004c   Code   RO          309    .text.Shooting_Control_Init  sp_shoot.o
    0x080039c0   0x080039c0   0x000000e4   Code   RO          319    .text.Shooting_Control_Looper  sp_shoot.o
    0x08003aa4   0x08003aa4   0x00000118   Code   RO          956    .text.SystemInit    system_stm32f427ii.o
    0x08003bbc   0x08003bbc   0x00000070   Code   RO           41    .text.TASK_Backend  sp_task.o
    0x08003c2c   0x08003c2c   0x000001a4   Code   RO           39    .text.TASK_ControlLooper  sp_task.o
    0x08003dd0   0x08003dd0   0x00000020   Code   RO           35    .text.TASK_Enable   sp_task.o
    0x08003df0   0x08003df0   0x00000008   Code   RO           25    .text.TASK_GetMilliSecond  sp_task.o
    0x08003df8   0x08003df8   0x00000038   Code   RO           27    .text.TASK_GetSecond  sp_task.o
    0x08003e30   0x08003e30   0x000000e8   Code   RO           37    .text.TASK_GlobalInit  sp_task.o
    0x08003f18   0x08003f18   0x0000006c   Code   RO           33    .text.TASK_Start    sp_task.o
    0x08003f84   0x08003f84   0x00000078   Code   RO           47    .text.TASK_TimerInit  sp_task.o
    0x08003ffc   0x08003ffc   0x00000010   Code   RO          402    .text.TIM1_TRG_COM_TIM11_IRQHandler  sp_irq.o
    0x0800400c   0x0800400c   0x0000008c   Code   RO          297    .text.TIM2_IRQHandler  sp_shoot.o
    0x08004098   0x08004098   0x00000010   Code   RO          404    .text.TIM8_BRK_TIM12_IRQHandler  sp_irq.o
    0x080040a8   0x080040a8   0x00000010   Code   RO          408    .text.TIM8_TRG_COM_TIM14_IRQHandler  sp_irq.o
    0x080040b8   0x080040b8   0x0000001c   Code   RO          406    .text.TIM8_UP_TIM13_IRQHandler  sp_irq.o
    0x080040d4   0x080040d4   0x0000003c   Code   RO          719    .text.TIM_GetDuty   sp_timer.o
    0x08004110   0x08004110   0x00000144   Code   RO          715    .text.TIM_Init      sp_timer.o
    0x08004254   0x08004254   0x00000168   Code   RO          723    .text.TIM_PWM_OutputInit  sp_timer.o
    0x080043bc   0x080043bc   0x0000005c   Code   RO          717    .text.TIM_SetDuty   sp_timer.o
    0x08004418   0x08004418   0x000000a0   Code   RO          721    .text.TIM_SetFrequency  sp_timer.o
    0x080044b8   0x080044b8   0x00000014   Code   RO          392    .text.UART4_IRQHandler  sp_irq.o
    0x080044cc   0x080044cc   0x00000014   Code   RO          394    .text.UART5_IRQHandler  sp_irq.o
    0x080044e0   0x080044e0   0x00000010   Code   RO          398    .text.UART7_IRQHandler  sp_irq.o
    0x080044f0   0x080044f0   0x00000010   Code   RO          400    .text.UART8_IRQHandler  sp_irq.o
    0x08004500   0x08004500   0x00000010   Code   RO          386    .text.USART1_IRQHandler  sp_irq.o
    0x08004510   0x08004510   0x00000010   Code   RO          388    .text.USART2_IRQHandler  sp_irq.o
    0x08004520   0x08004520   0x00000010   Code   RO          390    .text.USART3_IRQHandler  sp_irq.o
    0x08004530   0x08004530   0x0000001c   Code   RO          396    .text.USART6_IRQHandler  sp_irq.o
    0x0800454c   0x0800454c   0x00000198   Code   RO          599    .text.USART_RX_Config  sp_usart.o
    0x080046e4   0x080046e4   0x00000070   Code   RO          595    .text.USART_SetBaudrate  sp_usart.o
    0x08004754   0x08004754   0x00000170   Code   RO          597    .text.USART_TX_Config  sp_usart.o
    0x080048c4   0x080048c4   0x00000002   Code   RO          910    .text.USB_OTG_BSP_uDelay  usb_bsp.o
    0x080048c6   0x080048c6   0x00000002   PAD
    0x080048c8   0x080048c8   0x00000044   Code   RO          214    .text.Verify_CRC16_Check_Sum  refereeinfo.o
    0x0800490c   0x0800490c   0x00000048   Code   RO          208    .text.Verify_CRC8_Check_Sum  refereeinfo.o
    0x08004954   0x08004954   0x00000030   Code   RO          256    .text.Verify_frame  refereeinfo.o
    0x08004984   0x08004984   0x00000032   Code   RO          688    .text.__CAN_SendMsg  sp_can.o
    0x080049b6   0x080049b6   0x00000002   PAD
    0x080049b8   0x080049b8   0x00000040   Code   RO          145    .text.__CHASIS_GetStopSatus  sp_motor.o
    0x080049f8   0x080049f8   0x00000038   Code   RO          147    .text.__CHASIS_Start  sp_motor.o
    0x08004a30   0x08004a30   0x00000050   Code   RO          143    .text.__CHASIS_Stop  sp_motor.o
    0x08004a80   0x08004a80   0x000000cc   Code   RO          123    .text.__MOTOR_DataResolve_GM3510  sp_motor.o
    0x08004b4c   0x08004b4c   0x00000004   PAD
    0x08004b50   0x08004b50   0x00000120   Code   RO          119    .text.__MOTOR_DataResolve_RM2006  sp_motor.o
    0x08004c70   0x08004c70   0x00000124   Code   RO          117    .text.__MOTOR_DataResolve_RM3510_3508  sp_motor.o
    0x08004d94   0x08004d94   0x00000004   PAD
    0x08004d98   0x08004d98   0x000000e8   Code   RO          121    .text.__MOTOR_DataResolve_RM6xxx  sp_motor.o
    0x08004e80   0x08004e80   0x00000012   Code   RO          105    .text.__MOTOR_Destroy  sp_motor.o
    0x08004e92   0x08004e92   0x00000016   Code   RO          103    .text.__MOTOR_Init  sp_motor.o
    0x08004ea8   0x08004ea8   0x0000007c   Code   RO          125    .text.__MOTOR_MountCAN  sp_motor.o
    0x08004f24   0x08004f24   0x00000008   Code   RO          111    .text.__MOTOR_SetOutputLimit  sp_motor.o
    0x08004f2c   0x08004f2c   0x00000006   Code   RO          115    .text.__MOTOR_SetPositionPID  sp_motor.o
    0x08004f32   0x08004f32   0x00000006   Code   RO          113    .text.__MOTOR_SetSpeedPID  sp_motor.o
    0x08004f38   0x08004f38   0x00000008   Code   RO          107    .text.__MOTOR_SetTarget  sp_motor.o
    0x08004f40   0x08004f40   0x00000010   Code   RO          109    .text.__MOTOR_SetTargetDelta  sp_motor.o
    0x08004f50   0x08004f50   0x0000002c   Code   RO          174    .text.__RC_DataClear  sp_rc.o
    0x08004f7c   0x08004f7c   0x00000220   Code   RO          172    .text.__RC_DataConvert  sp_rc.o
    0x0800519c   0x0800519c   0x00000004   Code   RO          569    .text._sys_close    sp_usart.o
    0x080051a0   0x080051a0   0x00000002   Code   RO          565    .text._sys_exit     sp_usart.o
    0x080051a2   0x080051a2   0x00000004   Code   RO          581    .text._sys_flen     sp_usart.o
    0x080051a6   0x080051a6   0x00000004   Code   RO          575    .text._sys_istty    sp_usart.o
    0x080051aa   0x080051aa   0x00000004   Code   RO          567    .text._sys_open     sp_usart.o
    0x080051ae   0x080051ae   0x00000004   Code   RO          577    .text._sys_seek     sp_usart.o
    0x080051b2   0x080051b2   0x00000004   Code   RO          571    .text._sys_write    sp_usart.o
    0x080051b6   0x080051b6   0x00000004   Code   RO          585    .text._ttywrch      sp_usart.o
    0x080051ba   0x080051ba   0x00000002   PAD
    0x080051bc   0x080051bc   0x00000024   Code   RO            4    .text.assert_failed  main.o
    0x080051e0   0x080051e0   0x00000024   Code   RO          779    .text.crc8Check     frame.o
    0x08005204   0x08005204   0x00000004   PAD
    0x08005208   0x08005208   0x00000094   Code   RO          153    .text.deadzone_gain  sp_motor.o
    0x0800529c   0x0800529c   0x000000b0   Code   RO          299    .text.dmaFrictionUpdata  sp_shoot.o
    0x0800534c   0x0800534c   0x00000014   Code   RO          242    .text.ext_game_robot_pos_interpret  refereeinfo.o
    0x08005360   0x08005360   0x00000048   Code   RO          238    .text.ext_game_robot_state_interpret  refereeinfo.o
    0x080053a8   0x080053a8   0x0000001c   Code   RO          240    .text.ext_power_heat_data_interpret  refereeinfo.o
    0x080053c4   0x080053c4   0x00000014   Code   RO          593    .text.fputc         sp_usart.o
    0x080053d8   0x080053d8   0x000000f8   Code   RO          258    .text.frame_interpret  refereeinfo.o
    0x080054d0   0x080054d0   0x0000007c   Code   RO          202    .text.init_referee_info  refereeinfo.o
    0x0800554c   0x0800554c   0x000000d8   Code   RO          301    .text.looperUpdateFriction  sp_shoot.o
    0x08005624   0x08005624   0x0000029c   Code   RO            2    .text.main          main.o
    0x080058c0   0x080058c0   0x00000018   Code   RO          785    .text.packFrame     frame.o
    0x080058d8   0x080058d8   0x00000040   Code   RO          791    .text.sendtoComputerInit  frame.o
    0x08005918   0x08005918   0x00000040   Code   RO          684    .text.spCAN_Init    sp_can.o
    0x08005958   0x08005958   0x00000090   Code   RO          686    .text.spCAN_MsgSendLoop  sp_can.o
    0x080059e8   0x080059e8   0x00000010   Code   RO           19    .text.spClockHandler  sp_task.o
    0x080059f8   0x080059f8   0x00000010   Code   RO           29    .text.spPortEnterCritical  sp_task.o
    0x08005a08   0x08005a08   0x0000003c   Code   RO           31    .text.spPortExitCritical  sp_task.o
    0x08005a44   0x08005a44   0x0000002e   Code   RO          783    .text.unpackFrame   frame.o
    0x08005a72   0x08005a72   0x00000002   PAD
    0x08005a74   0x08005a74   0x00000038   Code   RO          204    .text.update_from_dma  refereeinfo.o
    0x08005aac   0x08005aac   0x0000003e   Code   RO         4312    CL$$btod_d2e        c_w.l(btod.o)
    0x08005aea   0x08005aea   0x00000046   Code   RO         4314    CL$$btod_d2e_denorm_low  c_w.l(btod.o)
    0x08005b30   0x08005b30   0x00000060   Code   RO         4313    CL$$btod_d2e_norm_op1  c_w.l(btod.o)
    0x08005b90   0x08005b90   0x00000338   Code   RO         4322    CL$$btod_div_common  c_w.l(btod.o)
    0x08005ec8   0x08005ec8   0x000000dc   Code   RO         4319    CL$$btod_e2e        c_w.l(btod.o)
    0x08005fa4   0x08005fa4   0x0000002a   Code   RO         4316    CL$$btod_ediv       c_w.l(btod.o)
    0x08005fce   0x08005fce   0x0000002a   Code   RO         4315    CL$$btod_emul       c_w.l(btod.o)
    0x08005ff8   0x08005ff8   0x00000244   Code   RO         4321    CL$$btod_mult_common  c_w.l(btod.o)
    0x0800623c   0x0800623c   0x00000016   Code   RO         3858    i.ADC_Cmd           STM32F427_StdPeriph_Driver.lib(stm32f4xx_adc.o)
    0x08006252   0x08006252   0x00000002   PAD
    0x08006254   0x08006254   0x00000030   Code   RO         3859    i.ADC_CommonInit    STM32F427_StdPeriph_Driver.lib(stm32f4xx_adc.o)
    0x08006284   0x08006284   0x00000008   Code   RO         3870    i.ADC_GetConversionValue  STM32F427_StdPeriph_Driver.lib(stm32f4xx_adc.o)
    0x0800628c   0x0800628c   0x00000012   Code   RO         3871    i.ADC_GetFlagStatus  STM32F427_StdPeriph_Driver.lib(stm32f4xx_adc.o)
    0x0800629e   0x0800629e   0x00000002   PAD
    0x080062a0   0x080062a0   0x00000054   Code   RO         3878    i.ADC_Init          STM32F427_StdPeriph_Driver.lib(stm32f4xx_adc.o)
    0x080062f4   0x080062f4   0x000000b8   Code   RO         3883    i.ADC_RegularChannelConfig  STM32F427_StdPeriph_Driver.lib(stm32f4xx_adc.o)
    0x080063ac   0x080063ac   0x0000000a   Code   RO         3885    i.ADC_SoftwareStartConv  STM32F427_StdPeriph_Driver.lib(stm32f4xx_adc.o)
    0x080063b6   0x080063b6   0x00000002   PAD
    0x080063b8   0x080063b8   0x000000a8   Code   RO         2063    i.CAN_ClearITPendingBit  STM32F427_StdPeriph_Driver.lib(stm32f4xx_can.o)
    0x08006460   0x08006460   0x00000108   Code   RO         2067    i.CAN_FilterInit    STM32F427_StdPeriph_Driver.lib(stm32f4xx_can.o)
    0x08006568   0x08006568   0x00000120   Code   RO         2069    i.CAN_GetITStatus   STM32F427_StdPeriph_Driver.lib(stm32f4xx_can.o)
    0x08006688   0x08006688   0x00000012   Code   RO         2073    i.CAN_ITConfig      STM32F427_StdPeriph_Driver.lib(stm32f4xx_can.o)
    0x0800669a   0x0800669a   0x00000114   Code   RO         2074    i.CAN_Init          STM32F427_StdPeriph_Driver.lib(stm32f4xx_can.o)
    0x080067ae   0x080067ae   0x000000f0   Code   RO         2077    i.CAN_Receive       STM32F427_StdPeriph_Driver.lib(stm32f4xx_can.o)
    0x0800689e   0x0800689e   0x00000126   Code   RO         2082    i.CAN_Transmit      STM32F427_StdPeriph_Driver.lib(stm32f4xx_can.o)
    0x080069c4   0x080069c4   0x00000012   Code   RO         2085    i.CheckITStatus     STM32F427_StdPeriph_Driver.lib(stm32f4xx_can.o)
    0x080069d6   0x080069d6   0x00000048   Code   RO         1755    i.DCD_EP_ClrStall   SP19_USB.lib(usb_dcd.o)
    0x08006a1e   0x08006a1e   0x00000068   Code   RO         1757    i.DCD_EP_Open       SP19_USB.lib(usb_dcd.o)
    0x08006a86   0x08006a86   0x00000052   Code   RO         1758    i.DCD_EP_PrepareRx  SP19_USB.lib(usb_dcd.o)
    0x08006ad8   0x08006ad8   0x0000001c   Code   RO         1759    i.DCD_EP_SetAddress  SP19_USB.lib(usb_dcd.o)
    0x08006af4   0x08006af4   0x00000048   Code   RO         1760    i.DCD_EP_Stall      SP19_USB.lib(usb_dcd.o)
    0x08006b3c   0x08006b3c   0x0000004e   Code   RO         1761    i.DCD_EP_Tx         SP19_USB.lib(usb_dcd.o)
    0x08006b8a   0x08006b8a   0x00000066   Code   RO         1848    i.DCD_HandleEnumDone_ISR  SP19_USB.lib(usb_dcd_int.o)
    0x08006bf0   0x08006bf0   0x00000144   Code   RO         1849    i.DCD_HandleInEP_ISR  SP19_USB.lib(usb_dcd_int.o)
    0x08006d34   0x08006d34   0x00000100   Code   RO         1850    i.DCD_HandleOutEP_ISR  SP19_USB.lib(usb_dcd_int.o)
    0x08006e34   0x08006e34   0x00000068   Code   RO         1851    i.DCD_HandleResume_ISR  SP19_USB.lib(usb_dcd_int.o)
    0x08006e9c   0x08006e9c   0x000000b0   Code   RO         1852    i.DCD_HandleRxStatusQueueLevel_ISR  SP19_USB.lib(usb_dcd_int.o)
    0x08006f4c   0x08006f4c   0x0000002c   Code   RO         1853    i.DCD_HandleSof_ISR  SP19_USB.lib(usb_dcd_int.o)
    0x08006f78   0x08006f78   0x000000a8   Code   RO         1854    i.DCD_HandleUSBSuspend_ISR  SP19_USB.lib(usb_dcd_int.o)
    0x08007020   0x08007020   0x00000104   Code   RO         1855    i.DCD_HandleUsbReset_ISR  SP19_USB.lib(usb_dcd_int.o)
    0x08007124   0x08007124   0x0000002c   Code   RO         1856    i.DCD_IsoINIncomplete_ISR  SP19_USB.lib(usb_dcd_int.o)
    0x08007150   0x08007150   0x0000002c   Code   RO         1857    i.DCD_IsoOUTIncomplete_ISR  SP19_USB.lib(usb_dcd_int.o)
    0x0800717c   0x0800717c   0x00000028   Code   RO         1858    i.DCD_ReadDevInEP   SP19_USB.lib(usb_dcd_int.o)
    0x080071a4   0x080071a4   0x00000090   Code   RO         1859    i.DCD_WriteEmptyTxFifo  SP19_USB.lib(usb_dcd_int.o)
    0x08007234   0x08007234   0x00000034   Code   RO         2228    i.DMA_ClearFlag     STM32F427_StdPeriph_Driver.lib(stm32f4xx_dma.o)
    0x08007268   0x08007268   0x00000034   Code   RO         2229    i.DMA_ClearITPendingBit  STM32F427_StdPeriph_Driver.lib(stm32f4xx_dma.o)
    0x0800729c   0x0800729c   0x00000016   Code   RO         2230    i.DMA_Cmd           STM32F427_StdPeriph_Driver.lib(stm32f4xx_dma.o)
    0x080072b2   0x080072b2   0x00000002   PAD
    0x080072b4   0x080072b4   0x00000158   Code   RO         2231    i.DMA_DeInit        STM32F427_StdPeriph_Driver.lib(stm32f4xx_dma.o)
    0x0800740c   0x0800740c   0x00000014   Code   RO         2235    i.DMA_GetCmdStatus  STM32F427_StdPeriph_Driver.lib(stm32f4xx_dma.o)
    0x08007420   0x08007420   0x00000064   Code   RO         2240    i.DMA_GetITStatus   STM32F427_StdPeriph_Driver.lib(stm32f4xx_dma.o)
    0x08007484   0x08007484   0x0000003a   Code   RO         2241    i.DMA_ITConfig      STM32F427_StdPeriph_Driver.lib(stm32f4xx_dma.o)
    0x080074be   0x080074be   0x00000002   PAD
    0x080074c0   0x080074c0   0x00000058   Code   RO         2242    i.DMA_Init          STM32F427_StdPeriph_Driver.lib(stm32f4xx_dma.o)
    0x08007518   0x08007518   0x00000004   Code   RO         2245    i.DMA_SetCurrDataCounter  STM32F427_StdPeriph_Driver.lib(stm32f4xx_dma.o)
    0x0800751c   0x0800751c   0x0000000c   Code   RO         2361    i.EXTI_ClearITPendingBit  STM32F427_StdPeriph_Driver.lib(stm32f4xx_exti.o)
    0x08007528   0x08007528   0x00000018   Code   RO         2365    i.EXTI_GetITStatus  STM32F427_StdPeriph_Driver.lib(stm32f4xx_exti.o)
    0x08007540   0x08007540   0x00000090   Code   RO         2427    i.GPIO_Init         STM32F427_StdPeriph_Driver.lib(stm32f4xx_gpio.o)
    0x080075d0   0x080075d0   0x00000046   Code   RO         2428    i.GPIO_PinAFConfig  STM32F427_StdPeriph_Driver.lib(stm32f4xx_gpio.o)
    0x08007616   0x08007616   0x00000012   Code   RO         2431    i.GPIO_ReadInputDataBit  STM32F427_StdPeriph_Driver.lib(stm32f4xx_gpio.o)
    0x08007628   0x08007628   0x00000012   Code   RO         2433    i.GPIO_ReadOutputDataBit  STM32F427_StdPeriph_Driver.lib(stm32f4xx_gpio.o)
    0x0800763a   0x0800763a   0x00000004   Code   RO         2434    i.GPIO_ResetBits    STM32F427_StdPeriph_Driver.lib(stm32f4xx_gpio.o)
    0x0800763e   0x0800763e   0x00000004   Code   RO         2435    i.GPIO_SetBits      STM32F427_StdPeriph_Driver.lib(stm32f4xx_gpio.o)
    0x08007642   0x08007642   0x00000008   Code   RO         2437    i.GPIO_ToggleBits   STM32F427_StdPeriph_Driver.lib(stm32f4xx_gpio.o)
    0x0800764a   0x0800764a   0x00000002   PAD
    0x0800764c   0x0800764c   0x00000078   Code   RO         1936    i.NVIC_Init         STM32F427_StdPeriph_Driver.lib(misc.o)
    0x080076c4   0x080076c4   0x00000014   Code   RO         1937    i.NVIC_PriorityGroupConfig  STM32F427_StdPeriph_Driver.lib(misc.o)
    0x080076d8   0x080076d8   0x00000020   Code   RO         2528    i.RCC_AHB1PeriphClockCmd  STM32F427_StdPeriph_Driver.lib(stm32f4xx_rcc.o)
    0x080076f8   0x080076f8   0x00000020   Code   RO         2531    i.RCC_AHB2PeriphClockCmd  STM32F427_StdPeriph_Driver.lib(stm32f4xx_rcc.o)
    0x08007718   0x08007718   0x00000020   Code   RO         2537    i.RCC_APB1PeriphClockCmd  STM32F427_StdPeriph_Driver.lib(stm32f4xx_rcc.o)
    0x08007738   0x08007738   0x00000020   Code   RO         2540    i.RCC_APB2PeriphClockCmd  STM32F427_StdPeriph_Driver.lib(stm32f4xx_rcc.o)
    0x08007758   0x08007758   0x00000020   Code   RO         2542    i.RCC_APB2PeriphResetCmd  STM32F427_StdPeriph_Driver.lib(stm32f4xx_rcc.o)
    0x08007778   0x08007778   0x000000e8   Code   RO         2549    i.RCC_GetClocksFreq  STM32F427_StdPeriph_Driver.lib(stm32f4xx_rcc.o)
    0x08007860   0x08007860   0x00000024   Code   RO         4100    i.RNG_Cmd           STM32F427_StdPeriph_Driver.lib(stm32f4xx_rng.o)
    0x08007884   0x08007884   0x00000018   Code   RO         3098    i.TIM_ARRPreloadConfig  STM32F427_StdPeriph_Driver.lib(stm32f4xx_tim.o)
    0x0800789c   0x0800789c   0x00000006   Code   RO         3105    i.TIM_ClearITPendingBit  STM32F427_StdPeriph_Driver.lib(stm32f4xx_tim.o)
    0x080078a2   0x080078a2   0x00000018   Code   RO         3110    i.TIM_Cmd           STM32F427_StdPeriph_Driver.lib(stm32f4xx_tim.o)
    0x080078ba   0x080078ba   0x0000001e   Code   RO         3112    i.TIM_CtrlPWMOutputs  STM32F427_StdPeriph_Driver.lib(stm32f4xx_tim.o)
    0x080078d8   0x080078d8   0x00000022   Code   RO         3131    i.TIM_GetITStatus   STM32F427_StdPeriph_Driver.lib(stm32f4xx_tim.o)
    0x080078fa   0x080078fa   0x00000012   Code   RO         3135    i.TIM_ITConfig      STM32F427_StdPeriph_Driver.lib(stm32f4xx_tim.o)
    0x0800790c   0x0800790c   0x0000007c   Code   RO         3139    i.TIM_OC1Init       STM32F427_StdPeriph_Driver.lib(stm32f4xx_tim.o)
    0x08007988   0x08007988   0x00000012   Code   RO         3142    i.TIM_OC1PreloadConfig  STM32F427_StdPeriph_Driver.lib(stm32f4xx_tim.o)
    0x0800799a   0x0800799a   0x00000002   PAD
    0x0800799c   0x0800799c   0x000000a4   Code   RO         3144    i.TIM_OC2Init       STM32F427_StdPeriph_Driver.lib(stm32f4xx_tim.o)
    0x08007a40   0x08007a40   0x0000001a   Code   RO         3147    i.TIM_OC2PreloadConfig  STM32F427_StdPeriph_Driver.lib(stm32f4xx_tim.o)
    0x08007a5a   0x08007a5a   0x00000002   PAD
    0x08007a5c   0x08007a5c   0x000000a0   Code   RO         3149    i.TIM_OC3Init       STM32F427_StdPeriph_Driver.lib(stm32f4xx_tim.o)
    0x08007afc   0x08007afc   0x00000012   Code   RO         3152    i.TIM_OC3PreloadConfig  STM32F427_StdPeriph_Driver.lib(stm32f4xx_tim.o)
    0x08007b0e   0x08007b0e   0x00000002   PAD
    0x08007b10   0x08007b10   0x00000078   Code   RO         3154    i.TIM_OC4Init       STM32F427_StdPeriph_Driver.lib(stm32f4xx_tim.o)
    0x08007b88   0x08007b88   0x0000001a   Code   RO         3156    i.TIM_OC4PreloadConfig  STM32F427_StdPeriph_Driver.lib(stm32f4xx_tim.o)
    0x08007ba2   0x08007ba2   0x00000004   Code   RO         3172    i.TIM_SetCompare1   STM32F427_StdPeriph_Driver.lib(stm32f4xx_tim.o)
    0x08007ba6   0x08007ba6   0x00000004   Code   RO         3173    i.TIM_SetCompare2   STM32F427_StdPeriph_Driver.lib(stm32f4xx_tim.o)
    0x08007baa   0x08007baa   0x00000004   Code   RO         3174    i.TIM_SetCompare3   STM32F427_StdPeriph_Driver.lib(stm32f4xx_tim.o)
    0x08007bae   0x08007bae   0x00000004   Code   RO         3175    i.TIM_SetCompare4   STM32F427_StdPeriph_Driver.lib(stm32f4xx_tim.o)
    0x08007bb2   0x08007bb2   0x00000002   PAD
    0x08007bb4   0x08007bb4   0x00000084   Code   RO         3182    i.TIM_TimeBaseInit  STM32F427_StdPeriph_Driver.lib(stm32f4xx_tim.o)
    0x08007c38   0x08007c38   0x00000012   Code   RO         3660    i.USART_ClearFlag   STM32F427_StdPeriph_Driver.lib(stm32f4xx_usart.o)
    0x08007c4a   0x08007c4a   0x0000001e   Code   RO         3661    i.USART_ClearITPendingBit  STM32F427_StdPeriph_Driver.lib(stm32f4xx_usart.o)
    0x08007c68   0x08007c68   0x00000018   Code   RO         3664    i.USART_Cmd         STM32F427_StdPeriph_Driver.lib(stm32f4xx_usart.o)
    0x08007c80   0x08007c80   0x00000012   Code   RO         3665    i.USART_DMACmd      STM32F427_StdPeriph_Driver.lib(stm32f4xx_usart.o)
    0x08007c92   0x08007c92   0x00000054   Code   RO         3668    i.USART_GetITStatus  STM32F427_StdPeriph_Driver.lib(stm32f4xx_usart.o)
    0x08007ce6   0x08007ce6   0x0000004a   Code   RO         3670    i.USART_ITConfig    STM32F427_StdPeriph_Driver.lib(stm32f4xx_usart.o)
    0x08007d30   0x08007d30   0x000000d4   Code   RO         3671    i.USART_Init        STM32F427_StdPeriph_Driver.lib(stm32f4xx_usart.o)
    0x08007e04   0x08007e04   0x00000016   Code   RO         3677    i.USART_OverSampling8Cmd  STM32F427_StdPeriph_Driver.lib(stm32f4xx_usart.o)
    0x08007e1a   0x08007e1a   0x00000016   Code   RO         1064    i.USBD_ClrCfg       SP19_USB.lib(usbd_core.o)
    0x08007e30   0x08007e30   0x00000048   Code   RO         1339    i.USBD_ClrFeature   SP19_USB.lib(usbd_req.o)
    0x08007e78   0x08007e78   0x0000001e   Code   RO         1276    i.USBD_CtlContinueRx  SP19_USB.lib(usbd_ioreq.o)
    0x08007e96   0x08007e96   0x0000001e   Code   RO         1277    i.USBD_CtlContinueSendData  SP19_USB.lib(usbd_ioreq.o)
    0x08007eb4   0x08007eb4   0x0000001e   Code   RO         1340    i.USBD_CtlError     SP19_USB.lib(usbd_req.o)
    0x08007ed2   0x08007ed2   0x00000024   Code   RO         1279    i.USBD_CtlReceiveStatus  SP19_USB.lib(usbd_ioreq.o)
    0x08007ef6   0x08007ef6   0x0000002e   Code   RO         1280    i.USBD_CtlSendData  SP19_USB.lib(usbd_ioreq.o)
    0x08007f24   0x08007f24   0x00000024   Code   RO         1281    i.USBD_CtlSendStatus  SP19_USB.lib(usbd_ioreq.o)
    0x08007f48   0x08007f48   0x000000d0   Code   RO         1065    i.USBD_DataInStage  SP19_USB.lib(usbd_core.o)
    0x08008018   0x08008018   0x00000096   Code   RO         1066    i.USBD_DataOutStage  SP19_USB.lib(usbd_core.o)
    0x080080ae   0x080080ae   0x00000002   PAD
    0x080080b0   0x080080b0   0x00000054   Code   RO         1341    i.USBD_GetConfig    SP19_USB.lib(usbd_req.o)
    0x08008104   0x08008104   0x00000122   Code   RO         1342    i.USBD_GetDescriptor  SP19_USB.lib(usbd_req.o)
    0x08008226   0x08008226   0x00000002   PAD
    0x08008228   0x08008228   0x00000050   Code   RO         1344    i.USBD_GetStatus    SP19_USB.lib(usbd_req.o)
    0x08008278   0x08008278   0x00000012   Code   RO         1069    i.USBD_IsoINIncomplete  SP19_USB.lib(usbd_core.o)
    0x0800828a   0x0800828a   0x00000012   Code   RO         1070    i.USBD_IsoOUTIncomplete  SP19_USB.lib(usbd_core.o)
    0x0800829c   0x0800829c   0x000000e0   Code   RO         1860    i.USBD_OTG_ISR_Handler  SP19_USB.lib(usb_dcd_int.o)
    0x0800837c   0x0800837c   0x00000048   Code   RO         1346    i.USBD_ParseSetupRequest  SP19_USB.lib(usbd_req.o)
    0x080083c4   0x080083c4   0x00000032   Code   RO         1071    i.USBD_Reset        SP19_USB.lib(usbd_core.o)
    0x080083f6   0x080083f6   0x0000001e   Code   RO         1072    i.USBD_Resume       SP19_USB.lib(usbd_core.o)
    0x08008414   0x08008414   0x00000014   Code   RO         1073    i.USBD_RunTestMode  SP19_USB.lib(usbd_core.o)
    0x08008428   0x08008428   0x0000001a   Code   RO         1074    i.USBD_SOF          SP19_USB.lib(usbd_core.o)
    0x08008442   0x08008442   0x0000005c   Code   RO         1347    i.USBD_SetAddress   SP19_USB.lib(usbd_req.o)
    0x0800849e   0x0800849e   0x0000001e   Code   RO         1075    i.USBD_SetCfg       SP19_USB.lib(usbd_core.o)
    0x080084bc   0x080084bc   0x000000d0   Code   RO         1348    i.USBD_SetConfig    SP19_USB.lib(usbd_req.o)
    0x0800858c   0x0800858c   0x000000a4   Code   RO         1349    i.USBD_SetFeature   SP19_USB.lib(usbd_req.o)
    0x08008630   0x08008630   0x00000054   Code   RO         1076    i.USBD_SetupStage   SP19_USB.lib(usbd_core.o)
    0x08008684   0x08008684   0x00000072   Code   RO         1350    i.USBD_StdDevReq    SP19_USB.lib(usbd_req.o)
    0x080086f6   0x080086f6   0x00000002   PAD
    0x080086f8   0x080086f8   0x0000015c   Code   RO         1351    i.USBD_StdEPReq     SP19_USB.lib(usbd_req.o)
    0x08008854   0x08008854   0x0000004c   Code   RO         1352    i.USBD_StdItfReq    SP19_USB.lib(usbd_req.o)
    0x080088a0   0x080088a0   0x00000020   Code   RO         1077    i.USBD_Suspend      SP19_USB.lib(usbd_core.o)
    0x080088c0   0x080088c0   0x0000006a   Code   RO         1449    i.USB_OTG_EP0Activate  SP19_USB.lib(usb_core.o)
    0x0800892a   0x0800892a   0x00000156   Code   RO         1450    i.USB_OTG_EP0StartXfer  SP19_USB.lib(usb_core.o)
    0x08008a80   0x08008a80   0x00000062   Code   RO         1451    i.USB_OTG_EP0_OutStart  SP19_USB.lib(usb_core.o)
    0x08008ae2   0x08008ae2   0x00000098   Code   RO         1452    i.USB_OTG_EPActivate  SP19_USB.lib(usb_core.o)
    0x08008b7a   0x08008b7a   0x00000050   Code   RO         1453    i.USB_OTG_EPClearStall  SP19_USB.lib(usb_core.o)
    0x08008bca   0x08008bca   0x00000064   Code   RO         1455    i.USB_OTG_EPSetStall  SP19_USB.lib(usb_core.o)
    0x08008c2e   0x08008c2e   0x000001f6   Code   RO         1456    i.USB_OTG_EPStartXfer  SP19_USB.lib(usb_core.o)
    0x08008e24   0x08008e24   0x00000054   Code   RO         1462    i.USB_OTG_FlushTxFifo  SP19_USB.lib(usb_core.o)
    0x08008e78   0x08008e78   0x00000034   Code   RO         1463    i.USB_OTG_GetDeviceSpeed  SP19_USB.lib(usb_core.o)
    0x08008eac   0x08008eac   0x0000000c   Code   RO         1465    i.USB_OTG_GetMode   SP19_USB.lib(usb_core.o)
    0x08008eb8   0x08008eb8   0x00000016   Code   RO         1472    i.USB_OTG_IsDeviceMode  SP19_USB.lib(usb_core.o)
    0x08008ece   0x08008ece   0x00000010   Code   RO         1475    i.USB_OTG_ReadCoreItr  SP19_USB.lib(usb_core.o)
    0x08008ede   0x08008ede   0x00000010   Code   RO         1476    i.USB_OTG_ReadDevAllInEPItr  SP19_USB.lib(usb_core.o)
    0x08008eee   0x08008eee   0x00000010   Code   RO         1477    i.USB_OTG_ReadDevAllOutEp_itr  SP19_USB.lib(usb_core.o)
    0x08008efe   0x08008efe   0x00000014   Code   RO         1478    i.USB_OTG_ReadDevOutEP_itr  SP19_USB.lib(usb_core.o)
    0x08008f12   0x08008f12   0x00000028   Code   RO         1482    i.USB_OTG_ReadPacket  SP19_USB.lib(usb_core.o)
    0x08008f3a   0x08008f3a   0x00000036   Code   RO         1489    i.USB_OTG_UngateClock  SP19_USB.lib(usb_core.o)
    0x08008f70   0x08008f70   0x00000040   Code   RO         1490    i.USB_OTG_WritePacket  SP19_USB.lib(usb_core.o)
    0x08008fb0   0x08008fb0   0x00000030   Code   RO         4351    i.__ARM_fpclassify  m_wm.l(fpclassify.o)
    0x08008fe0   0x08008fe0   0x00000014   Code   RO         4238    i.__hardfp_fabs     m_wm.l(fabs.o)
    0x08008ff4   0x08008ff4   0x0000002c   Code   RO         4345    locale$$code        c_w.l(lc_numeric_c.o)
    0x08009020   0x08009020   0x00000024   Code   RO          535    sp_delay            sp_delay.o
    0x08009044   0x08009044   0x00000062   Code   RO         4212    x$fpl$d2f           fz_wm.l(d2f.o)
    0x080090a6   0x080090a6   0x00000002   PAD
    0x080090a8   0x080090a8   0x00000150   Code   RO         4214    x$fpl$dadd          fz_wm.l(daddsub_clz.o)
    0x080091f8   0x080091f8   0x00000018   Code   RO         4347    x$fpl$dcmpinf       fz_wm.l(dcmpi.o)
    0x08009210   0x08009210   0x00000078   Code   RO         4268    x$fpl$deqf          fz_wm.l(deqf.o)
    0x08009288   0x08009288   0x0000005e   Code   RO         4222    x$fpl$dfix          fz_wm.l(dfix.o)
    0x080092e6   0x080092e6   0x0000002e   Code   RO         4227    x$fpl$dflt          fz_wm.l(dflt_clz.o)
    0x08009314   0x08009314   0x00000026   Code   RO         4226    x$fpl$dfltu         fz_wm.l(dflt_clz.o)
    0x0800933a   0x0800933a   0x00000002   PAD
    0x0800933c   0x0800933c   0x00000078   Code   RO         4270    x$fpl$dgeqf         fz_wm.l(dgeqf.o)
    0x080093b4   0x080093b4   0x00000078   Code   RO         4272    x$fpl$dleqf         fz_wm.l(dleqf.o)
    0x0800942c   0x0800942c   0x00000154   Code   RO         4232    x$fpl$dmul          fz_wm.l(dmul.o)
    0x08009580   0x08009580   0x0000009c   Code   RO         4274    x$fpl$dnaninf       fz_wm.l(dnaninf.o)
    0x0800961c   0x0800961c   0x0000000c   Code   RO         4276    x$fpl$dretinf       fz_wm.l(dretinf.o)
    0x08009628   0x08009628   0x000001d4   Code   RO         4216    x$fpl$dsub          fz_wm.l(daddsub_clz.o)
    0x080097fc   0x080097fc   0x00000056   Code   RO         4234    x$fpl$f2d           fz_wm.l(f2d.o)
    0x08009852   0x08009852   0x00000054   Code   RO         4220    x$fpl$fcmp          fz_wm.l(dcmp.o)
    0x080098a6   0x080098a6   0x0000008c   Code   RO         4278    x$fpl$fnaninf       fz_wm.l(fnaninf.o)
    0x08009932   0x08009932   0x0000000a   Code   RO         4547    x$fpl$fpinit        fz_wm.l(fpinit.o)
    0x0800993c   0x0800993c   0x0000000a   Code   RO         4280    x$fpl$fretinf       fz_wm.l(fretinf.o)
    0x08009946   0x08009946   0x00000004   Code   RO         4236    x$fpl$printf1       fz_wm.l(printf1.o)
    0x0800994a   0x0800994a   0x00000000   Code   RO         4282    x$fpl$usenofp       fz_wm.l(usenofp.o)
    0x0800994a   0x0800994a   0x00000002   PAD
    0x0800994c   0x0800994c   0x00000094   Data   RO         4310    .constdata          c_w.l(bigflt0.o)
    0x080099e0   0x080099e0   0x00000100   Data   RO          272    .rodata.CRC8_TAB    refereeinfo.o
    0x08009ae0   0x08009ae0   0x00000100   Data   RO          802    .rodata.CRC8_Table  frame.o
    0x08009be0   0x08009be0   0x00000010   Data   RO          419    .rodata.cst16       sp_irq.o
    0x08009bf0   0x08009bf0   0x00000008   Data   RO          504    .rodata.cst4        gimbal.o
    0x08009bf8   0x08009bf8   0x00000014   Data   RO          699    .rodata.spCAN       sp_can.o
    0x08009c0c   0x08009c0c   0x0000001c   Data   RO          664    .rodata.spDMA       sp_dma.o
    0x08009c28   0x08009c28   0x00000028   Data   RO          637    .rodata.spGPIO      sp_gpio.o
    0x08009c50   0x08009c50   0x00000014   Data   RO          725    .rodata.spTIMER     sp_timer.o
    0x08009c64   0x08009c64   0x00000016   Data   RO          698    .rodata.str1.1      sp_can.o
    0x08009c7a   0x08009c7a   0x00000200   Data   RO          274    .rodata.wCRC_Table  refereeinfo.o
    0x08009e7a   0x08009e7a   0x00000002   PAD
    0x08009e7c   0x08009e7c   0x00000020   Data   RO         4619    Region$$Table       anon$$obj.o
    0x08009e9c   0x08009e9c   0x0000001c   Data   RO         4344    locale$$data        c_w.l(lc_numeric_c.o)


    Execution Region RW_IRAM1 (Exec base: 0x20000000, Load base: 0x08009ec0, Size: 0x00004b88, Max: 0x00030000, ABSOLUTE, COMPRESSED[0x00000130])

    Exec Addr    Load Addr    Size         Type   Attr      Idx    E Section Name        Object

    0x20000000   COMPRESSED   0x00000034   Data   RW         1078    .data               SP19_USB.lib(usbd_core.o)
    0x20000034   COMPRESSED   0x0000000d   Data   RW         1354    .data               SP19_USB.lib(usbd_req.o)
    0x20000041   COMPRESSED   0x00000010   Data   RW         2581    .data               STM32F427_StdPeriph_Driver.lib(stm32f4xx_rcc.o)
    0x20000051   COMPRESSED   0x00000003   PAD
    0x20000054   COMPRESSED   0x00000004   Data   RW         4263    .data               c_w.l(stdio_streams.o)
    0x20000058   COMPRESSED   0x00000004   Data   RW         4264    .data               c_w.l(stdio_streams.o)
    0x2000005c   COMPRESSED   0x00000004   Data   RW         4265    .data               c_w.l(stdio_streams.o)
    0x20000060   COMPRESSED   0x0000002c   Data   RW           52    .data..L_MergedGlobals  sp_task.o
    0x2000008c   COMPRESSED   0x00000004   PAD
    0x20000090   COMPRESSED   0x0000001c   Data   RW          332    .data..L_MergedGlobals  sp_shoot.o
    0x200000ac   COMPRESSED   0x00000004   PAD
    0x200000b0   COMPRESSED   0x00000050   Data   RW          367    .data..L_MergedGlobals  sp_chasis.o
    0x20000100   COMPRESSED   0x0000007c   Data   RW          506    .data..L_MergedGlobals  gimbal.o
    0x2000017c   COMPRESSED   0x00000004   PAD
    0x20000180   COMPRESSED   0x00000044   Data   RW          765    .data..L_MergedGlobals  auto_aim.o
    0x200001c4   COMPRESSED   0x00000002   Data   RW          273    .data.CRC_INIT      refereeinfo.o
    0x200001c6   COMPRESSED   0x00000002   PAD
    0x200001c8   COMPRESSED   0x00000004   Data   RW          331    .data.Cooling_tickets  sp_shoot.o
    0x200001cc   COMPRESSED   0x00000004   Data   RW          960    .data.SystemCoreClock  system_stm32f427ii.o
    0x200001d0   COMPRESSED   0x0000010a   Data   RW           50    .data.USART_Transfer  sp_task.o
    0x200002da   COMPRESSED   0x00000001   Data   RW          321    .data.robotMode     sp_shoot.o
    0x200002db   COMPRESSED   0x00000001   PAD
    0x200002dc   COMPRESSED   0x00000018   Data   RW          663    .data.spDMA_Mem2Mem  sp_dma.o
    0x200002f4   COMPRESSED   0x0000000c   Data   RW          416    .data.spIRQ         sp_irq.o
    0x20000300   COMPRESSED   0x00000050   Data   RW          160    .data.spMOTOR       sp_motor.o
    0x20000350   COMPRESSED   0x00000018   Data   RW          764    .data.view_buffer   auto_aim.o
    0x20000368   COMPRESSED   0x00000008   PAD
    0x20000370        -       0x00000054   Zero   RW         4260    .bss                c_w.l(stdio_streams.o)
    0x200003c4        -       0x00000054   Zero   RW         4261    .bss                c_w.l(stdio_streams.o)
    0x20000418        -       0x00000054   Zero   RW         4262    .bss                c_w.l(stdio_streams.o)
    0x2000046c        -       0x00000060   Zero   RW         4354    .bss                c_w.l(libspace.o)
    0x200004cc   COMPRESSED   0x00000004   PAD
    0x200004d0        -       0x00000064   Zero   RW          281    .bss..L_MergedGlobals  refereeinfo.o
    0x20000534   COMPRESSED   0x0000000c   PAD
    0x20000540        -       0x00000040   Zero   RW          700    .bss..L_MergedGlobals  sp_can.o
    0x20000580        -       0x00000073   Zero   RW          805    .bss..L_MergedGlobals  frame.o
    0x200005f3   COMPRESSED   0x00000001   PAD
    0x200005f4        -       0x0000000c   Zero   RW           53    .bss..L_MergedGlobals.1  sp_task.o
    0x20000600        -       0x0000002c   Zero   RW          333    .bss..L_MergedGlobals.1  sp_shoot.o
    0x2000062c        -       0x0000000c   Zero   RW          507    .bss..L_MergedGlobals.1  gimbal.o
    0x20000638   COMPRESSED   0x00000008   PAD
    0x20000640        -       0x00000040   Zero   RW          701    .bss..L_MergedGlobals.1  sp_can.o
    0x20000680        -       0x00000040   Zero   RW          702    .bss..L_MergedGlobals.2  sp_can.o
    0x200006c0        -       0x00000040   Zero   RW          703    .bss..L_MergedGlobals.3  sp_can.o
    0x20000700        -       0x00000001   Zero   RW          330    .bss.Feed_Motor_Looper.stop_flag  sp_shoot.o
    0x20000701   COMPRESSED   0x00000007   PAD
    0x20000708        -       0x00000090   Zero   RW          323    .bss.Friction_CH1   sp_shoot.o
    0x20000798        -       0x00000090   Zero   RW          324    .bss.Friction_CH2   sp_shoot.o
    0x20000828        -       0x00000002   Zero   RW          505    .bss.GIMBAL_MiddleLooper.pass_flag  gimbal.o
    0x2000082a        -       0x00000001   Zero   RW         1050    .bss.Infrared_Flag  infrared.o
    0x2000082b   COMPRESSED   0x00000001   PAD
    0x2000082c        -       0x00000a00   Zero   RW          155    .bss.MOTORs         sp_motor.o
    0x2000122c        -       0x00000037   Zero   RW          190    .bss.RC_Manager     sp_rc.o
    0x20001263   COMPRESSED   0x00000001   PAD
    0x20001264        -       0x00000002   Zero   RW           51    .bss.TASK_Backend.tick_init  sp_task.o
    0x20001266   COMPRESSED   0x00000002   PAD
    0x20001268        -       0x00000a90   Zero   RW          885    .bss.USB_OTG_dev    usb.o
    0x20001cf8        -       0x00000d00   Zero   RW          159    .bss.__CHASIS_PositionPID  sp_motor.o
    0x200029f8        -       0x00000d00   Zero   RW          158    .bss.__CHASIS_SpeedPID  sp_motor.o
    0x200036f8        -       0x00000094   Zero   RW          156    .bss.__MOTOR_CAN1_Manager  sp_motor.o
    0x2000378c        -       0x00000094   Zero   RW          157    .bss.__MOTOR_CAN2_Manager  sp_motor.o
    0x20003820        -       0x00000096   Zero   RW          609    .bss.__stderr_name  sp_usart.o
    0x200038b6        -       0x00000096   Zero   RW          607    .bss.__stdin_name   sp_usart.o
    0x2000394c        -       0x00000096   Zero   RW          608    .bss.__stdout_name  sp_usart.o
    0x200039e2        -       0x00000080   Zero   RW          763    .bss.__view_buffer  auto_aim.o
    0x20003a62   COMPRESSED   0x00000002   PAD
    0x20003a64        -       0x00000004   Zero   RW          328    .bss.check          sp_shoot.o
    0x20003a68        -       0x00000010   Zero   RW          269    .bss.ext_game_robot_pos  refereeinfo.o
    0x20003a78        -       0x0000000f   Zero   RW          278    .bss.ext_game_robot_state  refereeinfo.o
    0x20003a87   COMPRESSED   0x00000001   PAD
    0x20003a88        -       0x0000000e   Zero   RW          270    .bss.ext_power_heat_data  refereeinfo.o
    0x20003a96        -       0x00000001   Zero   RW          329    .bss.frictionState  sp_shoot.o
    0x20003a97        -       0x00000080   Zero   RW          268    .bss.referee_buffer  refereeinfo.o
    0x20003b17   COMPRESSED   0x00000001   PAD
    0x20003b18        -       0x0000016c   Zero   RW          417    .bss.spIRQ_CbEntries  sp_irq.o
    0x20003c84        -       0x00000800   Zero   RW          418    .bss.spIRQ_CbPool   sp_irq.o
    0x20004484        -       0x00000100   Zero   RW          503    .bss.usart3_buff    gimbal.o
    0x20004584        -       0x00000002   Zero   RW           49    .bss.uxCriticalNesting  sp_task.o
    0x20004586   COMPRESSED   0x00000002   PAD
    0x20004588        -       0x00000200   Zero   RW          973    HEAP                startup_stm32f427ii.o
    0x20004788        -       0x00000400   Zero   RW          972    STACK               startup_stm32f427ii.o


==============================================================================

Image component sizes


      Code (inc. data)   RO Data    RW Data    ZI Data      Debug   Object Name

       404         32          0         92        128       5178   auto_aim.o
       170         16        256          0        115       4171   frame.o
      1832        320          8        124        270      10654   gimbal.o
        44          8          0          0          0       4221   i2c.o
       200          8          0          0          1       3522   infrared.o
       704         68          0          0          0       3126   main.o
       792         68        768          2        273      15360   refereeinfo.o
       984         52         42          0        256       8937   sp_can.o
         0          0          0         80          0       9990   sp_chasis.o
        36          0          0          0          0        268   sp_delay.o
       662         24         28         24          0       4935   sp_dma.o
       168          4          0          0          0       2060   sp_filter.o
       382         16         40          0          0       4718   sp_gpio.o
       524         72         16         12       2412       7515   sp_irq.o
      2858        288          0         80       9512      15323   sp_motor.o
       994         44          0          0          0       7213   sp_pid.o
      1028         76          0          0         55       6563   sp_rc.o
      1704        192          0         33        338      12945   sp_shoot.o
      1200        136          0        310         16      10549   sp_task.o
       996         92         20          0          0       5433   sp_timer.o
      1378         80          0          0        450       8021   sp_usart.o
       376         52          0          0          0       7147   sp_utility.o
        64         26        428          0       1536        820   startup_stm32f427ii.o
       280         24          0          4          0       3551   system_stm32f427ii.o
         0          0          0          0       2704       7933   usb.o
        54          8          0          0          0      11742   usb_bsp.o

    ----------------------------------------------------------------------
     17868       1718       1640        776      18112     181895   Object Totals
         0          0         32          0          0          0   (incl. Generated)
        34         12          2         15         46          0   (incl. Padding)

    ----------------------------------------------------------------------

      Code (inc. data)   RO Data    RW Data    ZI Data      Debug   Library Member Name

      1776          4          0          0          0      13343   usb_core.o
       436          0          0          0          0       4782   usb_dcd.o
      1930         50          0          0          0       9731   usb_dcd_int.o
       688          6          0         52          0      33562   usbd_core.o
       178          0          0          0          0       3988   usbd_ioreq.o
      1630         54          0         13          0       9546   usbd_req.o
       140         24          0          0          0     333227   misc.o
       374         24          0          0          0       5854   stm32f4xx_adc.o
      1566         16          0          0          0       6762   stm32f4xx_can.o
       740         72          0          0          0       7335   stm32f4xx_dma.o
        36         10          0          0          0       1204   stm32f4xx_exti.o
       266          0          0          0          0       5030   stm32f4xx_gpio.o
       392         48          0         16          0       6117   stm32f4xx_rcc.o
        36          6          0          0          0        550   stm32f4xx_rng.o
       940         66          0          0          0      13118   stm32f4xx_tim.o
       482          8          0          0          0       6458   stm32f4xx_usart.o
        24          4          0          0          0         84   __2printf.o
        44          6          0          0          0         84   __2sprintf.o
        90          0          0          0          0          0   __dczerorl2.o
         8          0          0          0          0         68   __main.o
       104          0          0          0          0         84   __printf.o
         0          0          0          0          0          0   __rtentry.o
        12          0          0          0          0          0   __rtentry2.o
         6          0          0          0          0          0   __rtentry4.o
        52          8          0          0          0          0   __scatter.o
        28          0          0          0          0          0   __scatter_zi.o
        44          0          0          0          0        108   _printf_char.o
        48          6          0          0          0         96   _printf_char_common.o
        36          4          0          0          0         80   _printf_char_file.o
         6          0          0          0          0          0   _printf_d.o
       120         16          0          0          0         92   _printf_dec.o
         6          0          0          0          0          0   _printf_f.o
      1052          0          0          0          0        148   _printf_fp_dec.o
       128         16          0          0          0         84   _printf_fp_infnan.o
       178          0          0          0          0         88   _printf_intcommon.o
         0          0          0          0          0          0   _printf_percent.o
         4          0          0          0          0          0   _printf_percent_end.o
         6          0          0          0          0          0   _printf_s.o
        82          0          0          0          0         80   _printf_str.o
        10          0          0          0          0         68   _sputc.o
       228          4        148          0          0         96   bigflt0.o
      1936        128          0          0          0        672   btod.o
        10          0          0          0          0         68   defsig_exit.o
        50          0          0          0          0         88   defsig_general.o
        80         58          0          0          0         76   defsig_rtmem_inner.o
        14          0          0          0          0         80   defsig_rtmem_outer.o
        52         38          0          0          0         76   defsig_rtred_inner.o
        14          0          0          0          0         80   defsig_rtred_outer.o
        18          0          0          0          0         80   exit.o
        76          0          0          0          0         88   fclose.o
         8          0          0          0          0         68   ferror.o
       236          4          0          0          0        128   fopen.o
       248          6          0          0          0         84   fseek.o
        66          0          0          0          0         76   ftell.o
        94          0          0          0          0         80   h1_alloc.o
        52          0          0          0          0         68   h1_extend.o
        78          0          0          0          0         80   h1_free.o
        14          0          0          0          0         84   h1_init.o
         6          0          0          0          0        152   heapauxi.o
         4          0          0          0          0        136   hguard.o
       138          0          0          0          0        168   init_alloc.o
       312         46          0          0          0        112   initio.o
        44         10         28          0          0         76   lc_numeric_c.o
         2          0          0          0          0          0   libinit.o
        34          0          0          0          0          0   libinit2.o
         2          0          0          0          0          0   libshutdown.o
         6          0          0          0          0          0   libshutdown2.o
         8          4          0          0         96         68   libspace.o
       138          0          0          0          0         80   lludiv10.o
         0          0          0          0          0          0   maybetermalloc1.o
         8          4          0          0          0         68   rt_errno_addr_intlibspace.o
         8          4          0          0          0         68   rt_heap_descriptor_intlibspace.o
         8          4          0          0          0         68   rt_locale_intlibspace.o
        78          0          0          0          0         80   rt_memclr_w.o
       138          0          0          0          0         68   rt_memcpy_v6.o
       100          0          0          0          0         80   rt_memcpy_w.o
         2          0          0          0          0          0   rtexit.o
        10          0          0          0          0          0   rtexit2.o
        70          0          0          0          0         80   setvbuf.o
       240          6          0          0          0        156   stdio.o
         0          0          0         12        252          0   stdio_streams.o
       124          0          0          0          0         88   strcmpv7em.o
        74          0          0          0          0         80   sys_stackheap_outer.o
        98          4          0          0          0        140   d2f.o
       804         16          0          0          0        376   daddsub_clz.o
        84          0          0          0          0        244   dcmp.o
        24          0          0          0          0        116   dcmpi.o
       120          4          0          0          0        140   deqf.o
        94          4          0          0          0        140   dfix.o
        84          0          0          0          0        232   dflt_clz.o
       120          4          0          0          0        140   dgeqf.o
       120          4          0          0          0        140   dleqf.o
       340         12          0          0          0        152   dmul.o
       156          4          0          0          0        140   dnaninf.o
        12          0          0          0          0        116   dretinf.o
        86          4          0          0          0        132   f2d.o
       140          4          0          0          0        132   fnaninf.o
        10          0          0          0          0        116   fpinit.o
        10          0          0          0          0        116   fretinf.o
         4          0          0          0          0        116   printf1.o
         0          0          0          0          0          0   usenofp.o
        20          0          0          0          0        124   fabs.o
        48          0          0          0          0        124   fpclassify.o

    ----------------------------------------------------------------------
     20948        824        176         96        352     468407   Library Totals
        48          0          0          3          4          0   (incl. Padding)

    ----------------------------------------------------------------------

      Code (inc. data)   RO Data    RW Data    ZI Data      Debug   Library Name

      6638        114          0         65          0      74952   SP19_USB.lib
      4972        274          0         16          0     385655   STM32F427_StdPeriph_Driver.lib
      6916        376        176         12        348       4864   c_w.l
      2306         60          0          0          0       2688   fz_wm.l
        68          0          0          0          0        248   m_wm.l

    ----------------------------------------------------------------------
     20948        824        176         96        352     468407   Library Totals

    ----------------------------------------------------------------------

==============================================================================


      Code (inc. data)   RO Data    RW Data    ZI Data      Debug   

     38816       2542       1816        872      18464     632162   Grand Totals
     38816       2542       1816        304      18464     632162   ELF Image Totals (compressed)
     38816       2542       1816        304          0          0   ROM Totals

==============================================================================

    Total RO  Size (Code + RO Data)                40632 (  39.68kB)
    Total RW  Size (RW Data + ZI Data)             19336 (  18.88kB)
    Total ROM Size (Code + RO Data + RW Data)      40936 (  39.98kB)

==============================================================================

