Component: ARM Compiler 6.14.1 Tool: armlink [5db06d00]

==============================================================================

Section Cross References

    main.o(.text) refers (Special) to _printf_d.o(.ARM.Collect$$_printf_percent$$00000009) for _printf_d
    main.o(.text) refers (Special) to _printf_dec.o(.text) for _printf_int_dec
    main.o(.text) refers (Special) to _printf_percent.o(.ARM.Collect$$_printf_percent$$00000000) for _printf_percent
    main.o(.text) refers (Special) to _printf_s.o(.ARM.Collect$$_printf_percent$$00000014) for _printf_s
    main.o(.text) refers (Special) to _printf_str.o(.text) for _printf_str
    main.o(.text.main) refers (Special) to _printf_d.o(.ARM.Collect$$_printf_percent$$00000009) for _printf_d
    main.o(.text.main) refers (Special) to _printf_dec.o(.text) for _printf_int_dec
    main.o(.text.main) refers (Special) to _printf_percent.o(.ARM.Collect$$_printf_percent$$00000000) for _printf_percent
    main.o(.text.main) refers (Special) to _printf_s.o(.ARM.Collect$$_printf_percent$$00000014) for _printf_s
    main.o(.text.main) refers (Special) to _printf_str.o(.text) for _printf_str
    main.o(.text.main) refers to sp_task.o(.text.spPortEnterCritical) for spPortEnterCritical
    main.o(.text.main) refers to misc.o(i.NVIC_PriorityGroupConfig) for NVIC_PriorityGroupConfig
    main.o(.text.main) refers to sp_utility.o(.text.Power_Configuration) for Power_Configuration
    main.o(.text.main) refers to stm32f4xx_rcc.o(i.RCC_AHB2PeriphClockCmd) for RCC_AHB2PeriphClockCmd
    main.o(.text.main) refers to stm32f4xx_rng.o(i.RNG_Cmd) for RNG_Cmd
    main.o(.text.main) refers to sp_task.o(.text.TASK_GlobalInit) for TASK_GlobalInit
    main.o(.text.main) refers to sp_task.o(.text.TASK_TimerInit) for TASK_TimerInit
    main.o(.text.main) refers to sp_timer.o(.rodata.spTIMER) for spTIMER
    main.o(.text.main) refers to sp_delay.o(sp_delay) for delay_ms
    main.o(.text.main) refers to sp_task.o(.text.TASK_Start) for TASK_Start
    main.o(.text.main) refers to sp_task.o(.text.spPortExitCritical) for spPortExitCritical
    main.o(.text.main) refers to sp_task.o(.text.TASK_GetMilliSecond) for TASK_GetMilliSecond
    main.o(.ARM.exidx.text.main) refers (Special) to _printf_d.o(.ARM.Collect$$_printf_percent$$00000009) for _printf_d
    main.o(.ARM.exidx.text.main) refers (Special) to _printf_dec.o(.text) for _printf_int_dec
    main.o(.ARM.exidx.text.main) refers (Special) to _printf_percent.o(.ARM.Collect$$_printf_percent$$00000000) for _printf_percent
    main.o(.ARM.exidx.text.main) refers (Special) to _printf_s.o(.ARM.Collect$$_printf_percent$$00000014) for _printf_s
    main.o(.ARM.exidx.text.main) refers (Special) to _printf_str.o(.text) for _printf_str
    main.o(.ARM.exidx.text.main) refers to main.o(.text.main) for [Anonymous Symbol]
    main.o(.text.assert_failed) refers (Special) to _printf_d.o(.ARM.Collect$$_printf_percent$$00000009) for _printf_d
    main.o(.text.assert_failed) refers (Special) to _printf_dec.o(.text) for _printf_int_dec
    main.o(.text.assert_failed) refers (Special) to _printf_percent.o(.ARM.Collect$$_printf_percent$$00000000) for _printf_percent
    main.o(.text.assert_failed) refers (Special) to _printf_s.o(.ARM.Collect$$_printf_percent$$00000014) for _printf_s
    main.o(.text.assert_failed) refers (Special) to _printf_str.o(.text) for _printf_str
    main.o(.text.assert_failed) refers to noretval__2printf.o(.text) for __2printf
    main.o(.ARM.exidx.text.assert_failed) refers (Special) to _printf_d.o(.ARM.Collect$$_printf_percent$$00000009) for _printf_d
    main.o(.ARM.exidx.text.assert_failed) refers (Special) to _printf_dec.o(.text) for _printf_int_dec
    main.o(.ARM.exidx.text.assert_failed) refers (Special) to _printf_percent.o(.ARM.Collect$$_printf_percent$$00000000) for _printf_percent
    main.o(.ARM.exidx.text.assert_failed) refers (Special) to _printf_s.o(.ARM.Collect$$_printf_percent$$00000014) for _printf_s
    main.o(.ARM.exidx.text.assert_failed) refers (Special) to _printf_str.o(.text) for _printf_str
    main.o(.ARM.exidx.text.assert_failed) refers to main.o(.text.assert_failed) for [Anonymous Symbol]
    main.o(.bss.frame) refers (Special) to _printf_d.o(.ARM.Collect$$_printf_percent$$00000009) for _printf_d
    main.o(.bss.frame) refers (Special) to _printf_dec.o(.text) for _printf_int_dec
    main.o(.bss.frame) refers (Special) to _printf_percent.o(.ARM.Collect$$_printf_percent$$00000000) for _printf_percent
    main.o(.bss.frame) refers (Special) to _printf_s.o(.ARM.Collect$$_printf_percent$$00000014) for _printf_s
    main.o(.bss.frame) refers (Special) to _printf_str.o(.text) for _printf_str
    main.o(.ARM.use_no_argv) refers (Special) to _printf_d.o(.ARM.Collect$$_printf_percent$$00000009) for _printf_d
    main.o(.ARM.use_no_argv) refers (Special) to _printf_dec.o(.text) for _printf_int_dec
[...]
    __temporary_stack_top$libspace           0x20000724   Data           0  libspace.o(.bss)
    Feed_motor                               0x20000740   Data           4  sp_shoot.o(.bss.Feed_motor)
    Friction_CH1                             0x20000744   Data           4  sp_shoot.o(.bss.Friction_CH1)
    Friction_CH2                             0x20000748   Data           4  sp_shoot.o(.bss.Friction_CH2)
    GimbalController                         0x20000774   Data           8  gimbal.o(.bss.GimbalController)
    Infrared_Flag                            0x2000077c   Data           1  infrared.o(.bss.Infrared_Flag)
    L_distance                               0x2000077e   Data           2  sp_chasis.o(.bss.L_distance)
    MOTORs                                   0x20000780   Data        2560  sp_motor.o(.bss.MOTORs)
    RC_Manager                               0x20001180   Data          55  sp_rc.o(.bss.RC_Manager)
    R_distance                               0x200011b8   Data           2  sp_chasis.o(.bss.R_distance)
    USB_Callback_Pool                        0x200011e8   Data          64  usb.o(.bss.USB_Callback_Pool)
    USB_OTG_dev                              0x20001228   Data        2704  usb.o(.bss.USB_OTG_dev)
    __CHASIS_PositionPID                     0x20001cb8   Data        3840  sp_motor.o(.bss.__CHASIS_PositionPID)
    __CHASIS_SpeedPID                        0x20002bb8   Data        3840  sp_motor.o(.bss.__CHASIS_SpeedPID)
    __MOTOR_CAN1_Manager                     0x20003ab8   Data         148  sp_motor.o(.bss.__MOTOR_CAN1_Manager)
    __MOTOR_CAN2_Manager                     0x20003b4c   Data         148  sp_motor.o(.bss.__MOTOR_CAN2_Manager)
    __can1_receivers                         0x20003be0   Data          64  sp_can.o(.bss.__can1_receivers)
    __can1_transmitters                      0x20003c20   Data          64  sp_can.o(.bss.__can1_transmitters)
    __can2_receivers                         0x20003c60   Data          64  sp_can.o(.bss.__can2_receivers)
    __can2_transmitters                      0x20003ca0   Data          64  sp_can.o(.bss.__can2_transmitters)
    __stderr_name                            0x20003ce0   Data         150  sp_usart.o(.bss.__stderr_name)
    __stdin_name                             0x20003d76   Data         150  sp_usart.o(.bss.__stdin_name)
    __stdout_name                            0x20003e0c   Data         150  sp_usart.o(.bss.__stdout_name)
    _sentry_reg                              0x20003ea4   Data         276  sp_sentry.o(.bss._sentry_reg)
    _sp_msg_rx_buffer                        0x20003fb8   Data           8  sp_sentry.o(.bss._sp_msg_rx_buffer)
    _sp_msg_tx_buffer                        0x20003fc0   Data           8  sp_sentry.o(.bss._sp_msg_tx_buffer)
    attacked_time                            0x20003fc8   Data           4  referee.o(.bss.attacked_time)
    auto_aim_flag                            0x20003fcc   Data           1  auto_aim.o(.bss.auto_aim_flag)
    change_flag                              0x20003fcd   Data           1  sp_chasis.o(.bss.change_flag)
    chasis_speed                             0x20003fd0   Data           4  sp_chasis.o(.bss.chasis_speed)
    count                                    0x20003fd4   Data          32  referee.o(.bss.count)
    dump_buffer                              0x20003ff4   Data         256  referee.o(.bss.dump_buffer)
    enemy_empty_area                         0x200040f4   Data           1  auto_aim.o(.bss.enemy_empty_area)
    ext_aerial_robot_energy                  0x200040f5   Data           2  referee.o(.bss.ext_aerial_robot_energy)
    ext_buff_musk                            0x200040f7   Data           1  referee.o(.bss.ext_buff_musk)
    ext_event_data                           0x200040f8   Data           4  referee.o(.bss.ext_event_data)
    ext_game_result                          0x200040fc   Data           1  referee.o(.bss.ext_game_result)
    ext_game_robot_HP                        0x200040fe   Data          28  referee.o(.bss.ext_game_robot_HP)
    ext_game_robot_pos                       0x2000411c   Data          16  referee.o(.bss.ext_game_robot_pos)
    ext_game_robot_state                     0x2000412c   Data          15  referee.o(.bss.ext_game_robot_state)
    ext_game_state                           0x2000413b   Data           3  referee.o(.bss.ext_game_state)
    ext_power_heat_data                      0x2000413e   Data          14  referee.o(.bss.ext_power_heat_data)
    ext_robot_hurt                           0x2000414c   Data           1  referee.o(.bss.ext_robot_hurt)
    ext_robot_interactive_data               0x2000414d   Data         119  referee.o(.bss.ext_robot_interactive_data)
    ext_shoot_data                           0x200041c4   Data           6  referee.o(.bss.ext_shoot_data)
    ext_supply_projectile_action             0x200041ca   Data           4  referee.o(.bss.ext_supply_projectile_action)
    ext_supply_projectile_booking            0x200041ce   Data           3  referee.o(.bss.ext_supply_projectile_booking)
    fram                                     0x200041d4   Data          15  auto_aim.o(.bss.fram)
    frame_ex                                 0x200041e3   Data          15  auto_aim.o(.bss.frame_ex)
    frame_visual                             0x200041f4   Data          15  auto_aim.o(.bss.frame_visual)
    gimbal_inited                            0x20004205   Data           1  gimbal.o(.bss.gimbal_inited)
    gimbal_pitch_motor                       0x20004208   Data           4  gimbal.o(.bss.gimbal_pitch_motor)
    gimbal_yaw_motor                         0x2000420c   Data           4  gimbal.o(.bss.gimbal_yaw_motor)
    if_if_newframe                           0x20004210   Data           4  auto_aim.o(.bss.if_if_newframe)
    if_newframe                              0x20004214   Data           4  auto_aim.o(.bss.if_newframe)
    pitch_add                                0x20004218   Data           4  gimbal.o(.bss.pitch_add)
    recv                                     0x20004220   Data          28  sp_task.o(.bss.recv)
    recv_ex                                  0x2000423c   Data          28  sp_chasis.o(.bss.recv_ex)
    referee_buffer                           0x20004258   Data         256  referee.o(.bss.referee_buffer)
    sendbuffer                               0x2000436b   Data         100  frame.o(.bss.sendbuffer)
    sendtoCom_frame                          0x200043cf   Data          15  frame.o(.bss.sendtoCom_frame)
    spIRQ_CbEntries                          0x200043e0   Data         364  sp_irq.o(.bss.spIRQ_CbEntries)
    spIRQ_CbPool                             0x2000454c   Data        2048  sp_irq.o(.bss.spIRQ_CbPool)
    speed                                    0x20004d4c   Data           4  sp_chasis.o(.bss.speed)
    speedA                                   0x20004d50   Data           4  sp_chasis.o(.bss.speedA)
    target_motor207                          0x20004d58   Data           4  sp_chasis.o(.bss.target_motor207)
    task_counter                             0x20004d5c   Data           4  sp_task.o(.bss.task_counter)
    task_inited                              0x20004d60   Data           1  sp_task.o(.bss.task_inited)
    test_output                              0x20004d64   Data           4  sp_chasis.o(.bss.test_output)
    visual_lpitch_kd                         0x20004d70   Data           4  gimbal.o(.bss.visual_lpitch_kd)
    visual_lpitch_ki                         0x20004d74   Data           4  gimbal.o(.bss.visual_lpitch_ki)
    visual_lyaw_kd                           0x20004d78   Data           4  gimbal.o(.bss.visual_lyaw_kd)
    visual_lyaw_ki                           0x20004d7c   Data           4  gimbal.o(.bss.visual_lyaw_ki)



==============================================================================

Memory Map of the image

  Image Entry point : 0x080001ad

  Load Region LR_IROM1 (Base: 0x08000000, Size: 0x0000af00, Max: 0x00200000, ABSOLUTE, COMPRESSED[0x0000aab8])

    Execution Region ER_IROM1 (Exec base: 0x08000000, Load base: 0x08000000, Size: 0x0000a934, Max: 0x00200000, ABSOLUTE)

    Exec Addr    Load Addr    Size         Type   Attr      Idx    E Section Name        Object

    0x08000000   0x08000000   0x000001ac   Data   RO         1020    RESET               startup_stm32f427ii.o
    0x080001ac   0x080001ac   0x00000008   Code   RO         4435  * !!!main             c_w.l(__main.o)
    0x080001b4   0x080001b4   0x00000034   Code   RO         4908    !!!scatter          c_w.l(__scatter.o)
    0x080001e8   0x080001e8   0x0000005a   Code   RO         4906    !!dczerorl2         c_w.l(__dczerorl2.o)
    0x08000242   0x08000242   0x00000002   PAD
    0x08000244   0x08000244   0x0000001c   Code   RO         4910    !!handler_zi        c_w.l(__scatter_zi.o)
    0x08000260   0x08000260   0x00000000   Code   RO         4428    .ARM.Collect$$_printf_percent$$00000000  c_w.l(_printf_percent.o)
    0x08000260   0x08000260   0x00000006   Code   RO         4427    .ARM.Collect$$_printf_percent$$00000009  c_w.l(_printf_d.o)
    0x08000266   0x08000266   0x00000006   Code   RO         4426    .ARM.Collect$$_printf_percent$$00000014  c_w.l(_printf_s.o)
    0x0800026c   0x0800026c   0x00000004   Code   RO         4532    .ARM.Collect$$_printf_percent$$00000017  c_w.l(_printf_percent_end.o)
    0x08000270   0x08000270   0x00000002   Code   RO         4736    .ARM.Collect$$libinit$$00000000  c_w.l(libinit.o)
    0x08000272   0x08000272   0x00000004   Code   RO         4737    .ARM.Collect$$libinit$$00000001  c_w.l(libinit2.o)
    0x08000276   0x08000276   0x00000000   Code   RO         4740    .ARM.Collect$$libinit$$00000004  c_w.l(libinit2.o)
    0x08000276   0x08000276   0x00000008   Code   RO         4741    .ARM.Collect$$libinit$$00000005  c_w.l(libinit2.o)
    0x0800027e   0x0800027e   0x00000000   Code   RO         4743    .ARM.Collect$$libinit$$0000000A  c_w.l(libinit2.o)
    0x0800027e   0x0800027e   0x00000000   Code   RO         4745    .ARM.Collect$$libinit$$0000000C  c_w.l(libinit2.o)
    0x0800027e   0x0800027e   0x00000000   Code   RO         4747    .ARM.Collect$$libinit$$0000000E  c_w.l(libinit2.o)
    0x0800027e   0x0800027e   0x00000000   Code   RO         4750    .ARM.Collect$$libinit$$00000011  c_w.l(libinit2.o)
    0x0800027e   0x0800027e   0x00000000   Code   RO         4752    .ARM.Collect$$libinit$$00000013  c_w.l(libinit2.o)
    0x0800027e   0x0800027e   0x00000000   Code   RO         4754    .ARM.Collect$$libinit$$00000015  c_w.l(libinit2.o)
    0x0800027e   0x0800027e   0x00000000   Code   RO         4756    .ARM.Collect$$libinit$$00000017  c_w.l(libinit2.o)
    0x0800027e   0x0800027e   0x00000000   Code   RO         4758    .ARM.Collect$$libinit$$00000019  c_w.l(libinit2.o)
    0x0800027e   0x0800027e   0x00000000   Code   RO         4760    .ARM.Collect$$libinit$$0000001B  c_w.l(libinit2.o)
    0x0800027e   0x0800027e   0x00000000   Code   RO         4762    .ARM.Collect$$libinit$$0000001D  c_w.l(libinit2.o)
    0x0800027e   0x0800027e   0x00000000   Code   RO         4764    .ARM.Collect$$libinit$$0000001F  c_w.l(libinit2.o)
    0x0800027e   0x0800027e   0x00000000   Code   RO         4766    .ARM.Collect$$libinit$$00000021  c_w.l(libinit2.o)
    0x0800027e   0x0800027e   0x00000000   Code   RO         4768    .ARM.Collect$$libinit$$00000023  c_w.l(libinit2.o)
    0x0800027e   0x0800027e   0x00000004   Code   RO         4769    .ARM.Collect$$libinit$$00000024  c_w.l(libinit2.o)
    0x08000282   0x08000282   0x00000000   Code   RO         4770    .ARM.Collect$$libinit$$00000025  c_w.l(libinit2.o)
    0x08000282   0x08000282   0x00000000   Code   RO         4774    .ARM.Collect$$libinit$$0000002C  c_w.l(libinit2.o)
    0x08000282   0x08000282   0x00000000   Code   RO         4776    .ARM.Collect$$libinit$$0000002E  c_w.l(libinit2.o)
    0x08000282   0x08000282   0x00000000   Code   RO         4778    .ARM.Collect$$libinit$$00000030  c_w.l(libinit2.o)
    0x08000282   0x08000282   0x00000000   Code   RO         4780    .ARM.Collect$$libinit$$00000032  c_w.l(libinit2.o)
    0x08000282   0x08000282   0x00000002   Code   RO         4781    .ARM.Collect$$libinit$$00000033  c_w.l(libinit2.o)
    0x08000284   0x08000284   0x00000002   Code   RO         4885    .ARM.Collect$$libshutdown$$00000000  c_w.l(libshutdown.o)
    0x08000286   0x08000286   0x00000000   Code   RO         4783    .ARM.Collect$$libshutdown$$00000002  c_w.l(libshutdown2.o)
    0x08000286   0x08000286   0x00000004   Code   RO         4784    .ARM.Collect$$libshutdown$$00000003  c_w.l(libshutdown2.o)
    0x0800028a   0x0800028a   0x00000000   Code   RO         4785    .ARM.Collect$$libshutdown$$00000004  c_w.l(libshutdown2.o)
    0x0800028a   0x0800028a   0x00000000   Code   RO         4788    .ARM.Collect$$libshutdown$$00000007  c_w.l(libshutdown2.o)
    0x0800028a   0x0800028a   0x00000000   Code   RO         4791    .ARM.Collect$$libshutdown$$0000000A  c_w.l(libshutdown2.o)
    0x0800028a   0x0800028a   0x00000000   Code   RO         4793    .ARM.Collect$$libshutdown$$0000000C  c_w.l(libshutdown2.o)
    0x0800028a   0x0800028a   0x00000000   Code   RO         4796    .ARM.Collect$$libshutdown$$0000000F  c_w.l(libshutdown2.o)
    0x0800028a   0x0800028a   0x00000002   Code   RO         4797    .ARM.Collect$$libshutdown$$00000010  c_w.l(libshutdown2.o)
    0x0800028c   0x0800028c   0x00000000   Code   RO         4523    .ARM.Collect$$rtentry$$00000000  c_w.l(__rtentry.o)
    0x0800028c   0x0800028c   0x00000000   Code   RO         4614    .ARM.Collect$$rtentry$$00000002  c_w.l(__rtentry2.o)
    0x0800028c   0x0800028c   0x00000006   Code   RO         4626    .ARM.Collect$$rtentry$$00000004  c_w.l(__rtentry4.o)
    0x08000292   0x08000292   0x00000000   Code   RO         4616    .ARM.Collect$$rtentry$$00000009  c_w.l(__rtentry2.o)
    0x08000292   0x08000292   0x00000004   Code   RO         4617    .ARM.Collect$$rtentry$$0000000A  c_w.l(__rtentry2.o)
    0x08000296   0x08000296   0x00000000   Code   RO         4619    .ARM.Collect$$rtentry$$0000000C  c_w.l(__rtentry2.o)
    0x08000296   0x08000296   0x00000008   Code   RO         4620    .ARM.Collect$$rtentry$$0000000D  c_w.l(__rtentry2.o)
    0x0800029e   0x0800029e   0x00000002   Code   RO         4798    .ARM.Collect$$rtexit$$00000000  c_w.l(rtexit.o)
    0x080002a0   0x080002a0   0x00000000   Code   RO         4840    .ARM.Collect$$rtexit$$00000002  c_w.l(rtexit2.o)
    0x080002a0   0x080002a0   0x00000004   Code   RO         4841    .ARM.Collect$$rtexit$$00000003  c_w.l(rtexit2.o)
    0x080002a4   0x080002a4   0x00000006   Code   RO         4842    .ARM.Collect$$rtexit$$00000004  c_w.l(rtexit2.o)
    0x080002aa   0x080002aa   0x00000002   PAD
    0x080002ac   0x080002ac   0x00000040   Code   RO         1021    .text               startup_stm32f427ii.o
    0x080002ec   0x080002ec   0x00000018   Code   RO         4398    .text               c_w.l(noretval__2printf.o)
    0x08000304   0x08000304   0x00000068   Code   RO         4400    .text               c_w.l(__printf.o)
    0x0800036c   0x0800036c   0x00000052   Code   RO         4402    .text               c_w.l(_printf_str.o)
    0x080003be   0x080003be   0x00000002   PAD
    0x080003c0   0x080003c0   0x00000078   Code   RO         4404    .text               c_w.l(_printf_dec.o)
    0x08000438   0x08000438   0x0000008a   Code   RO         4429    .text               c_w.l(rt_memcpy_v6.o)
    0x080004c2   0x080004c2   0x0000004e   Code   RO         4431    .text               c_w.l(rt_memclr_w.o)
    0x08000510   0x08000510   0x00000006   Code   RO         4433    .text               c_w.l(heapauxi.o)
    0x08000516   0x08000516   0x000000b2   Code   RO         4526    .text               c_w.l(_printf_intcommon.o)
    0x080005c8   0x080005c8   0x0000002c   Code   RO         4528    .text               c_w.l(_printf_char.o)
    0x080005f4   0x080005f4   0x00000024   Code   RO         4530    .text               c_w.l(_printf_char_file.o)
    0x08000618   0x08000618   0x00000064   Code   RO         4539    .text               c_w.l(rt_memcpy_w.o)
    0x0800067c   0x0800067c   0x00000008   Code   RO         4631    .text               c_w.l(rt_errno_addr_intlibspace.o)
    0x08000684   0x08000684   0x00000030   Code   RO         4633    .text               c_w.l(_printf_char_common.o)
    0x080006b4   0x080006b4   0x00000008   Code   RO         4635    .text               c_w.l(ferror.o)
    0x080006bc   0x080006bc   0x00000138   Code   RO         4637    .text               c_w.l(initio.o)
    0x080007f4   0x080007f4   0x00000008   Code   RO         4649    .text               c_w.l(libspace.o)
    0x080007fc   0x080007fc   0x0000004a   Code   RO         4654    .text               c_w.l(sys_stackheap_outer.o)
    0x08000846   0x08000846   0x0000004e   Code   RO         4658    .text               c_w.l(h1_free.o)
    0x08000894   0x08000894   0x00000046   Code   RO         4714    .text               c_w.l(setvbuf.o)
    0x080008da   0x080008da   0x00000002   PAD
    0x080008dc   0x080008dc   0x000000f0   Code   RO         4717    .text               c_w.l(fopen.o)
    0x080009cc   0x080009cc   0x0000004c   Code   RO         4719    .text               c_w.l(fclose.o)
    0x08000a18   0x08000a18   0x00000012   Code   RO         4725    .text               c_w.l(exit.o)
    0x08000a2a   0x08000a2a   0x0000000e   Code   RO         4727    .text               c_w.l(defsig_rtred_outer.o)
    0x08000a38   0x08000a38   0x00000008   Code   RO         4805    .text               c_w.l(rt_heap_descriptor_intlibspace.o)
    0x08000a40   0x08000a40   0x00000004   Code   RO         4807    .text               c_w.l(hguard.o)
    0x08000a44   0x08000a44   0x0000008a   Code   RO         4809    .text               c_w.l(init_alloc.o)
    0x08000ace   0x08000ace   0x0000005e   Code   RO         4815    .text               c_w.l(h1_alloc.o)
    0x08000b2c   0x08000b2c   0x000000f8   Code   RO         4827    .text               c_w.l(fseek.o)
    0x08000c24   0x08000c24   0x000000f0   Code   RO         4829    .text               c_w.l(stdio.o)
    0x08000d14   0x08000d14   0x0000000a   Code   RO         4831    .text               c_w.l(defsig_exit.o)
    0x08000d1e   0x08000d1e   0x00000002   PAD
    0x08000d20   0x08000d20   0x00000034   Code   RO         4833    .text               c_w.l(defsig_rtred_inner.o)
    0x08000d54   0x08000d54   0x00000000   Code   RO         4846    .text               c_w.l(maybetermalloc1.o)
    0x08000d54   0x08000d54   0x0000000e   Code   RO         4848    .text               c_w.l(h1_init.o)
    0x08000d62   0x08000d62   0x00000034   Code   RO         4850    .text               c_w.l(h1_extend.o)
    0x08000d96   0x08000d96   0x00000042   Code   RO         4856    .text               c_w.l(ftell.o)
    0x08000dd8   0x08000dd8   0x00000032   Code   RO         4860    .text               c_w.l(defsig_general.o)
    0x08000e0a   0x08000e0a   0x0000000e   Code   RO         4862    .text               c_w.l(defsig_rtmem_outer.o)
    0x08000e18   0x08000e18   0x00000050   Code   RO         4879    .text               c_w.l(defsig_rtmem_inner.o)
    0x08000e68   0x08000e68   0x00000028   Code   RO         1216    .text.Append_CRC16_Check_Sum  referee_crc.o
    0x08000e90   0x08000e90   0x0000001e   Code   RO         1210    .text.Append_CRC8_Check_Sum  referee_crc.o
    0x08000eae   0x08000eae   0x00000002   PAD
    0x08000eb0   0x08000eb0   0x0000016a   Code   RO          802    .text.Auto_aim      auto_aim.o
    0x0800101a   0x0800101a   0x00000002   PAD
    0x0800101c   0x0800101c   0x00000014   Code   RO          804    .text.Autoaim_Init  auto_aim.o
    0x08001030   0x08001030   0x00000090   Code   RO           66    .text.Buzzer_Init   sp_utility.o
    0x080010c0   0x080010c0   0x000000c8   Code   RO          653    .text.CAN1_Init     sp_can.o
    0x08001188   0x08001188   0x0000006c   Code   RO          649    .text.CAN1_RX0_IRQHandler  sp_can.o
    0x080011f4   0x080011f4   0x000000ce   Code   RO          655    .text.CAN2_Init     sp_can.o
    0x080012c2   0x080012c2   0x00000002   PAD
    0x080012c4   0x080012c4   0x0000006c   Code   RO          651    .text.CAN2_RX1_IRQHandler  sp_can.o
    0x08001330   0x08001330   0x00000064   Code   RO          663    .text.CAN_RegistReceiver  sp_can.o
    0x08001394   0x08001394   0x00000064   Code   RO          665    .text.CAN_RegistTransmitter  sp_can.o
    0x080013f8   0x080013f8   0x00000008   Code   RO          669    .text.CAN_SendMsg   sp_can.o
    0x08001400   0x08001400   0x0000000a   Code   RO          667    .text.CAN_SubmitChange  sp_can.o
    0x0800140a   0x0800140a   0x00000002   PAD
    0x0800140c   0x0800140c   0x00000084   Code   RO          125    .text.CHASIS_AddMonitor  sp_motor.o
    0x08001490   0x08001490   0x000000d8   Code   RO          127    .text.CHASIS_EnableMotor  sp_motor.o
    0x08001568   0x08001568   0x00000056   Code   RO          135    .text.CHASIS_GetMotor  sp_motor.o
    0x080015be   0x080015be   0x00000002   PAD
    0x080015c0   0x080015c0   0x000000a0   Code   RO          251    .text.CHASIS_Init   sp_chasis.o
    0x08001660   0x08001660   0x00000022   Code   RO          247    .text.CHASIS_Legalize  sp_chasis.o
    0x08001682   0x08001682   0x00000002   PAD
    0x08001684   0x08001684   0x0000052c   Code   RO          253    .text.CHASIS_Looper  sp_chasis.o
    0x08001bb0   0x08001bb0   0x0000014c   Code   RO          245    .text.CHASIS_Move   sp_chasis.o
    0x08001cfc   0x08001cfc   0x0000005e   Code   RO          131    .text.CHASIS_SetMotorPosition  sp_motor.o
    0x08001d5a   0x08001d5a   0x00000002   PAD
    0x08001d5c   0x08001d5c   0x0000005e   Code   RO          133    .text.CHASIS_SetMotorRelativePosition  sp_motor.o
    0x08001dba   0x08001dba   0x00000002   PAD
    0x08001dbc   0x08001dbc   0x0000005e   Code   RO          129    .text.CHASIS_SetMotorSpeed  sp_motor.o
    0x08001e1a   0x08001e1a   0x00000002   PAD
    0x08001e1c   0x08001e1c   0x00000144   Code   RO          249    .text.CMWatt_Cal    sp_chasis.o
    0x08001f60   0x08001f60   0x0000002c   Code   RO          386    .text.DMA2_Stream1_IRQHandler  sp_irq.o
    0x08001f8c   0x08001f8c   0x0000002c   Code   RO          384    .text.DMA2_Stream5_IRQHandler  sp_irq.o
    0x08001fb8   0x08001fb8   0x000000ac   Code   RO          625    .text.DMA_ClearStreamFlagBit  sp_dma.o
    0x08002064   0x08002064   0x0000004e   Code   RO          635    .text.DMA_CopyMem2Mem  sp_dma.o
    0x080020b2   0x080020b2   0x00000002   PAD
    0x080020b4   0x080020b4   0x00000084   Code   RO          627    .text.DMA_GetStreamFlagBit  sp_dma.o
    0x08002138   0x08002138   0x00000094   Code   RO          629    .text.DMA_InitNull  sp_dma.o
    0x080021cc   0x080021cc   0x00000024   Code   RO          637    .text.DMA_ResetCounter  sp_dma.o
    0x080021f0   0x080021f0   0x0000005c   Code   RO          633    .text.DMA_Restart   sp_dma.o
    0x0800224c   0x0800224c   0x0000004a   Code   RO          631    .text.DMA_Start     sp_dma.o
    0x08002296   0x08002296   0x00000002   PAD
    0x08002298   0x08002298   0x00000128   Code   RO          587    .text.DMA_USART_RX_Config  sp_usart.o
    0x080023c0   0x080023c0   0x000000e0   Code   RO          585    .text.DMA_USART_TX_Config  sp_usart.o
    0x080024a0   0x080024a0   0x00000026   Code   RO          380    .text.EXTI0_IRQHandler  sp_irq.o
    0x080024c6   0x080024c6   0x00000002   PAD
    0x080024c8   0x080024c8   0x00000028   Code   RO          382    .text.EXTI9_5_IRQHandler  sp_irq.o
    0x080024f0   0x080024f0   0x00000038   Code   RO          259    .text.Empty_Location  sp_chasis.o
    0x08002528   0x08002528   0x00000038   Code   RO          255    .text.Enemy_Location  sp_chasis.o
    0x08002560   0x08002560   0x00000026   Code   RO          202    .text.Feed_Motor_BACK  sp_shoot.o
    0x08002586   0x08002586   0x00000002   PAD
    0x08002588   0x08002588   0x000000d0   Code   RO          204    .text.Feed_Motor_Looper  sp_shoot.o
    0x08002658   0x08002658   0x00000024   Code   RO          200    .text.Feed_Motor_OFF  sp_shoot.o
    0x0800267c   0x0800267c   0x0000002a   Code   RO          198    .text.Feed_Motor_ON  sp_shoot.o
    0x080026a6   0x080026a6   0x00000002   PAD
    0x080026a8   0x080026a8   0x000000d8   Code   RO          192    .text.Friction_Init  sp_shoot.o
    0x08002780   0x08002780   0x000000b8   Code   RO          194    .text.Friction_Looper  sp_shoot.o
    0x08002838   0x08002838   0x00000014   Code   RO          331    .text.GIMBAL_CRUISE_PID_Init  gimbal.o
    0x0800284c   0x0800284c   0x000000e0   Code   RO          303    .text.GIMBAL_ControlInit  gimbal.o
    0x0800292c   0x0800292c   0x00000034   Code   RO          305    .text.GIMBAL_ControlLooper  gimbal.o
    0x08002960   0x08002960   0x00000076   Code   RO          319    .text.GIMBAL_MiddleLooper  gimbal.o
    0x080029d6   0x080029d6   0x00000002   PAD
    0x080029d8   0x080029d8   0x000000a4   Code   RO          321    .text.GIMBAL_PID_Init  gimbal.o
    0x08002a7c   0x08002a7c   0x000009fc   Code   RO          307    .text.GIMBAL_State  gimbal.o
    0x08003478   0x08003478   0x00000012   Code   RO          309    .text.GIMBAL_Update  gimbal.o
    0x0800348a   0x0800348a   0x00000002   PAD
    0x0800348c   0x0800348c   0x0000000e   Code   RO          311    .text.GIMBAL_UpdatePitch  gimbal.o
    0x0800349a   0x0800349a   0x00000002   PAD
    0x0800349c   0x0800349c   0x0000000e   Code   RO          313    .text.GIMBAL_UpdateYaw  gimbal.o
    0x080034aa   0x080034aa   0x00000002   PAD
    0x080034ac   0x080034ac   0x00000074   Code   RO          315    .text.GIMBAL_Update_Limit  gimbal.o
    0x08003520   0x08003520   0x000000c8   Code   RO          317    .text.GIMBAL_Update_enemy_Location  gimbal.o
    0x080035e8   0x080035e8   0x00000054   Code   RO          329    .text.GIMBAL_VISUAL_LP_PID_Init  gimbal.o
    0x0800363c   0x0800363c   0x00000038   Code   RO          327    .text.GIMBAL_VISUAL_LY_PID_Init  gimbal.o
    0x08003674   0x08003674   0x00000054   Code   RO          325    .text.GIMBAL_VISUAL_SP_PID_Init  gimbal.o
    0x080036c8   0x080036c8   0x00000038   Code   RO          323    .text.GIMBAL_VISUAL_SY_PID_Init  gimbal.o
    0x08003700   0x08003700   0x00000038   Code   RO          608    .text.GPIO_AF_Config  sp_gpio.o
    0x08003738   0x08003738   0x00000026   Code   RO          610    .text.GPIO_AN_Config  sp_gpio.o
    0x0800375e   0x0800375e   0x00000002   PAD
    0x08003760   0x08003760   0x00000010   Code   RO          612    .text.GPIO_ChangeOutput  sp_gpio.o
    0x08003770   0x08003770   0x00000036   Code   RO          602    .text.GPIO_Config   sp_gpio.o
    0x080037a6   0x080037a6   0x00000002   PAD
    0x080037a8   0x080037a8   0x00000030   Code   RO          606    .text.GPIO_IN_Config  sp_gpio.o
    0x080037d8   0x080037d8   0x00000038   Code   RO          604    .text.GPIO_OUT_Config  sp_gpio.o
    0x08003810   0x08003810   0x00000186   Code   RO          600    .text.GPIO_RCC      sp_gpio.o
    0x08003996   0x08003996   0x00000002   PAD
    0x08003998   0x08003998   0x00000022   Code   RO          614    .text.GPIO_SetMode  sp_gpio.o
    0x080039ba   0x080039ba   0x00000002   PAD
    0x080039bc   0x080039bc   0x00000034   Code   RO         1212    .text.Get_CRC16_Check_Sum  referee_crc.o
    0x080039f0   0x080039f0   0x00000020   Code   RO         1206    .text.Get_CRC8_Check_Sum  referee_crc.o
    0x08003a10   0x08003a10   0x0000005a   Code   RO          416    .text.IRQ_Invoke    sp_irq.o
    0x08003a6a   0x08003a6a   0x00000002   PAD
    0x08003a6c   0x08003a6c   0x00000042   Code   RO          412    .text.IRQ_ManagerInit  sp_irq.o
    0x08003aae   0x08003aae   0x00000002   PAD
    0x08003ab0   0x08003ab0   0x00000064   Code   RO          414    .text.IRQ_Regeiste  sp_irq.o
    0x08003b14   0x08003b14   0x00000018   Code   RO          261    .text.IfUsingPowerBuffer  sp_chasis.o
    0x08003b2c   0x08003b2c   0x0000003a   Code   RO           72    .text.Led8_Configuration  sp_utility.o
    0x08003b66   0x08003b66   0x00000002   PAD
    0x08003b68   0x08003b68   0x0000007c   Code   RO           70    .text.Led_Configuration  sp_utility.o
    0x08003be4   0x08003be4   0x000000ca   Code   RO          143    .text.MOTOR_ControlInit  sp_motor.o
    0x08003cae   0x08003cae   0x00000002   PAD
    0x08003cb0   0x08003cb0   0x0000016a   Code   RO          145    .text.MOTOR_ControlLooper  sp_motor.o
    0x08003e1a   0x08003e1a   0x00000002   PAD
    0x08003e1c   0x08003e1c   0x00000054   Code   RO          121    .text.MOTOR_RM_GetInstance  sp_motor.o
    0x08003e70   0x08003e70   0x00000008   Code   RO          123    .text.MOTOR_SetDataResolve  sp_motor.o
    0x08003e78   0x08003e78   0x00000020   Code   RO          432    .text.MsgReg_Read   sp_sentry.o
    0x08003e98   0x08003e98   0x00000020   Code   RO          430    .text.MsgReg_Write  sp_sentry.o
    0x08003eb8   0x08003eb8   0x0000007a   Code   RO          434    .text.Msg_Recv      sp_sentry.o
    0x08003f32   0x08003f32   0x00000002   PAD
    0x08003f34   0x08003f34   0x00000020   Code   RO           62    .text.NVIC_IRQEnable  sp_utility.o
    0x08003f54   0x08003f54   0x00000010   Code   RO          969    .text.OTG_FS_IRQHandler  usb_bsp.o
    0x08003f64   0x08003f64   0x00000034   Code   RO          971    .text.OTG_FS_WKUP_IRQHandler  usb_bsp.o
    0x08003f98   0x08003f98   0x0000028c   Code   RO          480    .text.PID_ControllerDriver  sp_pid.o
    0x08004224   0x08004224   0x00000080   Code   RO          476    .text.PID_ControllerInit  sp_pid.o
    0x080042a4   0x080042a4   0x0000000a   Code   RO          490    .text.PID_SetGains  sp_pid.o
    0x080042ae   0x080042ae   0x00000002   PAD
    0x080042b0   0x080042b0   0x00000018   Code   RO          482    .text.PID_SetTarget  sp_pid.o
    0x080042c8   0x080042c8   0x00000018   Code   RO           42    .text.PendSV_Handler  sp_task.o
    0x080042e0   0x080042e0   0x0000003c   Code   RO           74    .text.Power_Configuration  sp_utility.o
    0x0800431c   0x0800431c   0x00000044   Code   RO          179    .text.RC_GetState   sp_rc.o
    0x08004360   0x08004360   0x00000038   Code   RO          173    .text.RC_OnBusIdle  sp_rc.o
    0x08004398   0x08004398   0x00000034   Code   RO          169    .text.RC_OnError    sp_rc.o
    0x080043cc   0x080043cc   0x00000030   Code   RO          171    .text.RC_OnRecovery  sp_rc.o
    0x080043fc   0x080043fc   0x00000050   Code   RO          175    .text.RC_ReceiverChecker  sp_rc.o
    0x0800444c   0x0800444c   0x000000b8   Code   RO          177    .text.RC_ReceiverInit  sp_rc.o
    0x08004504   0x08004504   0x00000012   Code   RO          181    .text.RC_isValid    sp_rc.o
    0x08004516   0x08004516   0x00000002   PAD
    0x08004518   0x08004518   0x00000014   Code   RO          706    .text.RNG_Get_RandomNum  sp_rng.o
    0x0800452c   0x0800452c   0x0000001a   Code   RO          708    .text.RNG_Get_RandomRange  sp_rng.o
    0x08004546   0x08004546   0x00000002   PAD
    0x08004548   0x08004548   0x00000008   Code   RO          720    .text.SP_WatchDog_FeedDog  sp_watchdog.o
    0x08004550   0x08004550   0x0000002c   Code   RO          442    .text.Sentry_GetMsgAddr  sp_sentry.o
    0x0800457c   0x0800457c   0x0000000a   Code   RO          444    .text.Sentry_GetMsgRegister  sp_sentry.o
    0x08004586   0x08004586   0x00000002   PAD
    0x08004588   0x08004588   0x00000004   Code   RO          446    .text.Sentry_GetRobotmode  sp_sentry.o
    0x0800458c   0x0800458c   0x00000076   Code   RO          438    .text.Sentry_Init   sp_sentry.o
    0x08004602   0x08004602   0x00000002   PAD
    0x08004604   0x08004604   0x00000070   Code   RO          436    .text.Sentry_Looper  sp_sentry.o
    0x08004674   0x08004674   0x0000002a   Code   RO          440    .text.Sentry_Send   sp_sentry.o
    0x0800469e   0x0800469e   0x00000002   PAD
    0x080046a0   0x080046a0   0x000000de   Code   RO         1005    .text.SetSysClock   system_stm32f427ii.o
    0x0800477e   0x0800477e   0x00000002   PAD
    0x08004780   0x08004780   0x00000060   Code   RO          196    .text.Shooting_Control_Init  sp_shoot.o
    0x080047e0   0x080047e0   0x000002ae   Code   RO          206    .text.Shooting_Control_Looper  sp_shoot.o
    0x08004a8e   0x08004a8e   0x00000002   PAD
    0x08004a90   0x08004a90   0x00000042   Code   RO          263    .text.Speed_Change_Limit  sp_chasis.o
    0x08004ad2   0x08004ad2   0x00000002   PAD
    0x08004ad4   0x08004ad4   0x00000056   Code   RO         1003    .text.SystemInit    system_stm32f427ii.o
    0x08004b2a   0x08004b2a   0x00000002   PAD
    0x08004b2c   0x08004b2c   0x00000090   Code   RO           38    .text.TASK_Backend  sp_task.o
    0x08004bbc   0x08004bbc   0x00000210   Code   RO           36    .text.TASK_ControlLooper  sp_task.o
    0x08004dcc   0x08004dcc   0x00000024   Code   RO           32    .text.TASK_Enable   sp_task.o
    0x08004df0   0x08004df0   0x0000000c   Code   RO           22    .text.TASK_GetMilliSecond  sp_task.o
    0x08004dfc   0x08004dfc   0x00000038   Code   RO           24    .text.TASK_GetSecond  sp_task.o
    0x08004e34   0x08004e34   0x00000132   Code   RO           34    .text.TASK_GlobalInit  sp_task.o
    0x08004f66   0x08004f66   0x00000002   PAD
    0x08004f68   0x08004f68   0x00000072   Code   RO           30    .text.TASK_Start    sp_task.o
    0x08004fda   0x08004fda   0x00000002   PAD
    0x08004fdc   0x08004fdc   0x00000088   Code   RO           44    .text.TASK_TimerInit  sp_task.o
    0x08005064   0x08005064   0x0000002c   Code   RO          404    .text.TIM1_TRG_COM_TIM11_IRQHandler  sp_irq.o
    0x08005090   0x08005090   0x0000002c   Code   RO          406    .text.TIM8_BRK_TIM12_IRQHandler  sp_irq.o
    0x080050bc   0x080050bc   0x0000002c   Code   RO          410    .text.TIM8_TRG_COM_TIM14_IRQHandler  sp_irq.o
    0x080050e8   0x080050e8   0x0000002c   Code   RO          408    .text.TIM8_UP_TIM13_IRQHandler  sp_irq.o
    0x08005114   0x08005114   0x00000038   Code   RO          689    .text.TIM_GetDuty   sp_timer.o
    0x0800514c   0x0800514c   0x000001e8   Code   RO          685    .text.TIM_Init      sp_timer.o
    0x08005334   0x08005334   0x000001be   Code   RO          693    .text.TIM_PWM_OutputInit  sp_timer.o
    0x080054f2   0x080054f2   0x00000002   PAD
    0x080054f4   0x080054f4   0x00000058   Code   RO          687    .text.TIM_SetDuty   sp_timer.o
    0x0800554c   0x0800554c   0x000000ac   Code   RO          691    .text.TIM_SetFrequency  sp_timer.o
    0x080055f8   0x080055f8   0x0000002c   Code   RO          394    .text.UART4_IRQHandler  sp_irq.o
    0x08005624   0x08005624   0x0000002c   Code   RO          396    .text.UART5_IRQHandler  sp_irq.o
    0x08005650   0x08005650   0x0000002c   Code   RO          400    .text.UART7_IRQHandler  sp_irq.o
    0x0800567c   0x0800567c   0x0000002c   Code   RO          402    .text.UART8_IRQHandler  sp_irq.o
    0x080056a8   0x080056a8   0x0000002c   Code   RO          388    .text.USART1_IRQHandler  sp_irq.o
    0x080056d4   0x080056d4   0x0000002c   Code   RO          390    .text.USART2_IRQHandler  sp_irq.o
    0x08005700   0x08005700   0x0000002c   Code   RO          392    .text.USART3_IRQHandler  sp_irq.o
    0x0800572c   0x0800572c   0x0000002c   Code   RO          398    .text.USART6_IRQHandler  sp_irq.o
    0x08005758   0x08005758   0x00000206   Code   RO          581    .text.USART_RX_Config  sp_usart.o
    0x0800595e   0x0800595e   0x00000002   PAD
    0x08005960   0x08005960   0x0000008c   Code   RO          577    .text.USART_SetBaudrate  sp_usart.o
    0x080059ec   0x080059ec   0x000001c8   Code   RO          579    .text.USART_TX_Config  sp_usart.o
    0x08005bb4   0x08005bb4   0x0000001a   Code   RO          912    .text.USBD_HID_SendReport  usbd_hid_core.o
    0x08005bce   0x08005bce   0x00000002   PAD
    0x08005bd0   0x08005bd0   0x00000008   Code   RO          806    .text.USB_Cb        auto_aim.o
    0x08005bd8   0x08005bd8   0x00000002   Code   RO          963    .text.USB_OTG_BSP_uDelay  usb_bsp.o
    0x08005bda   0x08005bda   0x00000002   PAD
    0x08005bdc   0x08005bdc   0x0000002a   Code   RO          937    .text.USB_RegisteCallback  usb.o
    0x08005c06   0x08005c06   0x00000002   PAD
    0x08005c08   0x08005c08   0x00000018   Code   RO          935    .text.USB_SendData  usb.o
    0x08005c20   0x08005c20   0x00000046   Code   RO         1214    .text.Verify_CRC16_Check_Sum  referee_crc.o
    0x08005c66   0x08005c66   0x00000002   PAD
    0x08005c68   0x08005c68   0x0000002a   Code   RO         1208    .text.Verify_CRC8_Check_Sum  referee_crc.o
    0x08005c92   0x08005c92   0x00000002   PAD
    0x08005c94   0x08005c94   0x00000038   Code   RO          661    .text.__CAN_SendMsg  sp_can.o
    0x08005ccc   0x08005ccc   0x00000052   Code   RO          139    .text.__CHASIS_GetStopSatus  sp_motor.o
    0x08005d1e   0x08005d1e   0x00000002   PAD
    0x08005d20   0x08005d20   0x0000004c   Code   RO          141    .text.__CHASIS_Start  sp_motor.o
    0x08005d6c   0x08005d6c   0x00000058   Code   RO          137    .text.__CHASIS_Stop  sp_motor.o
    0x08005dc4   0x08005dc4   0x000000c0   Code   RO          117    .text.__MOTOR_DataResolve_GM3510  sp_motor.o
    0x08005e84   0x08005e84   0x00000124   Code   RO          113    .text.__MOTOR_DataResolve_RM2006  sp_motor.o
    0x08005fa8   0x08005fa8   0x00000118   Code   RO          111    .text.__MOTOR_DataResolve_RM3510_3508  sp_motor.o
    0x080060c0   0x080060c0   0x000000dc   Code   RO          115    .text.__MOTOR_DataResolve_RM6xxx  sp_motor.o
    0x0800619c   0x0800619c   0x00000012   Code   RO           99    .text.__MOTOR_Destroy  sp_motor.o
    0x080061ae   0x080061ae   0x00000002   PAD
    0x080061b0   0x080061b0   0x00000016   Code   RO           97    .text.__MOTOR_Init  sp_motor.o
    0x080061c6   0x080061c6   0x00000002   PAD
    0x080061c8   0x080061c8   0x0000008e   Code   RO          119    .text.__MOTOR_MountCAN  sp_motor.o
    0x08006256   0x08006256   0x00000002   PAD
    0x08006258   0x08006258   0x00000026   Code   RO           95    .text.__MOTOR_OutputLimit  sp_motor.o
    0x0800627e   0x0800627e   0x00000002   PAD
    0x08006280   0x08006280   0x0000000a   Code   RO          105    .text.__MOTOR_SetOutputLimit  sp_motor.o
    0x0800628a   0x0800628a   0x00000002   PAD
    0x0800628c   0x0800628c   0x00000008   Code   RO          109    .text.__MOTOR_SetPositionPID  sp_motor.o
    0x08006294   0x08006294   0x00000008   Code   RO          107    .text.__MOTOR_SetSpeedPID  sp_motor.o
    0x0800629c   0x0800629c   0x0000000a   Code   RO          101    .text.__MOTOR_SetTarget  sp_motor.o
    0x080062a6   0x080062a6   0x00000002   PAD
    0x080062a8   0x080062a8   0x00000014   Code   RO          103    .text.__MOTOR_SetTargetDelta  sp_motor.o
    0x080062bc   0x080062bc   0x00000030   Code   RO          167    .text.__RC_DataClear  sp_rc.o
    0x080062ec   0x080062ec   0x00000228   Code   RO          165    .text.__RC_DataConvert  sp_rc.o
    0x08006514   0x08006514   0x00000004   Code   RO         1218    .text._bytes2u16    referee_crc.o
    0x08006518   0x08006518   0x00000004   Code   RO          551    .text._sys_close    sp_usart.o
    0x0800651c   0x0800651c   0x00000002   Code   RO          547    .text._sys_exit     sp_usart.o
    0x0800651e   0x0800651e   0x00000002   PAD
    0x08006520   0x08006520   0x00000004   Code   RO          563    .text._sys_flen     sp_usart.o
    0x08006524   0x08006524   0x00000004   Code   RO          557    .text._sys_istty    sp_usart.o
    0x08006528   0x08006528   0x00000004   Code   RO          549    .text._sys_open     sp_usart.o
    0x0800652c   0x0800652c   0x00000004   Code   RO          559    .text._sys_seek     sp_usart.o
    0x08006530   0x08006530   0x00000004   Code   RO          553    .text._sys_write    sp_usart.o
    0x08006534   0x08006534   0x00000004   Code   RO          567    .text._ttywrch      sp_usart.o
    0x08006538   0x08006538   0x0000001c   Code   RO         1152    .text.aerial_robot_energy_interpret  referee.o
    0x08006554   0x08006554   0x00000024   Code   RO            4    .text.assert_failed  main.o
    0x08006578   0x08006578   0x00000028   Code   RO          837    .text.crc8Check     frame.o
    0x080065a0   0x080065a0   0x0000004c   Code   RO          147    .text.deadzone_gain  sp_motor.o
    0x080065ec   0x080065ec   0x0000001c   Code   RO         1150    .text.ext_buff_musk_interpret  referee.o
    0x08006608   0x08006608   0x0000001c   Code   RO         1138    .text.ext_event_data_interpret  referee.o
    0x08006624   0x08006624   0x0000001c   Code   RO         1134    .text.ext_game_result_interpret  referee.o
    0x08006640   0x08006640   0x0000001c   Code   RO         1136    .text.ext_game_robot_HP_interpret  referee.o
    0x0800665c   0x0800665c   0x0000001c   Code   RO         1148    .text.ext_game_robot_pos_interpret  referee.o
    0x08006678   0x08006678   0x00000030   Code   RO         1144    .text.ext_game_robot_state_interpret  referee.o
    0x080066a8   0x080066a8   0x0000001c   Code   RO         1132    .text.ext_game_state_interpret  referee.o
    0x080066c4   0x080066c4   0x00000030   Code   RO         1146    .text.ext_power_heat_data_interpret  referee.o
    0x080066f4   0x080066f4   0x00000036   Code   RO         1154    .text.ext_robot_hurt_interpret  referee.o
    0x0800672a   0x0800672a   0x00000002   PAD
    0x0800672c   0x0800672c   0x0000001c   Code   RO         1156    .text.ext_shoot_data_interpret  referee.o
    0x08006748   0x08006748   0x0000001c   Code   RO         1158    .text.ext_student_interactive_header_data_interpret  referee.o
    0x08006764   0x08006764   0x0000001c   Code   RO         1140    .text.ext_supply_projectile_action_interpret  referee.o
    0x08006780   0x08006780   0x0000001c   Code   RO         1142    .text.ext_supply_projectile_booking_interpret  referee.o
    0x0800679c   0x0800679c   0x00000014   Code   RO          575    .text.fputc         sp_usart.o
    0x080067b0   0x080067b0   0x000000f8   Code   RO         1164    .text.frame_interpret  referee.o
    0x080068a8   0x080068a8   0x00000330   Code   RO            2    .text.main          main.o
    0x08006bd8   0x08006bd8   0x0000002c   Code   RO          843    .text.packFrame     frame.o
    0x08006c04   0x08006c04   0x0000007c   Code   RO         1174    .text.referee_init  referee.o
    0x08006c80   0x08006c80   0x0000006c   Code   RO         1170    .text.referee_send_HP  referee.o
    0x08006cec   0x08006cec   0x00000060   Code   RO          847    .text.sendtoComputer  frame.o
    0x08006d4c   0x08006d4c   0x0000005c   Code   RO          849    .text.sendtoComputerInit  frame.o
    0x08006da8   0x08006da8   0x0000002c   Code   RO          149    .text.sign          sp_motor.o
    0x08006dd4   0x08006dd4   0x0000002c   Code   RO          257    .text.sign          sp_chasis.o
    0x08006e00   0x08006e00   0x0000005e   Code   RO          657    .text.spCAN_Init    sp_can.o
    0x08006e5e   0x08006e5e   0x00000002   PAD
    0x08006e60   0x08006e60   0x000000ae   Code   RO          659    .text.spCAN_MsgSendLoop  sp_can.o
    0x08006f0e   0x08006f0e   0x00000002   PAD
    0x08006f10   0x08006f10   0x00000010   Code   RO           16    .text.spClockHandler  sp_task.o
    0x08006f20   0x08006f20   0x00000016   Code   RO           26    .text.spPortEnterCritical  sp_task.o
    0x08006f36   0x08006f36   0x00000002   PAD
    0x08006f38   0x08006f38   0x0000003c   Code   RO           28    .text.spPortExitCritical  sp_task.o
    0x08006f74   0x08006f74   0x00000040   Code   RO          841    .text.unpackFrame   frame.o
    0x08006fb4   0x08006fb4   0x0000004a   Code   RO         1166    .text.update_from_dma  referee.o
    0x08006ffe   0x08006ffe   0x00000002   PAD
    0x08007000   0x08007000   0x0000002e   Code   RO         1162    .text.vrerify_frame  referee.o
    0x0800702e   0x0800702e   0x00000002   PAD
    0x08007030   0x08007030   0x000000a8   Code   RO         2239    i.CAN_ClearITPendingBit  STM32F427_StdPeriph_Driver.lib(stm32f4xx_can.o)
    0x080070d8   0x080070d8   0x00000108   Code   RO         2243    i.CAN_FilterInit    STM32F427_StdPeriph_Driver.lib(stm32f4xx_can.o)
    0x080071e0   0x080071e0   0x00000120   Code   RO         2245    i.CAN_GetITStatus   STM32F427_StdPeriph_Driver.lib(stm32f4xx_can.o)
    0x08007300   0x08007300   0x00000012   Code   RO         2249    i.CAN_ITConfig      STM32F427_StdPeriph_Driver.lib(stm32f4xx_can.o)
    0x08007312   0x08007312   0x00000114   Code   RO         2250    i.CAN_Init          STM32F427_StdPeriph_Driver.lib(stm32f4xx_can.o)
    0x08007426   0x08007426   0x000000f0   Code   RO         2253    i.CAN_Receive       STM32F427_StdPeriph_Driver.lib(stm32f4xx_can.o)
    0x08007516   0x08007516   0x00000126   Code   RO         2258    i.CAN_Transmit      STM32F427_StdPeriph_Driver.lib(stm32f4xx_can.o)
    0x0800763c   0x0800763c   0x00000012   Code   RO         2261    i.CheckITStatus     STM32F427_StdPeriph_Driver.lib(stm32f4xx_can.o)
    0x0800764e   0x0800764e   0x00000048   Code   RO         1931    i.DCD_EP_ClrStall   SP19_USB.lib(usb_dcd.o)
    0x08007696   0x08007696   0x00000068   Code   RO         1933    i.DCD_EP_Open       SP19_USB.lib(usb_dcd.o)
    0x080076fe   0x080076fe   0x00000052   Code   RO         1934    i.DCD_EP_PrepareRx  SP19_USB.lib(usb_dcd.o)
    0x08007750   0x08007750   0x0000001c   Code   RO         1935    i.DCD_EP_SetAddress  SP19_USB.lib(usb_dcd.o)
    0x0800776c   0x0800776c   0x00000048   Code   RO         1936    i.DCD_EP_Stall      SP19_USB.lib(usb_dcd.o)
    0x080077b4   0x080077b4   0x0000004e   Code   RO         1937    i.DCD_EP_Tx         SP19_USB.lib(usb_dcd.o)
    0x08007802   0x08007802   0x00000066   Code   RO         2024    i.DCD_HandleEnumDone_ISR  SP19_USB.lib(usb_dcd_int.o)
    0x08007868   0x08007868   0x00000144   Code   RO         2025    i.DCD_HandleInEP_ISR  SP19_USB.lib(usb_dcd_int.o)
    0x080079ac   0x080079ac   0x00000100   Code   RO         2026    i.DCD_HandleOutEP_ISR  SP19_USB.lib(usb_dcd_int.o)
    0x08007aac   0x08007aac   0x00000068   Code   RO         2027    i.DCD_HandleResume_ISR  SP19_USB.lib(usb_dcd_int.o)
    0x08007b14   0x08007b14   0x000000b0   Code   RO         2028    i.DCD_HandleRxStatusQueueLevel_ISR  SP19_USB.lib(usb_dcd_int.o)
    0x08007bc4   0x08007bc4   0x0000002c   Code   RO         2029    i.DCD_HandleSof_ISR  SP19_USB.lib(usb_dcd_int.o)
    0x08007bf0   0x08007bf0   0x000000a8   Code   RO         2030    i.DCD_HandleUSBSuspend_ISR  SP19_USB.lib(usb_dcd_int.o)
    0x08007c98   0x08007c98   0x00000104   Code   RO         2031    i.DCD_HandleUsbReset_ISR  SP19_USB.lib(usb_dcd_int.o)
    0x08007d9c   0x08007d9c   0x0000002c   Code   RO         2032    i.DCD_IsoINIncomplete_ISR  SP19_USB.lib(usb_dcd_int.o)
    0x08007dc8   0x08007dc8   0x0000002c   Code   RO         2033    i.DCD_IsoOUTIncomplete_ISR  SP19_USB.lib(usb_dcd_int.o)
    0x08007df4   0x08007df4   0x00000028   Code   RO         2034    i.DCD_ReadDevInEP   SP19_USB.lib(usb_dcd_int.o)
    0x08007e1c   0x08007e1c   0x00000090   Code   RO         2035    i.DCD_WriteEmptyTxFifo  SP19_USB.lib(usb_dcd_int.o)
    0x08007eac   0x08007eac   0x00000034   Code   RO         2405    i.DMA_ClearITPendingBit  STM32F427_StdPeriph_Driver.lib(stm32f4xx_dma.o)
    0x08007ee0   0x08007ee0   0x00000016   Code   RO         2406    i.DMA_Cmd           STM32F427_StdPeriph_Driver.lib(stm32f4xx_dma.o)
    0x08007ef6   0x08007ef6   0x00000002   PAD
    0x08007ef8   0x08007ef8   0x00000158   Code   RO         2407    i.DMA_DeInit        STM32F427_StdPeriph_Driver.lib(stm32f4xx_dma.o)
    0x08008050   0x08008050   0x00000014   Code   RO         2411    i.DMA_GetCmdStatus  STM32F427_StdPeriph_Driver.lib(stm32f4xx_dma.o)
    0x08008064   0x08008064   0x00000064   Code   RO         2416    i.DMA_GetITStatus   STM32F427_StdPeriph_Driver.lib(stm32f4xx_dma.o)
    0x080080c8   0x080080c8   0x0000003a   Code   RO         2417    i.DMA_ITConfig      STM32F427_StdPeriph_Driver.lib(stm32f4xx_dma.o)
    0x08008102   0x08008102   0x00000002   PAD
    0x08008104   0x08008104   0x00000058   Code   RO         2418    i.DMA_Init          STM32F427_StdPeriph_Driver.lib(stm32f4xx_dma.o)
    0x0800815c   0x0800815c   0x00000004   Code   RO         2421    i.DMA_SetCurrDataCounter  STM32F427_StdPeriph_Driver.lib(stm32f4xx_dma.o)
    0x08008160   0x08008160   0x0000000c   Code   RO         2537    i.EXTI_ClearITPendingBit  STM32F427_StdPeriph_Driver.lib(stm32f4xx_exti.o)
    0x0800816c   0x0800816c   0x00000018   Code   RO         2541    i.EXTI_GetITStatus  STM32F427_StdPeriph_Driver.lib(stm32f4xx_exti.o)
    0x08008184   0x08008184   0x00000090   Code   RO         2603    i.GPIO_Init         STM32F427_StdPeriph_Driver.lib(stm32f4xx_gpio.o)
    0x08008214   0x08008214   0x00000046   Code   RO         2604    i.GPIO_PinAFConfig  STM32F427_StdPeriph_Driver.lib(stm32f4xx_gpio.o)
    0x0800825a   0x0800825a   0x00000012   Code   RO         2607    i.GPIO_ReadInputDataBit  STM32F427_StdPeriph_Driver.lib(stm32f4xx_gpio.o)
    0x0800826c   0x0800826c   0x00000012   Code   RO         2609    i.GPIO_ReadOutputDataBit  STM32F427_StdPeriph_Driver.lib(stm32f4xx_gpio.o)
    0x0800827e   0x0800827e   0x00000004   Code   RO         2610    i.GPIO_ResetBits    STM32F427_StdPeriph_Driver.lib(stm32f4xx_gpio.o)
    0x08008282   0x08008282   0x00000004   Code   RO         2611    i.GPIO_SetBits      STM32F427_StdPeriph_Driver.lib(stm32f4xx_gpio.o)
    0x08008286   0x08008286   0x00000008   Code   RO         2613    i.GPIO_ToggleBits   STM32F427_StdPeriph_Driver.lib(stm32f4xx_gpio.o)
    0x0800828e   0x0800828e   0x00000002   PAD
    0x08008290   0x08008290   0x00000010   Code   RO         2706    i.IWDG_ReloadCounter  STM32F427_StdPeriph_Driver.lib(stm32f4xx_iwdg.o)
    0x080082a0   0x080082a0   0x00000078   Code   RO         2112    i.NVIC_Init         STM32F427_StdPeriph_Driver.lib(misc.o)
    0x08008318   0x08008318   0x00000014   Code   RO         2113    i.NVIC_PriorityGroupConfig  STM32F427_StdPeriph_Driver.lib(misc.o)
    0x0800832c   0x0800832c   0x00000020   Code   RO         2758    i.RCC_AHB1PeriphClockCmd  STM32F427_StdPeriph_Driver.lib(stm32f4xx_rcc.o)
    0x0800834c   0x0800834c   0x00000020   Code   RO         2761    i.RCC_AHB2PeriphClockCmd  STM32F427_StdPeriph_Driver.lib(stm32f4xx_rcc.o)
    0x0800836c   0x0800836c   0x00000020   Code   RO         2767    i.RCC_APB1PeriphClockCmd  STM32F427_StdPeriph_Driver.lib(stm32f4xx_rcc.o)
    0x0800838c   0x0800838c   0x00000020   Code   RO         2770    i.RCC_APB2PeriphClockCmd  STM32F427_StdPeriph_Driver.lib(stm32f4xx_rcc.o)
    0x080083ac   0x080083ac   0x000000e8   Code   RO         2779    i.RCC_GetClocksFreq  STM32F427_StdPeriph_Driver.lib(stm32f4xx_rcc.o)
    0x08008494   0x08008494   0x00000024   Code   RO         4330    i.RNG_Cmd           STM32F427_StdPeriph_Driver.lib(stm32f4xx_rng.o)
    0x080084b8   0x080084b8   0x00000018   Code   RO         4332    i.RNG_GetFlagStatus  STM32F427_StdPeriph_Driver.lib(stm32f4xx_rng.o)
    0x080084d0   0x080084d0   0x0000000c   Code   RO         4334    i.RNG_GetRandomNumber  STM32F427_StdPeriph_Driver.lib(stm32f4xx_rng.o)
    0x080084dc   0x080084dc   0x00000018   Code   RO         3328    i.TIM_ARRPreloadConfig  STM32F427_StdPeriph_Driver.lib(stm32f4xx_tim.o)
    0x080084f4   0x080084f4   0x00000006   Code   RO         3335    i.TIM_ClearITPendingBit  STM32F427_StdPeriph_Driver.lib(stm32f4xx_tim.o)
    0x080084fa   0x080084fa   0x00000018   Code   RO         3340    i.TIM_Cmd           STM32F427_StdPeriph_Driver.lib(stm32f4xx_tim.o)
    0x08008512   0x08008512   0x0000001e   Code   RO         3342    i.TIM_CtrlPWMOutputs  STM32F427_StdPeriph_Driver.lib(stm32f4xx_tim.o)
    0x08008530   0x08008530   0x00000022   Code   RO         3361    i.TIM_GetITStatus   STM32F427_StdPeriph_Driver.lib(stm32f4xx_tim.o)
    0x08008552   0x08008552   0x00000012   Code   RO         3365    i.TIM_ITConfig      STM32F427_StdPeriph_Driver.lib(stm32f4xx_tim.o)
    0x08008564   0x08008564   0x0000007c   Code   RO         3369    i.TIM_OC1Init       STM32F427_StdPeriph_Driver.lib(stm32f4xx_tim.o)
    0x080085e0   0x080085e0   0x00000012   Code   RO         3372    i.TIM_OC1PreloadConfig  STM32F427_StdPeriph_Driver.lib(stm32f4xx_tim.o)
    0x080085f2   0x080085f2   0x00000002   PAD
    0x080085f4   0x080085f4   0x000000a4   Code   RO         3374    i.TIM_OC2Init       STM32F427_StdPeriph_Driver.lib(stm32f4xx_tim.o)
    0x08008698   0x08008698   0x0000001a   Code   RO         3377    i.TIM_OC2PreloadConfig  STM32F427_StdPeriph_Driver.lib(stm32f4xx_tim.o)
    0x080086b2   0x080086b2   0x00000002   PAD
    0x080086b4   0x080086b4   0x000000a0   Code   RO         3379    i.TIM_OC3Init       STM32F427_StdPeriph_Driver.lib(stm32f4xx_tim.o)
    0x08008754   0x08008754   0x00000012   Code   RO         3382    i.TIM_OC3PreloadConfig  STM32F427_StdPeriph_Driver.lib(stm32f4xx_tim.o)
    0x08008766   0x08008766   0x00000002   PAD
    0x08008768   0x08008768   0x00000078   Code   RO         3384    i.TIM_OC4Init       STM32F427_StdPeriph_Driver.lib(stm32f4xx_tim.o)
    0x080087e0   0x080087e0   0x0000001a   Code   RO         3386    i.TIM_OC4PreloadConfig  STM32F427_StdPeriph_Driver.lib(stm32f4xx_tim.o)
    0x080087fa   0x080087fa   0x00000002   PAD
    0x080087fc   0x080087fc   0x00000084   Code   RO         3412    i.TIM_TimeBaseInit  STM32F427_StdPeriph_Driver.lib(stm32f4xx_tim.o)
    0x08008880   0x08008880   0x00000012   Code   RO         3890    i.USART_ClearFlag   STM32F427_StdPeriph_Driver.lib(stm32f4xx_usart.o)
    0x08008892   0x08008892   0x0000001e   Code   RO         3891    i.USART_ClearITPendingBit  STM32F427_StdPeriph_Driver.lib(stm32f4xx_usart.o)
    0x080088b0   0x080088b0   0x00000018   Code   RO         3894    i.USART_Cmd         STM32F427_StdPeriph_Driver.lib(stm32f4xx_usart.o)
    0x080088c8   0x080088c8   0x00000012   Code   RO         3895    i.USART_DMACmd      STM32F427_StdPeriph_Driver.lib(stm32f4xx_usart.o)
    0x080088da   0x080088da   0x00000054   Code   RO         3898    i.USART_GetITStatus  STM32F427_StdPeriph_Driver.lib(stm32f4xx_usart.o)
    0x0800892e   0x0800892e   0x0000004a   Code   RO         3900    i.USART_ITConfig    STM32F427_StdPeriph_Driver.lib(stm32f4xx_usart.o)
    0x08008978   0x08008978   0x000000d4   Code   RO         3901    i.USART_Init        STM32F427_StdPeriph_Driver.lib(stm32f4xx_usart.o)
    0x08008a4c   0x08008a4c   0x00000016   Code   RO         3907    i.USART_OverSampling8Cmd  STM32F427_StdPeriph_Driver.lib(stm32f4xx_usart.o)
    0x08008a62   0x08008a62   0x00000016   Code   RO         1240    i.USBD_ClrCfg       SP19_USB.lib(usbd_core.o)
    0x08008a78   0x08008a78   0x00000048   Code   RO         1515    i.USBD_ClrFeature   SP19_USB.lib(usbd_req.o)
    0x08008ac0   0x08008ac0   0x0000001e   Code   RO         1452    i.USBD_CtlContinueRx  SP19_USB.lib(usbd_ioreq.o)
    0x08008ade   0x08008ade   0x0000001e   Code   RO         1453    i.USBD_CtlContinueSendData  SP19_USB.lib(usbd_ioreq.o)
    0x08008afc   0x08008afc   0x0000001e   Code   RO         1516    i.USBD_CtlError     SP19_USB.lib(usbd_req.o)
    0x08008b1a   0x08008b1a   0x00000024   Code   RO         1455    i.USBD_CtlReceiveStatus  SP19_USB.lib(usbd_ioreq.o)
    0x08008b3e   0x08008b3e   0x0000002e   Code   RO         1456    i.USBD_CtlSendData  SP19_USB.lib(usbd_ioreq.o)
    0x08008b6c   0x08008b6c   0x00000024   Code   RO         1457    i.USBD_CtlSendStatus  SP19_USB.lib(usbd_ioreq.o)
    0x08008b90   0x08008b90   0x000000d0   Code   RO         1241    i.USBD_DataInStage  SP19_USB.lib(usbd_core.o)
    0x08008c60   0x08008c60   0x00000096   Code   RO         1242    i.USBD_DataOutStage  SP19_USB.lib(usbd_core.o)
    0x08008cf6   0x08008cf6   0x00000002   PAD
    0x08008cf8   0x08008cf8   0x00000054   Code   RO         1517    i.USBD_GetConfig    SP19_USB.lib(usbd_req.o)
    0x08008d4c   0x08008d4c   0x00000122   Code   RO         1518    i.USBD_GetDescriptor  SP19_USB.lib(usbd_req.o)
    0x08008e6e   0x08008e6e   0x00000002   PAD
    0x08008e70   0x08008e70   0x00000050   Code   RO         1520    i.USBD_GetStatus    SP19_USB.lib(usbd_req.o)
    0x08008ec0   0x08008ec0   0x00000012   Code   RO         1245    i.USBD_IsoINIncomplete  SP19_USB.lib(usbd_core.o)
    0x08008ed2   0x08008ed2   0x00000012   Code   RO         1246    i.USBD_IsoOUTIncomplete  SP19_USB.lib(usbd_core.o)
    0x08008ee4   0x08008ee4   0x000000e0   Code   RO         2036    i.USBD_OTG_ISR_Handler  SP19_USB.lib(usb_dcd_int.o)
    0x08008fc4   0x08008fc4   0x00000048   Code   RO         1522    i.USBD_ParseSetupRequest  SP19_USB.lib(usbd_req.o)
    0x0800900c   0x0800900c   0x00000032   Code   RO         1247    i.USBD_Reset        SP19_USB.lib(usbd_core.o)
    0x0800903e   0x0800903e   0x0000001e   Code   RO         1248    i.USBD_Resume       SP19_USB.lib(usbd_core.o)
    0x0800905c   0x0800905c   0x00000014   Code   RO         1249    i.USBD_RunTestMode  SP19_USB.lib(usbd_core.o)
    0x08009070   0x08009070   0x0000001a   Code   RO         1250    i.USBD_SOF          SP19_USB.lib(usbd_core.o)
    0x0800908a   0x0800908a   0x0000005c   Code   RO         1523    i.USBD_SetAddress   SP19_USB.lib(usbd_req.o)
    0x080090e6   0x080090e6   0x0000001e   Code   RO         1251    i.USBD_SetCfg       SP19_USB.lib(usbd_core.o)
    0x08009104   0x08009104   0x000000d0   Code   RO         1524    i.USBD_SetConfig    SP19_USB.lib(usbd_req.o)
    0x080091d4   0x080091d4   0x000000a4   Code   RO         1525    i.USBD_SetFeature   SP19_USB.lib(usbd_req.o)
    0x08009278   0x08009278   0x00000054   Code   RO         1252    i.USBD_SetupStage   SP19_USB.lib(usbd_core.o)
    0x080092cc   0x080092cc   0x00000072   Code   RO         1526    i.USBD_StdDevReq    SP19_USB.lib(usbd_req.o)
    0x0800933e   0x0800933e   0x00000002   PAD
    0x08009340   0x08009340   0x0000015c   Code   RO         1527    i.USBD_StdEPReq     SP19_USB.lib(usbd_req.o)
    0x0800949c   0x0800949c   0x0000004c   Code   RO         1528    i.USBD_StdItfReq    SP19_USB.lib(usbd_req.o)
    0x080094e8   0x080094e8   0x00000020   Code   RO         1253    i.USBD_Suspend      SP19_USB.lib(usbd_core.o)
    0x08009508   0x08009508   0x0000006a   Code   RO         1625    i.USB_OTG_EP0Activate  SP19_USB.lib(usb_core.o)
    0x08009572   0x08009572   0x00000156   Code   RO         1626    i.USB_OTG_EP0StartXfer  SP19_USB.lib(usb_core.o)
    0x080096c8   0x080096c8   0x00000062   Code   RO         1627    i.USB_OTG_EP0_OutStart  SP19_USB.lib(usb_core.o)
    0x0800972a   0x0800972a   0x00000098   Code   RO         1628    i.USB_OTG_EPActivate  SP19_USB.lib(usb_core.o)
    0x080097c2   0x080097c2   0x00000050   Code   RO         1629    i.USB_OTG_EPClearStall  SP19_USB.lib(usb_core.o)
    0x08009812   0x08009812   0x00000064   Code   RO         1631    i.USB_OTG_EPSetStall  SP19_USB.lib(usb_core.o)
    0x08009876   0x08009876   0x000001f6   Code   RO         1632    i.USB_OTG_EPStartXfer  SP19_USB.lib(usb_core.o)
    0x08009a6c   0x08009a6c   0x00000054   Code   RO         1638    i.USB_OTG_FlushTxFifo  SP19_USB.lib(usb_core.o)
    0x08009ac0   0x08009ac0   0x00000034   Code   RO         1639    i.USB_OTG_GetDeviceSpeed  SP19_USB.lib(usb_core.o)
    0x08009af4   0x08009af4   0x0000000c   Code   RO         1641    i.USB_OTG_GetMode   SP19_USB.lib(usb_core.o)
    0x08009b00   0x08009b00   0x00000016   Code   RO         1648    i.USB_OTG_IsDeviceMode  SP19_USB.lib(usb_core.o)
    0x08009b16   0x08009b16   0x00000010   Code   RO         1651    i.USB_OTG_ReadCoreItr  SP19_USB.lib(usb_core.o)
    0x08009b26   0x08009b26   0x00000010   Code   RO         1652    i.USB_OTG_ReadDevAllInEPItr  SP19_USB.lib(usb_core.o)
    0x08009b36   0x08009b36   0x00000010   Code   RO         1653    i.USB_OTG_ReadDevAllOutEp_itr  SP19_USB.lib(usb_core.o)
    0x08009b46   0x08009b46   0x00000014   Code   RO         1654    i.USB_OTG_ReadDevOutEP_itr  SP19_USB.lib(usb_core.o)
    0x08009b5a   0x08009b5a   0x00000028   Code   RO         1658    i.USB_OTG_ReadPacket  SP19_USB.lib(usb_core.o)
    0x08009b82   0x08009b82   0x00000036   Code   RO         1665    i.USB_OTG_UngateClock  SP19_USB.lib(usb_core.o)
    0x08009bb8   0x08009bb8   0x00000040   Code   RO         1666    i.USB_OTG_WritePacket  SP19_USB.lib(usb_core.o)
    0x08009bf8   0x08009bf8   0x00000024   Code   RO          519    sp_delay            sp_delay.o
    0x08009c1c   0x08009c1c   0x00000062   Code   RO         4437    x$fpl$d2f           fz_wm.l(d2f.o)
    0x08009c7e   0x08009c7e   0x00000002   PAD
    0x08009c80   0x08009c80   0x00000150   Code   RO         4439    x$fpl$dadd          fz_wm.l(daddsub_clz.o)
    0x08009dd0   0x08009dd0   0x00000018   Code   RO         4643    x$fpl$dcmpinf       fz_wm.l(dcmpi.o)
    0x08009de8   0x08009de8   0x00000078   Code   RO         4543    x$fpl$deqf          fz_wm.l(deqf.o)
    0x08009e60   0x08009e60   0x00000078   Code   RO         4545    x$fpl$dgeqf         fz_wm.l(dgeqf.o)
    0x08009ed8   0x08009ed8   0x00000078   Code   RO         4547    x$fpl$dleqf         fz_wm.l(dleqf.o)
    0x08009f50   0x08009f50   0x00000154   Code   RO         4457    x$fpl$dmul          fz_wm.l(dmul.o)
    0x0800a0a4   0x0800a0a4   0x0000009c   Code   RO         4549    x$fpl$dnaninf       fz_wm.l(dnaninf.o)
    0x0800a140   0x0800a140   0x0000000c   Code   RO         4551    x$fpl$dretinf       fz_wm.l(dretinf.o)
    0x0800a14c   0x0800a14c   0x000001d4   Code   RO         4441    x$fpl$dsub          fz_wm.l(daddsub_clz.o)
    0x0800a320   0x0800a320   0x00000056   Code   RO         4459    x$fpl$f2d           fz_wm.l(f2d.o)
    0x0800a376   0x0800a376   0x00000054   Code   RO         4445    x$fpl$fcmp          fz_wm.l(dcmp.o)
    0x0800a3ca   0x0800a3ca   0x0000008c   Code   RO         4555    x$fpl$fnaninf       fz_wm.l(fnaninf.o)
    0x0800a456   0x0800a456   0x0000001a   Code   RO         4837    x$fpl$fpinit        fz_wm.l(fpinit.o)
    0x0800a470   0x0800a470   0x0000000a   Code   RO         4557    x$fpl$fretinf       fz_wm.l(fretinf.o)
    0x0800a47a   0x0800a47a   0x00000000   Code   RO         4559    x$fpl$usenofp       fz_wm.l(usenofp.o)
    0x0800a47a   0x0800a47a   0x00000100   Data   RO         1227    .rodata.CRC8_TAB    referee_crc.o
    0x0800a57a   0x0800a57a   0x00000100   Data   RO          860    .rodata.CRC8_Table  frame.o
    0x0800a67a   0x0800a67a   0x00000002   PAD
    0x0800a67c   0x0800a67c   0x00000010   Data   RO          421    .rodata.cst16       sp_irq.o
    0x0800a68c   0x0800a68c   0x00000018   Data   RO          676    .rodata.spCAN       sp_can.o
    0x0800a6a4   0x0800a6a4   0x0000001c   Data   RO          640    .rodata.spDMA       sp_dma.o
    0x0800a6c0   0x0800a6c0   0x00000028   Data   RO          616    .rodata.spGPIO      sp_gpio.o
    0x0800a6e8   0x0800a6e8   0x00000014   Data   RO          695    .rodata.spTIMER     sp_timer.o
    0x0800a6fc   0x0800a6fc   0x00000016   Data   RO          675    .rodata.str1.1      sp_can.o
    0x0800a712   0x0800a712   0x00000200   Data   RO         1229    .rodata.wCRC_Table  referee_crc.o
    0x0800a912   0x0800a912   0x00000002   PAD
    0x0800a914   0x0800a914   0x00000020   Data   RO         4905    Region$$Table       anon$$obj.o


    Execution Region RW_IRAM1 (Exec base: 0x20000000, Load base: 0x0800a938, Size: 0x00005388, Max: 0x00030000, ABSOLUTE, COMPRESSED[0x00000180])

    Exec Addr    Load Addr    Size         Type   Attr      Idx    E Section Name        Object

    0x20000000   COMPRESSED   0x00000034   Data   RW         1254    .data               SP19_USB.lib(usbd_core.o)
    0x20000034   COMPRESSED   0x0000000d   Data   RW         1530    .data               SP19_USB.lib(usbd_req.o)
    0x20000041   COMPRESSED   0x00000010   Data   RW         2811    .data               STM32F427_StdPeriph_Driver.lib(stm32f4xx_rcc.o)
    0x20000051   COMPRESSED   0x00000003   PAD
    0x20000054   COMPRESSED   0x00000004   Data   RW         4536    .data               c_w.l(stdio_streams.o)
    0x20000058   COMPRESSED   0x00000004   Data   RW         4537    .data               c_w.l(stdio_streams.o)
    0x2000005c   COMPRESSED   0x00000004   Data   RW         4538    .data               c_w.l(stdio_streams.o)
    0x20000060   COMPRESSED   0x00000004   Data   RW          287    .data.CHASIS_Looper.EnemyCoefficient  sp_chasis.o
    0x20000064   COMPRESSED   0x00000004   Data   RW          289    .data.CHASIS_Looper.EnemyCoefficient.2  sp_chasis.o
    0x20000068   COMPRESSED   0x00000004   Data   RW          286    .data.CHASIS_Looper.timeticket  sp_chasis.o
    0x2000006c   COMPRESSED   0x00000002   Data   RW         1228    .data.CRC_INIT      referee_crc.o
    0x2000006e   COMPRESSED   0x00000002   PAD
    0x20000070   COMPRESSED   0x00000004   Data   RW          233    .data.Cooling_tickets  sp_shoot.o
    0x20000074   COMPRESSED   0x00000004   Data   RW          229    .data.Feed_Motor_Looper.motor_position_ex  sp_shoot.o
    0x20000078   COMPRESSED   0x00000004   Data   RW          208    .data.Feed_SPEED    sp_shoot.o
    0x2000007c   COMPRESSED   0x00000001   Data   RW          277    .data.L_flag        sp_chasis.o
    0x2000007d   COMPRESSED   0x00000001   Data   RW          278    .data.R_flag        sp_chasis.o
    0x2000007e   COMPRESSED   0x00000002   PAD
    0x20000080   COMPRESSED   0x00000004   Data   RW          276    .data.SPEED_CHANGE_LIMIT  sp_chasis.o
    0x20000084   COMPRESSED   0x00000004   Data   RW         1009    .data.SystemCoreClock  system_stm32f427ii.o
    0x20000088   COMPRESSED   0x0000010a   Data   RW           50    .data.USART_Transfer  sp_task.o
    0x20000192   COMPRESSED   0x00000002   PAD
    0x20000194   COMPRESSED   0x00000004   Data   RW          274    .data.chasis_direction  sp_chasis.o
    0x20000198   COMPRESSED   0x00000004   Data   RW          270    .data.chasis_out_limit  sp_chasis.o
    0x2000019c   COMPRESSED   0x00000004   Data   RW          269    .data.chasis_speed_limit  sp_chasis.o
    0x200001a0   COMPRESSED   0x00000004   Data   RW          268    .data.cruise_speed  sp_chasis.o
    0x200001a4   COMPRESSED   0x00000002   Data   RW          273    .data.distance_Threshold  sp_chasis.o
    0x200001a6   COMPRESSED   0x00000001   Data   RW          812    .data.enemy_area    auto_aim.o
    0x200001a7   COMPRESSED   0x00000001   PAD
    0x200001a8   COMPRESSED   0x00000004   Data   RW          209    .data.max_shoot_speed  sp_shoot.o
    0x200001ac   COMPRESSED   0x00000004   Data   RW          350    .data.pitch_curise_speed  gimbal.o
    0x200001b0   COMPRESSED   0x00000004   Data   RW          819    .data.pitch_frame_max  auto_aim.o
    0x200001b4   COMPRESSED   0x00000004   Data   RW          347    .data.pitch_seperate_limit  gimbal.o
    0x200001b8   COMPRESSED   0x00000001   Data   RW          210    .data.robotMode     sp_shoot.o
    0x200001b9   COMPRESSED   0x00000007   PAD
    0x200001c0   COMPRESSED   0x000002a8   Data   RW          281    .data.spCHASIS      sp_chasis.o
    0x20000468   COMPRESSED   0x00000008   Data   RW           46    .data.spClock       sp_task.o
    0x20000470   COMPRESSED   0x00000018   Data   RW          639    .data.spDMA_Mem2Mem  sp_dma.o
    0x20000488   COMPRESSED   0x0000004c   Data   RW          353    .data.spGIMBAL_Controller  gimbal.o
    0x200004d4   COMPRESSED   0x0000000c   Data   RW          418    .data.spIRQ         sp_irq.o
    0x200004e0   COMPRESSED   0x00000050   Data   RW          156    .data.spMOTOR       sp_motor.o
    0x20000530   COMPRESSED   0x00000044   Data   RW          449    .data.spSENTRY      sp_sentry.o
    0x20000574   COMPRESSED   0x00000004   Data   RW          344    .data.visual_lpitch_kp  gimbal.o
    0x20000578   COMPRESSED   0x00000004   Data   RW          337    .data.visual_lyaw_kp  gimbal.o
    0x2000057c   COMPRESSED   0x00000004   Data   RW          343    .data.visual_spitch_kd  gimbal.o
    0x20000580   COMPRESSED   0x00000004   Data   RW          342    .data.visual_spitch_ki  gimbal.o
    0x20000584   COMPRESSED   0x00000004   Data   RW          341    .data.visual_spitch_kp  gimbal.o
    0x20000588   COMPRESSED   0x00000004   Data   RW          336    .data.visual_syaw_kd  gimbal.o
    0x2000058c   COMPRESSED   0x00000004   Data   RW          335    .data.visual_syaw_ki  gimbal.o
    0x20000590   COMPRESSED   0x00000004   Data   RW          334    .data.visual_syaw_kp  gimbal.o
    0x20000594   COMPRESSED   0x00000004   Data   RW          349    .data.yaw_cruise_speed  gimbal.o
    0x20000598   COMPRESSED   0x00000004   Data   RW          818    .data.yaw_frame_max  auto_aim.o
    0x2000059c   COMPRESSED   0x0000001c   Data   RW          351    .data.yaw_limit     gimbal.o
    0x200005b8   COMPRESSED   0x00000004   Data   RW          368    .data.yaw_limit_max  gimbal.o
    0x200005bc   COMPRESSED   0x00000004   Data   RW          369    .data.yaw_limit_min  gimbal.o
    0x200005c0   COMPRESSED   0x00000004   Data   RW          340    .data.yaw_seperate_limit  gimbal.o
    0x200005c4   COMPRESSED   0x00000004   PAD
    0x200005c8        -       0x00000054   Zero   RW         4533    .bss                c_w.l(stdio_streams.o)
    0x2000061c        -       0x00000054   Zero   RW         4534    .bss                c_w.l(stdio_streams.o)
    0x20000670        -       0x00000054   Zero   RW         4535    .bss                c_w.l(stdio_streams.o)
    0x200006c4        -       0x00000060   Zero   RW         4650    .bss                c_w.l(libspace.o)
    0x20000724        -       0x00000004   Zero   RW          290    .bss.CHASIS_Looper.time  sp_chasis.o
    0x20000728        -       0x00000004   Zero   RW          288    .bss.CHASIS_Looper.timeticket.1  sp_chasis.o
    0x2000072c        -       0x00000001   Zero   RW          284    .bss.CHASIS_Move.last_change  sp_chasis.o
    0x2000072d   COMPRESSED   0x00000003   PAD
    0x20000730        -       0x00000004   Zero   RW          283    .bss.CHASIS_Move.stop_time  sp_chasis.o
    0x20000734        -       0x00000004   Zero   RW          228    .bss.Feed_Motor_Looper.motor_position  sp_shoot.o
    0x20000738        -       0x00000001   Zero   RW          226    .bss.Feed_Motor_Looper.stop_flag  sp_shoot.o
    0x20000739   COMPRESSED   0x00000001   PAD
    0x2000073a        -       0x00000002   Zero   RW          227    .bss.Feed_Motor_Looper.times  sp_shoot.o
    0x2000073c        -       0x00000002   Zero   RW          231    .bss.Feed_Motor_Looper.times2  sp_shoot.o
    0x2000073e   COMPRESSED   0x00000002   PAD
    0x20000740        -       0x00000004   Zero   RW          225    .bss.Feed_motor     sp_shoot.o
    0x20000744        -       0x00000004   Zero   RW          217    .bss.Friction_CH1   sp_shoot.o
    0x20000748        -       0x00000004   Zero   RW          218    .bss.Friction_CH2   sp_shoot.o
    0x2000074c        -       0x00000002   Zero   RW          222    .bss.Friction_Looper.speed_shoot  sp_shoot.o
    0x2000074e        -       0x00000002   Zero   RW          223    .bss.Friction_Looper.timeticket  sp_shoot.o
    0x20000750        -       0x00000002   Zero   RW          370    .bss.GIMBAL_MiddleLooper.pass_flag  gimbal.o
    0x20000752   COMPRESSED   0x00000002   PAD
    0x20000754        -       0x00000004   Zero   RW          363    .bss.GIMBAL_State.large_time  gimbal.o
    0x20000758        -       0x00000004   Zero   RW          367    .bss.GIMBAL_State.large_time.2  gimbal.o
    0x2000075c        -       0x00000001   Zero   RW          358    .bss.GIMBAL_State.pitch_direction  gimbal.o
    0x2000075d   COMPRESSED   0x00000003   PAD
    0x20000760        -       0x00000004   Zero   RW          357    .bss.GIMBAL_State.pitch_set  gimbal.o
    0x20000764        -       0x00000004   Zero   RW          359    .bss.GIMBAL_State.pitch_time  gimbal.o
    0x20000768        -       0x00000004   Zero   RW          362    .bss.GIMBAL_State.time_out  gimbal.o
    0x2000076c        -       0x00000004   Zero   RW          366    .bss.GIMBAL_State.time_out.1  gimbal.o
    0x20000770        -       0x00000004   Zero   RW          356    .bss.GIMBAL_State.yaw_set  gimbal.o
    0x20000774        -       0x00000008   Zero   RW          355    .bss.GimbalController  gimbal.o
    0x2000077c        -       0x00000001   Zero   RW         1123    .bss.Infrared_Flag  infrared.o
    0x2000077d   COMPRESSED   0x00000001   PAD
    0x2000077e        -       0x00000002   Zero   RW          271    .bss.L_distance     sp_chasis.o
    0x20000780        -       0x00000a00   Zero   RW          151    .bss.MOTORs         sp_motor.o
    0x20001180        -       0x00000037   Zero   RW          183    .bss.RC_Manager     sp_rc.o
    0x200011b7   COMPRESSED   0x00000001   PAD
    0x200011b8        -       0x00000002   Zero   RW          272    .bss.R_distance     sp_chasis.o
    0x200011ba   COMPRESSED   0x00000002   PAD
    0x200011bc        -       0x00000004   Zero   RW          235    .bss.Shooting_Control_Looper.auto_aim_keep  sp_shoot.o
    0x200011c0        -       0x0000001c   Zero   RW          232    .bss.Shooting_Control_Looper.recv_ex  sp_shoot.o
    0x200011dc        -       0x00000004   Zero   RW          234    .bss.Shooting_Control_Looper.times_tick  sp_shoot.o
    0x200011e0        -       0x00000004   Zero   RW          236    .bss.Shooting_Control_Looper.times_tick.1  sp_shoot.o
    0x200011e4        -       0x00000002   Zero   RW           53    .bss.TASK_Backend.tick_init  sp_task.o
    0x200011e6        -       0x00000002   Zero   RW           52    .bss.TASK_ControlLooper.remain_HP  sp_task.o
    0x200011e8        -       0x00000040   Zero   RW          943    .bss.USB_Callback_Pool  usb.o
    0x20001228        -       0x00000a90   Zero   RW          941    .bss.USB_OTG_dev    usb.o
    0x20001cb8        -       0x00000f00   Zero   RW          155    .bss.__CHASIS_PositionPID  sp_motor.o
    0x20002bb8        -       0x00000f00   Zero   RW          154    .bss.__CHASIS_SpeedPID  sp_motor.o
    0x20003ab8        -       0x00000094   Zero   RW          152    .bss.__MOTOR_CAN1_Manager  sp_motor.o
    0x20003b4c        -       0x00000094   Zero   RW          153    .bss.__MOTOR_CAN2_Manager  sp_motor.o
    0x20003be0        -       0x00000040   Zero   RW          671    .bss.__can1_receivers  sp_can.o
    0x20003c20        -       0x00000040   Zero   RW          673    .bss.__can1_transmitters  sp_can.o
    0x20003c60        -       0x00000040   Zero   RW          672    .bss.__can2_receivers  sp_can.o
    0x20003ca0        -       0x00000040   Zero   RW          674    .bss.__can2_transmitters  sp_can.o
    0x20003ce0        -       0x00000096   Zero   RW          591    .bss.__stderr_name  sp_usart.o
    0x20003d76        -       0x00000096   Zero   RW          589    .bss.__stdin_name   sp_usart.o
    0x20003e0c        -       0x00000096   Zero   RW          590    .bss.__stdout_name  sp_usart.o
    0x20003ea2   COMPRESSED   0x00000002   PAD
    0x20003ea4        -       0x00000114   Zero   RW          448    .bss._sentry_reg    sp_sentry.o
    0x20003fb8        -       0x00000008   Zero   RW          450    .bss._sp_msg_rx_buffer  sp_sentry.o
    0x20003fc0        -       0x00000008   Zero   RW          451    .bss._sp_msg_tx_buffer  sp_sentry.o
    0x20003fc8        -       0x00000004   Zero   RW         1177    .bss.attacked_time  referee.o
    0x20003fcc        -       0x00000001   Zero   RW          820    .bss.auto_aim_flag  auto_aim.o
    0x20003fcd        -       0x00000001   Zero   RW          279    .bss.change_flag    sp_chasis.o
    0x20003fce   COMPRESSED   0x00000002   PAD
    0x20003fd0        -       0x00000004   Zero   RW          267    .bss.chasis_speed   sp_chasis.o
    0x20003fd4        -       0x00000020   Zero   RW         1176    .bss.count          referee.o
    0x20003ff4        -       0x00000100   Zero   RW         1193    .bss.dump_buffer    referee.o
    0x200040f4        -       0x00000001   Zero   RW          813    .bss.enemy_empty_area  auto_aim.o
    0x200040f5        -       0x00000002   Zero   RW         1188    .bss.ext_aerial_robot_energy  referee.o
    0x200040f7        -       0x00000001   Zero   RW         1187    .bss.ext_buff_musk  referee.o
    0x200040f8        -       0x00000004   Zero   RW         1181    .bss.ext_event_data  referee.o
    0x200040fc        -       0x00000001   Zero   RW         1179    .bss.ext_game_result  referee.o
    0x200040fd   COMPRESSED   0x00000001   PAD
    0x200040fe        -       0x0000001c   Zero   RW         1180    .bss.ext_game_robot_HP  referee.o
    0x2000411a   COMPRESSED   0x00000002   PAD
    0x2000411c        -       0x00000010   Zero   RW         1186    .bss.ext_game_robot_pos  referee.o
    0x2000412c        -       0x0000000f   Zero   RW         1184    .bss.ext_game_robot_state  referee.o
    0x2000413b        -       0x00000003   Zero   RW         1178    .bss.ext_game_state  referee.o
    0x2000413e        -       0x0000000e   Zero   RW         1185    .bss.ext_power_heat_data  referee.o
    0x2000414c        -       0x00000001   Zero   RW         1189    .bss.ext_robot_hurt  referee.o
    0x2000414d        -       0x00000077   Zero   RW         1191    .bss.ext_robot_interactive_data  referee.o
    0x200041c4        -       0x00000006   Zero   RW         1190    .bss.ext_shoot_data  referee.o
    0x200041ca        -       0x00000004   Zero   RW         1182    .bss.ext_supply_projectile_action  referee.o
    0x200041ce        -       0x00000003   Zero   RW         1183    .bss.ext_supply_projectile_booking  referee.o
    0x200041d1   COMPRESSED   0x00000003   PAD
    0x200041d4        -       0x0000000f   Zero   RW          822    .bss.fram           auto_aim.o
    0x200041e3        -       0x0000000f   Zero   RW          823    .bss.frame_ex       auto_aim.o
    0x200041f2   COMPRESSED   0x00000002   PAD
    0x200041f4        -       0x0000000f   Zero   RW          824    .bss.frame_visual   auto_aim.o
    0x20004203   COMPRESSED   0x00000001   PAD
    0x20004204        -       0x00000001   Zero   RW          224    .bss.frictionState  sp_shoot.o
    0x20004205        -       0x00000001   Zero   RW          333    .bss.gimbal_inited  gimbal.o
    0x20004206   COMPRESSED   0x00000002   PAD
    0x20004208        -       0x00000004   Zero   RW          354    .bss.gimbal_pitch_motor  gimbal.o
    0x2000420c        -       0x00000004   Zero   RW          352    .bss.gimbal_yaw_motor  gimbal.o
    0x20004210        -       0x00000004   Zero   RW          811    .bss.if_if_newframe  auto_aim.o
    0x20004214        -       0x00000004   Zero   RW          810    .bss.if_newframe    auto_aim.o
    0x20004218        -       0x00000004   Zero   RW          348    .bss.pitch_add      gimbal.o
    0x2000421c        -       0x00000004   Zero   RW          365    .bss.pitch_set_last  gimbal.o
    0x20004220        -       0x0000001c   Zero   RW           51    .bss.recv           sp_task.o
    0x2000423c        -       0x0000001c   Zero   RW          291    .bss.recv_ex        sp_chasis.o
    0x20004258        -       0x00000100   Zero   RW         1192    .bss.referee_buffer  referee.o
    0x20004358        -       0x00000011   Zero   RW         1194    .bss.referee_send_HP.robot_data  referee.o
    0x20004369        -       0x00000001   Zero   RW          285    .bss.robotMode_ex   sp_chasis.o
    0x2000436a        -       0x00000001   Zero   RW          360    .bss.robotMode_ex   gimbal.o
    0x2000436b        -       0x00000064   Zero   RW          864    .bss.sendbuffer     frame.o
    0x200043cf        -       0x0000000f   Zero   RW          863    .bss.sendtoCom_frame  frame.o
    0x200043de        -       0x00000001   Zero   RW          230    .bss.shootState     sp_shoot.o
    0x200043df   COMPRESSED   0x00000001   PAD
    0x200043e0        -       0x0000016c   Zero   RW          419    .bss.spIRQ_CbEntries  sp_irq.o
    0x2000454c        -       0x00000800   Zero   RW          420    .bss.spIRQ_CbPool   sp_irq.o
    0x20004d4c        -       0x00000004   Zero   RW          266    .bss.speed          sp_chasis.o
    0x20004d50        -       0x00000004   Zero   RW          282    .bss.speedA         sp_chasis.o
    0x20004d54        -       0x00000004   Zero   RW          292    .bss.speed_last     sp_chasis.o
    0x20004d58        -       0x00000004   Zero   RW          265    .bss.target_motor207  sp_chasis.o
    0x20004d5c        -       0x00000004   Zero   RW           48    .bss.task_counter   sp_task.o
    0x20004d60        -       0x00000001   Zero   RW           49    .bss.task_inited    sp_task.o
    0x20004d61   COMPRESSED   0x00000003   PAD
    0x20004d64        -       0x00000004   Zero   RW          280    .bss.test_output    sp_chasis.o
    0x20004d68        -       0x00000004   Zero   RW          361    .bss.times_D        gimbal.o
    0x20004d6c        -       0x00000002   Zero   RW           47    .bss.uxCriticalNesting  sp_task.o
    0x20004d6e   COMPRESSED   0x00000002   PAD
    0x20004d70        -       0x00000004   Zero   RW          346    .bss.visual_lpitch_kd  gimbal.o
    0x20004d74        -       0x00000004   Zero   RW          345    .bss.visual_lpitch_ki  gimbal.o
    0x20004d78        -       0x00000004   Zero   RW          339    .bss.visual_lyaw_kd  gimbal.o
    0x20004d7c        -       0x00000004   Zero   RW          338    .bss.visual_lyaw_ki  gimbal.o
    0x20004d80        -       0x00000004   Zero   RW          364    .bss.yaw_set_last   gimbal.o
    0x20004d84   COMPRESSED   0x00000004   PAD
    0x20004d88        -       0x00000200   Zero   RW         1019    HEAP                startup_stm32f427ii.o
    0x20004f88        -       0x00000400   Zero   RW         1018    STACK               startup_stm32f427ii.o


==============================================================================

Image component sizes


      Code (inc. data)   RO Data    RW Data    ZI Data      Debug   Object Name

       390          0          0          9         55       2951   auto_aim.o
       336          8        256          0        115       3519   frame.o
      3776        130          0        160         81      10911   gimbal.o
         0          0          0          0          1       2990   infrared.o
       852         64          0          0          0       2916   main.o
      1058          8          0          0        782      13094   referee.o
       270          0        768          2          0       3553   referee_crc.o
      1164          0         46          0        256       8293   sp_can.o
      2420        196          0        716         71       9721   sp_chasis.o
        36          0          0          0          0        272   sp_delay.o
       732          0         28         24          0       4926   sp_dma.o
       692         74         40          0          0       4750   sp_gpio.o
       950          0         16         12       2412       6955   sp_irq.o
      2998        132          0         80      10536      13527   sp_motor.o
       814         32          0          0          0       6806   sp_pid.o
      1106          4          0          0         55       6129   sp_rc.o
        46          0          0          0          0       1211   sp_rng.o
       516          4          0         68        292       6620   sp_sentry.o
      1506         28          0         17         67       7533   sp_shoot.o
      1454         32          0        274         39      10950   sp_task.o
      1250         20         20          0          0       5403   sp_timer.o
      1684          0          0          0        450       8293   sp_usart.o
       418          8          0          0          0       6458   sp_utility.o
         8          0          0          0          0        638   sp_watchdog.o
        64         26        428          0       1536        824   startup_stm32f427ii.o
       308          0          0          4          0       3263   system_stm32f427ii.o
        66          0          0          0       2768       7494   usb.o
        70          0          0          0          0      10565   usb_bsp.o
        26          0          0          0          0       8720   usbd_hid_core.o

    ----------------------------------------------------------------------
     25132        766       1638       1380      19560     179285   Object Totals
         0          0         32          0          0          0   (incl. Generated)
       122          0          4         14         44          0   (incl. Padding)

    ----------------------------------------------------------------------

      Code (inc. data)   RO Data    RW Data    ZI Data      Debug   Library Member Name

      1776          4          0          0          0      13343   usb_core.o
       436          0          0          0          0       4782   usb_dcd.o
      1930         50          0          0          0       9731   usb_dcd_int.o
       688          6          0         52          0      33562   usbd_core.o
       178          0          0          0          0       3988   usbd_ioreq.o
      1630         54          0         13          0       9546   usbd_req.o
       140         24          0          0          0     319315   misc.o
      1566         16          0          0          0       6762   stm32f4xx_can.o
       688         58          0          0          0       6663   stm32f4xx_dma.o
        36         10          0          0          0       1204   stm32f4xx_exti.o
       266          0          0          0          0       5030   stm32f4xx_gpio.o
        16          6          0          0          0        525   stm32f4xx_iwdg.o
       360         42          0         16          0       5492   stm32f4xx_rcc.o
        72         16          0          0          0       1728   stm32f4xx_rng.o
       924         66          0          0          0      10758   stm32f4xx_tim.o
       482          8          0          0          0       6458   stm32f4xx_usart.o
        90          0          0          0          0          0   __dczerorl2.o
         8          0          0          0          0         68   __main.o
       104          0          0          0          0         84   __printf.o
         0          0          0          0          0          0   __rtentry.o
        12          0          0          0          0          0   __rtentry2.o
         6          0          0          0          0          0   __rtentry4.o
        52          8          0          0          0          0   __scatter.o
        28          0          0          0          0          0   __scatter_zi.o
        44          0          0          0          0        108   _printf_char.o
        48          6          0          0          0         96   _printf_char_common.o
        36          4          0          0          0         80   _printf_char_file.o
         6          0          0          0          0          0   _printf_d.o
       120         16          0          0          0         92   _printf_dec.o
       178          0          0          0          0         88   _printf_intcommon.o
         0          0          0          0          0          0   _printf_percent.o
         4          0          0          0          0          0   _printf_percent_end.o
         6          0          0          0          0          0   _printf_s.o
        82          0          0          0          0         80   _printf_str.o
        10          0          0          0          0         68   defsig_exit.o
        50          0          0          0          0         88   defsig_general.o
        80         58          0          0          0         76   defsig_rtmem_inner.o
        14          0          0          0          0         80   defsig_rtmem_outer.o
        52         38          0          0          0         76   defsig_rtred_inner.o
        14          0          0          0          0         80   defsig_rtred_outer.o
        18          0          0          0          0         80   exit.o
        76          0          0          0          0         88   fclose.o
         8          0          0          0          0         68   ferror.o
       240          6          0          0          0        128   fopen.o
       248          6          0          0          0         84   fseek.o
        66          0          0          0          0         76   ftell.o
        94          0          0          0          0         80   h1_alloc.o
        52          0          0          0          0         68   h1_extend.o
        78          0          0          0          0         80   h1_free.o
        14          0          0          0          0         84   h1_init.o
         6          0          0          0          0        152   heapauxi.o
         4          0          0          0          0        136   hguard.o
       138          0          0          0          0        168   init_alloc.o
       312         46          0          0          0        112   initio.o
         2          0          0          0          0          0   libinit.o
        18          0          0          0          0          0   libinit2.o
         2          0          0          0          0          0   libshutdown.o
         6          0          0          0          0          0   libshutdown2.o
         8          4          0          0         96         68   libspace.o
         0          0          0          0          0          0   maybetermalloc1.o
        24          4          0          0          0         84   noretval__2printf.o
         8          4          0          0          0         68   rt_errno_addr_intlibspace.o
         8          4          0          0          0         68   rt_heap_descriptor_intlibspace.o
        78          0          0          0          0         80   rt_memclr_w.o
       138          0          0          0          0         68   rt_memcpy_v6.o
       100          0          0          0          0         80   rt_memcpy_w.o
         2          0          0          0          0          0   rtexit.o
        10          0          0          0          0          0   rtexit2.o
        70          0          0          0          0         80   setvbuf.o
       240          6          0          0          0        156   stdio.o
         0          0          0         12        252          0   stdio_streams.o
        74          0          0          0          0         80   sys_stackheap_outer.o
        98          4          0          0          0        140   d2f.o
       804         16          0          0          0        376   daddsub_clz.o
        84          0          0          0          0        244   dcmp.o
        24          0          0          0          0        116   dcmpi.o
       120          4          0          0          0        140   deqf.o
       120          4          0          0          0        140   dgeqf.o
       120          4          0          0          0        140   dleqf.o
       340         12          0          0          0        152   dmul.o
       156          4          0          0          0        140   dnaninf.o
        12          0          0          0          0        116   dretinf.o
        86          4          0          0          0        132   f2d.o
       140          4          0          0          0        132   fnaninf.o
        26          0          0          0          0        116   fpinit.o
        10          0          0          0          0        116   fretinf.o
         0          0          0          0          0          0   usenofp.o

    ----------------------------------------------------------------------
     16546        626          0         96        348     444487   Library Totals
        32          0          0          3          0          0   (incl. Padding)

    ----------------------------------------------------------------------

      Code (inc. data)   RO Data    RW Data    ZI Data      Debug   Library Name

      6638        114          0         65          0      74952   SP19_USB.lib
      4550        246          0         16          0     363935   STM32F427_StdPeriph_Driver.lib
      3186        210          0         12        348       3400   c_w.l
      2140         56          0          0          0       2200   fz_wm.l

    ----------------------------------------------------------------------
     16546        626          0         96        348     444487   Library Totals

    ----------------------------------------------------------------------

==============================================================================


      Code (inc. data)   RO Data    RW Data    ZI Data      Debug   

     41678       1392       1638       1476      19908     608152   Grand Totals
     41678       1392       1638        384      19908     608152   ELF Image Totals (compressed)
     41678       1392       1638        384          0          0   ROM Totals

==============================================================================

    Total RO  Size (Code + RO Data)                43316 (  42.30kB)
    Total RW  Size (RW Data + ZI Data)             21384 (  20.88kB)
    Total ROM Size (Code + RO Data + RW Data)      43700 (  42.68kB)

==============================================================================

