Component: ARM Compiler 5.06 update 7 (build 960) Tool: armlink [4d3601]

==============================================================================

Section Cross References

    main.o(i.main) refers to bsp.o(i.BSP_Init) for BSP_Init
    system_stm32f4xx.o(i.SystemCoreClockUpdate) refers to system_stm32f4xx.o(.data) for SystemCoreClock
    system_stm32f4xx.o(i.SystemInit) refers to system_stm32f4xx.o(i.SetSysClock) for SetSysClock
    stm32f4xx_adc.o(i.ADC_DeInit) refers to stm32f4xx_rcc.o(i.RCC_APB2PeriphResetCmd) for RCC_APB2PeriphResetCmd
    stm32f4xx_can.o(i.CAN_DeInit) refers to stm32f4xx_rcc.o(i.RCC_APB1PeriphResetCmd) for RCC_APB1PeriphResetCmd
    stm32f4xx_can.o(i.CAN_GetITStatus) refers to stm32f4xx_can.o(i.CheckITStatus) for CheckITStatus
    stm32f4xx_gpio.o(i.GPIO_DeInit) refers to stm32f4xx_rcc.o(i.RCC_AHB1PeriphResetCmd) for RCC_AHB1PeriphResetCmd
    stm32f4xx_rcc.o(i.RCC_GetClocksFreq) refers to stm32f4xx_rcc.o(.data) for APBAHBPrescTable
    stm32f4xx_rcc.o(i.RCC_WaitForHSEStartUp) refers to stm32f4xx_rcc.o(i.RCC_GetFlagStatus) for RCC_GetFlagStatus
    stm32f4xx_rng.o(i.RNG_DeInit) refers to stm32f4xx_rcc.o(i.RCC_AHB2PeriphResetCmd) for RCC_AHB2PeriphResetCmd
    stm32f4xx_spi.o(i.SPI_I2S_DeInit) refers to stm32f4xx_rcc.o(i.RCC_APB2PeriphResetCmd) for RCC_APB2PeriphResetCmd
    stm32f4xx_spi.o(i.SPI_I2S_DeInit) refers to stm32f4xx_rcc.o(i.RCC_APB1PeriphResetCmd) for RCC_APB1PeriphResetCmd
    stm32f4xx_syscfg.o(i.SYSCFG_DeInit) refers to stm32f4xx_rcc.o(i.RCC_APB2PeriphResetCmd) for RCC_APB2PeriphResetCmd
    stm32f4xx_tim.o(i.TIM_DeInit) refers to stm32f4xx_rcc.o(i.RCC_APB2PeriphResetCmd) for RCC_APB2PeriphResetCmd
    stm32f4xx_tim.o(i.TIM_DeInit) refers to stm32f4xx_rcc.o(i.RCC_APB1PeriphResetCmd) for RCC_APB1PeriphResetCmd
    stm32f4xx_tim.o(i.TIM_ETRClockMode1Config) refers to stm32f4xx_tim.o(i.TIM_ETRConfig) for TIM_ETRConfig
    stm32f4xx_tim.o(i.TIM_ETRClockMode2Config) refers to stm32f4xx_tim.o(i.TIM_ETRConfig) for TIM_ETRConfig
    stm32f4xx_tim.o(i.TIM_ICInit) refers to stm32f4xx_tim.o(i.TI1_Config) for TI1_Config
    stm32f4xx_tim.o(i.TIM_ICInit) refers to stm32f4xx_tim.o(i.TIM_SetIC1Prescaler) for TIM_SetIC1Prescaler
    stm32f4xx_tim.o(i.TIM_ICInit) refers to stm32f4xx_tim.o(i.TI2_Config) for TI2_Config
    stm32f4xx_tim.o(i.TIM_ICInit) refers to stm32f4xx_tim.o(i.TIM_SetIC2Prescaler) for TIM_SetIC2Prescaler
    stm32f4xx_tim.o(i.TIM_ICInit) refers to stm32f4xx_tim.o(i.TI3_Config) for TI3_Config
    stm32f4xx_tim.o(i.TIM_ICInit) refers to stm32f4xx_tim.o(i.TIM_SetIC3Prescaler) for TIM_SetIC3Prescaler
    stm32f4xx_tim.o(i.TIM_ICInit) refers to stm32f4xx_tim.o(i.TI4_Config) for TI4_Config
    stm32f4xx_tim.o(i.TIM_ICInit) refers to stm32f4xx_tim.o(i.TIM_SetIC4Prescaler) for TIM_SetIC4Prescaler
    stm32f4xx_tim.o(i.TIM_ITRxExternalClockConfig) refers to stm32f4xx_tim.o(i.TIM_SelectInputTrigger) for TIM_SelectInputTrigger
    stm32f4xx_tim.o(i.TIM_PWMIConfig) refers to stm32f4xx_tim.o(i.TI1_Config) for TI1_Config
    stm32f4xx_tim.o(i.TIM_PWMIConfig) refers to stm32f4xx_tim.o(i.TIM_SetIC1Prescaler) for TIM_SetIC1Prescaler
    stm32f4xx_tim.o(i.TIM_PWMIConfig) refers to stm32f4xx_tim.o(i.TI2_Config) for TI2_Config
    stm32f4xx_tim.o(i.TIM_PWMIConfig) refers to stm32f4xx_tim.o(i.TIM_SetIC2Prescaler) for TIM_SetIC2Prescaler
    stm32f4xx_tim.o(i.TIM_TIxExternalClockConfig) refers to stm32f4xx_tim.o(i.TI2_Config) for TI2_Config
    stm32f4xx_tim.o(i.TIM_TIxExternalClockConfig) refers to stm32f4xx_tim.o(i.TI1_Config) for TI1_Config
    stm32f4xx_tim.o(i.TIM_TIxExternalClockConfig) refers to stm32f4xx_tim.o(i.TIM_SelectInputTrigger) for TIM_SelectInputTrigger
    stm32f4xx_usart.o(i.USART_DeInit) refers to stm32f4xx_rcc.o(i.RCC_APB2PeriphResetCmd) for RCC_APB2PeriphResetCmd
    stm32f4xx_usart.o(i.USART_DeInit) refers to stm32f4xx_rcc.o(i.RCC_APB1PeriphResetCmd) for RCC_APB1PeriphResetCmd
    stm32f4xx_usart.o(i.USART_Init) refers to stm32f4xx_rcc.o(i.RCC_GetClocksFreq) for RCC_GetClocksFreq
    startup_stm32f40_41xxx.o(STACK) refers (Special) to heapauxi.o(.text) for __use_two_region_memory
    startup_stm32f40_41xxx.o(HEAP) refers (Special) to heapauxi.o(.text) for __use_two_region_memory
    startup_stm32f40_41xxx.o(RESET) refers (Special) to heapauxi.o(.text) for __use_two_region_memory
    startup_stm32f40_41xxx.o(RESET) refers to startup_stm32f40_41xxx.o(STACK) for __initial_sp
    startup_stm32f40_41xxx.o(RESET) refers to startup_stm32f40_41xxx.o(.text) for Reset_Handler
    startup_stm32f40_41xxx.o(RESET) refers to stm32f4xx_it.o(i.NMI_Handler) for NMI_Handler
    startup_stm32f40_41xxx.o(RESET) refers to stm32f4xx_it.o(i.HardFault_Handler) for HardFault_Handler
    startup_stm32f40_41xxx.o(RESET) refers to stm32f4xx_it.o(i.MemManage_Handler) for MemManage_Handler
    startup_stm32f40_41xxx.o(RESET) refers to stm32f4xx_it.o(i.BusFault_Handler) for BusFault_Handler
[...]
    direction_wait                           0x20000448   Data           4  auto_aim.o(.data)
    last_shoot_seq                           0x2000044c   Data           4  auto_aim.o(.data)
    why_not_shoot                            0x20000450   Data           4  auto_aim.o(.data)
    shoot_next                               0x20000454   Data           4  auto_aim.o(.data)
    beforeShoot_yaw_pos                      0x20000458   Data           4  auto_aim.o(.data)
    beforeShoot_pitch_pos                    0x2000045c   Data           4  auto_aim.o(.data)
    big_moveBegin                            0x20000460   Data           4  auto_aim.o(.data)
    big_moveOver                             0x20000464   Data           4  auto_aim.o(.data)
    parameter_yaw                            0x20000468   Data           8  auto_aim.o(.data)
    parameter_pitch                          0x20000470   Data           8  auto_aim.o(.data)
    view_ch2                                 0x20000478   Data           8  auto_aim.o(.data)
    view_ch3                                 0x20000480   Data           8  auto_aim.o(.data)
    virual_ch2                               0x20000488   Data           8  auto_aim.o(.data)
    virual_ch3                               0x20000490   Data           8  auto_aim.o(.data)
    last_view_ch2                            0x20000498   Data           8  auto_aim.o(.data)
    last_view_ch3                            0x200004a0   Data           8  auto_aim.o(.data)
    view_ch2_interval                        0x200004a8   Data           8  auto_aim.o(.data)
    view_ch3_interval                        0x200004b0   Data           8  auto_aim.o(.data)
    step_ch2                                 0x200004b8   Data           8  auto_aim.o(.data)
    step_ch3                                 0x200004c0   Data           8  auto_aim.o(.data)
    last_step_ch2                            0x200004c8   Data           8  auto_aim.o(.data)
    last_step_ch3                            0x200004d0   Data           8  auto_aim.o(.data)
    visual_yaw_kp                            0x200004d8   Data           8  auto_aim.o(.data)
    visual_yaw_kp_init                       0x200004e0   Data           8  auto_aim.o(.data)
    visual_yaw_kp_temp                       0x200004e8   Data           8  auto_aim.o(.data)
    slow_point                               0x200004f0   Data           8  auto_aim.o(.data)
    v_step                                   0x200004f8   Data           4  auto_aim.o(.data)
    visual_yaw_ki                            0x20000500   Data           8  auto_aim.o(.data)
    visual_yaw_kd                            0x20000508   Data           8  auto_aim.o(.data)
    integral_yaw                             0x20000510   Data           8  auto_aim.o(.data)
    visual_pitch_kp                          0x20000518   Data           8  auto_aim.o(.data)
    visual_pitch_ki                          0x20000520   Data           8  auto_aim.o(.data)
    visual_pitch_kd                          0x20000528   Data           8  auto_aim.o(.data)
    visual_yaw_kp_big                        0x20000530   Data           8  auto_aim.o(.data)
    visual_yaw_kd_big                        0x20000538   Data           8  auto_aim.o(.data)
    visual_pitch_kp_big                      0x20000540   Data           8  auto_aim.o(.data)
    visual_pitch_ki_big                      0x20000548   Data           8  auto_aim.o(.data)
    visual_pitch_kd_big                      0x20000550   Data           8  auto_aim.o(.data)
    integral_pitch                           0x20000558   Data           8  auto_aim.o(.data)
    now_yaw_angle                            0x20000560   Data           8  auto_aim.o(.data)
    last_yaw_angle                           0x20000568   Data           8  auto_aim.o(.data)
    visual_yaw_pid_out                       0x20000570   Data           8  auto_aim.o(.data)
    visual_pitch_pid_out                     0x20000578   Data           8  auto_aim.o(.data)
    FirstFlag                                0x20000580   Data           4  auto_aim.o(.data)
    time_count                               0x20000584   Data           4  auto_aim.o(.data)
    time_interval                            0x20000588   Data           4  auto_aim.o(.data)
    if_newframe                              0x2000058c   Data           4  auto_aim.o(.data)
    if_rotate_ok                             0x20000590   Data           4  auto_aim.o(.data)
    if_if_newframe                           0x20000594   Data           4  auto_aim.o(.data)
    vie_temp                                 0x20000598   Data           4  auto_aim.o(.data)
    auto_aim_renew_flag                      0x2000059c   Data           1  auto_aim.o(.data)
    auto_aim_yaw                             0x200005a0   Data           4  auto_aim.o(.data)
    auto_aim_pit                             0x200005a4   Data           4  auto_aim.o(.data)
    last_auto_aim_pit                        0x200005a8   Data           4  auto_aim.o(.data)
    last_auto_aim_yaw                        0x200005ac   Data           4  auto_aim.o(.data)
    auto_aim_yaw_temp                        0x200005b0   Data           4  auto_aim.o(.data)
    auto_aim_pit_temp                        0x200005b4   Data           4  auto_aim.o(.data)
    auto_aim_yaw_tar                         0x200005b8   Data           4  auto_aim.o(.data)
    auto_aim_pit_tar                         0x200005bc   Data           4  auto_aim.o(.data)
    bigbuff_yaw                              0x200005c0   Data           4  auto_aim.o(.data)
    bigbuff_pit                              0x200005c4   Data           4  auto_aim.o(.data)
    bigbuff_yaw_temp                         0x200005c8   Data           4  auto_aim.o(.data)
    bigbuff_pit_temp                         0x200005cc   Data           4  auto_aim.o(.data)
    timeout_count                            0x200005d0   Data           4  auto_aim.o(.data)
    last_yaw                                 0x200005d4   Data           4  auto_aim.o(.data)
    last_pitch                               0x200005d8   Data           4  auto_aim.o(.data)
    bigbuff_change                           0x200005dc   Data           4  auto_aim.o(.data)
    if_newframe_bigbuff                      0x200005e0   Data           4  auto_aim.o(.data)
    newframe_waiting                         0x200005e4   Data           4  auto_aim.o(.data)
    reachPitch_Max                           0x200005e8   Data           4  auto_aim.o(.data)
    reachPitch_Min                           0x200005ec   Data           4  auto_aim.o(.data)
    upack_count                              0x200005f0   Data           4  auto_aim.o(.data)
    last_time_tick_1ms                       0x200005f4   Data           4  auto_aim.o(.data)
    last_last_time_tick_1ms                  0x200005f8   Data           4  auto_aim.o(.data)
    temp_yaw_target_p                        0x200005fc   Data           4  auto_aim.o(.data)
    temp_pitch_target_p                      0x20000600   Data           4  auto_aim.o(.data)
    auto_aim_count_                          0x20000604   Data           4  auto_aim.o(.data)
    yaw_bias                                 0x20000608   Data           4  auto_aim.o(.data)
    pitch_bias                               0x2000060c   Data           4  auto_aim.o(.data)
    cmd_id                                   0x20000610   Data           2  refereeinfo.o(.data)
    ext_game_state                           0x20000612   Data           3  refereeinfo.o(.data)
    ext_game_result                          0x20000615   Data           1  refereeinfo.o(.data)
    ext_event_data                           0x20000616   Data           4  refereeinfo.o(.data)
    ext_supply_projectile_action             0x2000061a   Data           3  refereeinfo.o(.data)
    ext_supply_projectile_booking            0x2000061d   Data           2  refereeinfo.o(.data)
    ext_buff_musk                            0x2000061f   Data           1  refereeinfo.o(.data)
    ext_aerial_robot_energy                  0x20000620   Data           2  refereeinfo.o(.data)
    ext_robot_hurt                           0x20000622   Data           1  refereeinfo.o(.data)
    ext_shoot_data                           0x20000623   Data           6  refereeinfo.o(.data)
    ext_student_interactive_header_data      0x20000629   Data           8  refereeinfo.o(.data)
    custom_info_counter                      0x20000631   Data           1  refereeinfo.o(.data)
    seq                                      0x20000632   Data           1  refereeinfo.o(.data)
    seq_real                                 0x20000633   Data           1  refereeinfo.o(.data)
    bytes2float                              0x20000634   Data           4  refereeinfo.o(.data)
    bytes2u32                                0x20000638   Data           4  refereeinfo.o(.data)
    message_byte_counter                     0x2000063c   Data           4  refereeinfo.o(.data)
    blood_counter                            0x20000640   Data           1  refereeinfo.o(.data)
    shoot_seq                                0x20000644   Data           4  refereeinfo.o(.data)
    last_time_tick_1ms_1                     0x20000648   Data           4  refereeinfo.o(.data)
    time_interval_1                          0x2000064c   Data           4  refereeinfo.o(.data)
    CRC_INIT                                 0x20000650   Data           2  refereeinfo.o(.data)
    first_draw                               0x20000652   Data           1  refereeinfo.o(.data)
    mask_temp                                0x20000653   Data           1  refereeinfo.o(.data)
    send_data_count                          0x20000658   Data           8  refereeinfo.o(.data)
    Power_Limitation_Num                     0x20000660   Data           4  cap_control.o(.data)
    Residue_Power                            0x20000664   Data           4  cap_control.o(.data)
    CAN2_Cap_flag                            0x20000668   Data           1  cap_control.o(.data)
    Cap_Switch_Flag                          0x20000669   Data           1  cap_control.o(.data)
    Lost_Connection_Count                    0x2000066c   Data           4  cap_control.o(.data)
    Cap_Switch_Count                         0x20000670   Data           1  cap_control.o(.data)
    Cap_Toutuous_Uppest                      0x20000674   Data           4  cap_control.o(.data)
    Cap_Toutuous_Up                          0x20000678   Data           4  cap_control.o(.data)
    Cap_Toutuous_Down                        0x2000067c   Data           4  cap_control.o(.data)
    Chassis_Power                            0x20000680   Data           4  cap_control.o(.data)
    send_time_counter                        0x20000684   Data           4  sendcom.o(.data)
    pre_remoteState                          0x20000688   Data           1  sendcom.o(.data)
    entering_auto_aim                        0x2000068c   Data           4  sendcom.o(.data)
    Feed_PID_SP                              0x20000690   Data           4  feedcontrol.o(.data)
    Feed_PID_SI                              0x20000694   Data           4  feedcontrol.o(.data)
    Feed_PID_SD                              0x20000698   Data           4  feedcontrol.o(.data)
    Feed_PID_PP                              0x2000069c   Data           4  feedcontrol.o(.data)
    Feed_PID_PI                              0x200006a0   Data           4  feedcontrol.o(.data)
    Feed_PID_PD                              0x200006a4   Data           4  feedcontrol.o(.data)
    Feed_speed_target                        0x200006a8   Data           4  feedcontrol.o(.data)
    Feed_position_target                     0x200006ac   Data           4  feedcontrol.o(.data)
    PIDOut_Position_Shoot                    0x200006b0   Data           4  feedcontrol.o(.data)
    PIDOut_Speed_Shoot                       0x200006b4   Data           4  feedcontrol.o(.data)
    PIDOut_Whole_Shoot                       0x200006b8   Data           4  feedcontrol.o(.data)
    PIDOut_Feed                              0x200006bc   Data           4  feedcontrol.o(.data)
    Feed_Mode                                0x200006c0   Data           4  feedcontrol.o(.data)
    Mode1_stop_flag                          0x200006c4   Data           4  feedcontrol.o(.data)
    Triple_Tap                               0x200006c8   Data           4  feedcontrol.o(.data)
    Signal_Shoot                             0x200006cc   Data           4  feedcontrol.o(.data)
    tri_sin_swi_flag                         0x200006d0   Data           4  feedcontrol.o(.data)
    press_R_count                            0x200006d4   Data           4  feedcontrol.o(.data)
    mode_change_flag                         0x200006d8   Data           4  feedcontrol.o(.data)
    mode_change_delay                        0x200006dc   Data           4  feedcontrol.o(.data)
    mode_change_delay_init                   0x200006e0   Data           4  feedcontrol.o(.data)
    stuck_count                              0x200006e4   Data           4  feedcontrol.o(.data)
    inver_rotate_delay                       0x200006e8   Data           4  feedcontrol.o(.data)
    inver_rotate_delay_init                  0x200006ec   Data           4  feedcontrol.o(.data)
    heat_limit                               0x200006f0   Data           4  feedcontrol.o(.data)
    remain_bullet                            0x200006f4   Data           4  feedcontrol.o(.data)
    heat_limit_flag                          0x200006fc   Data           1  feedcontrol.o(.data)
    count_limit_flag                         0x200006fd   Data           1  feedcontrol.o(.data)
    rest_heat                                0x20000700   Data           4  feedcontrol.o(.data)
    rest_heat_l                              0x20000704   Data           4  feedcontrol.o(.data)
    rest_heat_h                              0x20000708   Data           4  feedcontrol.o(.data)
    Shoot_Count                              0x2000070c   Data           4  feedcontrol.o(.data)
    Shoot_Count_Limit                        0x20000710   Data           4  feedcontrol.o(.data)
    pre_speed                                0x20000714   Data           4  feedcontrol.o(.data)
    Friction_p_l                             0x20000718   Data           4  frictioncontrol.o(.data)
    Friction_i_l                             0x2000071c   Data           4  frictioncontrol.o(.data)
    Friction_d_l                             0x20000720   Data           4  frictioncontrol.o(.data)
    Friction_p_r                             0x20000724   Data           4  frictioncontrol.o(.data)
    Friction_i_r                             0x20000728   Data           4  frictioncontrol.o(.data)
    Friction_d_r                             0x2000072c   Data           4  frictioncontrol.o(.data)
    frictionState                            0x20000730   Data           2  frictioncontrol.o(.data)
    flag_FrictionDelay                       0x20000732   Data           1  frictioncontrol.o(.data)
    Friction_speed_target_l                  0x20000734   Data           2  frictioncontrol.o(.data)
    Friction_speed_target_r                  0x20000736   Data           2  frictioncontrol.o(.data)
    PIDOut_friction_l                        0x20000738   Data           4  frictioncontrol.o(.data)
    PIDOut_friction_r                        0x2000073c   Data           4  frictioncontrol.o(.data)
    speed_level                              0x20000740   Data           4  frictioncontrol.o(.data)
    shoot_speed_change_flag_count            0x20000744   Data           4  frictioncontrol.o(.data)
    speed_switch_flag                        0x20000748   Data           4  frictioncontrol.o(.data)
    speed_switch_flag_count                  0x2000074c   Data           4  frictioncontrol.o(.data)
    time_tick_1ms                            0x20000750   Data           4  controltask.o(.data)
    remoteState_pre                          0x20000754   Data           1  controltask.o(.data)
    small_power_delay                        0x20000756   Data           2  controltask.o(.data)
    final_count                              0x20000758   Data           4  controltask.o(.data)
    com_count                                0x2000075c   Data           4  controltask.o(.data)
    sre                                      0x20000760   Data           5  controltask.o(.data)
    graph_level                              0x20000768   Data           4  controltask.o(.data)
    graph_color                              0x2000076c   Data           4  controltask.o(.data)
    graph_x                                  0x20000770   Data           4  controltask.o(.data)
    graph_y                                  0x20000774   Data           4  controltask.o(.data)
    USR_cb                                   0x20000778   Data          28  usbd_usr.o(.data)
    USR_desc                                 0x20000794   Data          28  usbd_desc.o(.data)
    USBD_DeviceDesc                          0x200007b0   Data          18  usbd_desc.o(.data)
    USBD_DeviceQualifierDesc                 0x200007c2   Data          10  usbd_desc.o(.data)
    USBD_LangIDDesc                          0x200007cc   Data           4  usbd_desc.o(.data)
    USBD_HID_cb                              0x200007d0   Data          44  usbd_hid_core.o(.data)
    SET_TEST_MODE                            0x20000848   Data           4  usbd_core.o(.data)
    USBD_DCD_INT_cb                          0x2000084c   Data          44  usbd_core.o(.data)
    USBD_DCD_INT_fops                        0x20000878   Data           4  usbd_core.o(.data)
    USBD_ep_status                           0x2000087c   Data           4  usbd_req.o(.data)
    USBD_default_cfg                         0x20000880   Data           4  usbd_req.o(.data)
    USBD_cfg_status                          0x20000884   Data           4  usbd_req.o(.data)
    filter_206                               0x2000088c   Data          16  bsp.o(.bss)
    filter_205                               0x2000089c   Data          16  bsp.o(.bss)
    filter_207                               0x200008ac   Data          16  bsp.o(.bss)
    SCM_rx_message                           0x200008bc   Data          16  can.o(.bss)
    RC_Ctl                                   0x200008cc   Data          22  rc.o(.bss)
    RC_Ex_Ctl                                0x200008e2   Data          22  rc.o(.bss)
    sbus_rx_buffer                           0x200008f8   Data          18  rc.o(.bss)
    adis16470_real_data                      0x2000090c   Data          28  adi_gyro.o(.bss)
    buffer                                   0x20000928   Data          12  adi_gyro.o(.bss)
    raw_busrt_data                           0x20000934   Data          20  adi_gyro.o(.bss)
    Auto_Frame_Large_Raw                     0x20000948   Data          19  usart2.o(.bss)
    fram                                     0x2000095b   Data          19  usart2.o(.bss)
    sendtoCom_frame                          0x2000096e   Data          19  usart2.o(.bss)
    sendbuffer                               0x20000981   Data          19  usart2.o(.bss)
    USART_RX_BUF3                            0x20000994   Data          22  usart3.o(.bss)
    sendbuffer3                              0x200009aa   Data         100  usart3.o(.bss)
    USART_RX_BUF                             0x20000a0e   Data         200  usart6.o(.bss)
    USART6_dma                               0x20000ad6   Data          80  usart6.o(.bss)
    Personal_Data                            0x20000b26   Data         128  usart6.o(.bss)
    mpu6500_raw_data                         0x20000ba8   Data          14  mpu6500.o(.bss)
    mpu6500_real_data                        0x20000bb8   Data          28  mpu6500.o(.bss)
    u8_sendbuffer                            0x20000bd4   Data          16  uart8.o(.bss)
    YawPID                                   0x20000be8   Data         176  gimbalcontrol.o(.bss)
    PitchPID                                 0x20000c98   Data         176  gimbalcontrol.o(.bss)
    YawPIDBigBuff                            0x20000d48   Data         176  gimbalcontrol.o(.bss)
    PitchPIDBigBuff                          0x20000df8   Data         176  gimbalcontrol.o(.bss)
    PitchPID_AIM                             0x20000ea8   Data         176  gimbalcontrol.o(.bss)
    USB_ReadBuffer_temp                      0x20000f58   Data          64  gimbalcontrol.o(.bss)
    SPFOLLOW                                 0x20000f98   Data          88  cmcontrol.o(.bss)
    SPCHIASSISA                              0x20000ff0   Data          88  cmcontrol.o(.bss)
    SPCHIASSISB                              0x20001048   Data          88  cmcontrol.o(.bss)
    SPCHIASSISC                              0x200010a0   Data          88  cmcontrol.o(.bss)
    SPCHIASSISD                              0x200010f8   Data          88  cmcontrol.o(.bss)
    SPFOLLOW_SPEED                           0x20001150   Data          88  cmcontrol.o(.bss)
    frame_ex                                 0x200011a8   Data          19  auto_aim.o(.bss)
    track_yaw_mean                           0x200011bc   Data          84  auto_aim.o(.bss)
    track_pitch_mean                         0x20001210   Data          84  auto_aim.o(.bss)
    track_yaw_compare                        0x20001264   Data          84  auto_aim.o(.bss)
    track_pitch_compare                      0x200012b8   Data          84  auto_aim.o(.bss)
    track_shoot_compare                      0x2000130c   Data          84  auto_aim.o(.bss)
    auto_yaw                                 0x20001360   Data          88  auto_aim.o(.bss)
    auto_pit                                 0x200013b8   Data          88  auto_aim.o(.bss)
    autobigbuff_yaw                          0x20001410   Data          88  auto_aim.o(.bss)
    autobigbuff_pit                          0x20001468   Data          88  auto_aim.o(.bss)
    ext_game_robot_survivors                 0x200014c0   Data          28  refereeinfo.o(.bss)
    ext_game_robot_state                     0x200014dc   Data          15  refereeinfo.o(.bss)
    ext_power_heat_data                      0x200014eb   Data          14  refereeinfo.o(.bss)
    ext_game_robot_pos                       0x200014f9   Data          16  refereeinfo.o(.bss)
    client_custom_data                       0x20001509   Data          13  refereeinfo.o(.bss)
    referee_message                          0x20001516   Data          64  refereeinfo.o(.bss)
    data_temp                                0x20001558   Data          12  refereeinfo.o(.bss)
    Feed_Speed_PID                           0x200015c8   Data          88  feedcontrol.o(.bss)
    Feed_Position_PID                        0x20001620   Data          88  feedcontrol.o(.bss)
    FrictionPID_l                            0x20001678   Data          88  frictioncontrol.o(.bss)
    FrictionPID_r                            0x200016d0   Data          88  frictioncontrol.o(.bss)
    USB_OTG_dev                              0x20001728   Data        2704  usb.o(.bss)
    USB_ReadBuffer                           0x200021b8   Data          64  usb.o(.bss)
    USB_Callback_Pool                        0x200021f8   Data          48  usb.o(.bss)
    USBD_StrDesc                             0x20002267   Data          64  usbd_req.o(.bss)
    __libspace_start                         0x200022a8   Data          96  libspace.o(.bss)
    __temporary_stack_top$libspace           0x20002308   Data           0  libspace.o(.bss)



==============================================================================

Memory Map of the image

  Image Entry point : 0x08000189

  Load Region LR_IROM1 (Base: 0x08000000, Size: 0x0000f8f4, Max: 0x00200000, ABSOLUTE, COMPRESSED[0x0000f2f0])

    Execution Region ER_IROM1 (Exec base: 0x08000000, Load base: 0x08000000, Size: 0x0000f068, Max: 0x00200000, ABSOLUTE)

    Exec Addr    Load Addr    Size         Type   Attr      Idx    E Section Name        Object

    0x08000000   0x08000000   0x00000188   Data   RO         2610    RESET               startup_stm32f40_41xxx.o
    0x08000188   0x08000188   0x00000008   Code   RO         5883  * !!!main             c_w.l(__main.o)
    0x08000190   0x08000190   0x00000034   Code   RO         6410    !!!scatter          c_w.l(__scatter.o)
    0x080001c4   0x080001c4   0x0000005a   Code   RO         6408    !!dczerorl2         c_w.l(__dczerorl2.o)
    0x0800021e   0x0800021e   0x00000002   PAD
    0x08000220   0x08000220   0x0000001c   Code   RO         6412    !!handler_zi        c_w.l(__scatter_zi.o)
    0x0800023c   0x0800023c   0x00000002   Code   RO         6203    .ARM.Collect$$libinit$$00000000  c_w.l(libinit.o)
    0x0800023e   0x0800023e   0x00000004   Code   RO         6204    .ARM.Collect$$libinit$$00000001  c_w.l(libinit2.o)
    0x08000242   0x08000242   0x00000000   Code   RO         6207    .ARM.Collect$$libinit$$00000004  c_w.l(libinit2.o)
    0x08000242   0x08000242   0x00000000   Code   RO         6210    .ARM.Collect$$libinit$$0000000A  c_w.l(libinit2.o)
    0x08000242   0x08000242   0x00000000   Code   RO         6212    .ARM.Collect$$libinit$$0000000C  c_w.l(libinit2.o)
    0x08000242   0x08000242   0x00000000   Code   RO         6214    .ARM.Collect$$libinit$$0000000E  c_w.l(libinit2.o)
    0x08000242   0x08000242   0x00000000   Code   RO         6217    .ARM.Collect$$libinit$$00000011  c_w.l(libinit2.o)
    0x08000242   0x08000242   0x00000000   Code   RO         6219    .ARM.Collect$$libinit$$00000013  c_w.l(libinit2.o)
    0x08000242   0x08000242   0x00000000   Code   RO         6221    .ARM.Collect$$libinit$$00000015  c_w.l(libinit2.o)
    0x08000242   0x08000242   0x00000000   Code   RO         6223    .ARM.Collect$$libinit$$00000017  c_w.l(libinit2.o)
    0x08000242   0x08000242   0x00000000   Code   RO         6225    .ARM.Collect$$libinit$$00000019  c_w.l(libinit2.o)
    0x08000242   0x08000242   0x00000000   Code   RO         6227    .ARM.Collect$$libinit$$0000001B  c_w.l(libinit2.o)
    0x08000242   0x08000242   0x00000000   Code   RO         6229    .ARM.Collect$$libinit$$0000001D  c_w.l(libinit2.o)
    0x08000242   0x08000242   0x00000000   Code   RO         6231    .ARM.Collect$$libinit$$0000001F  c_w.l(libinit2.o)
    0x08000242   0x08000242   0x00000000   Code   RO         6233    .ARM.Collect$$libinit$$00000021  c_w.l(libinit2.o)
    0x08000242   0x08000242   0x00000000   Code   RO         6235    .ARM.Collect$$libinit$$00000023  c_w.l(libinit2.o)
    0x08000242   0x08000242   0x00000000   Code   RO         6237    .ARM.Collect$$libinit$$00000025  c_w.l(libinit2.o)
    0x08000242   0x08000242   0x00000000   Code   RO         6241    .ARM.Collect$$libinit$$0000002C  c_w.l(libinit2.o)
    0x08000242   0x08000242   0x00000000   Code   RO         6243    .ARM.Collect$$libinit$$0000002E  c_w.l(libinit2.o)
    0x08000242   0x08000242   0x00000000   Code   RO         6245    .ARM.Collect$$libinit$$00000030  c_w.l(libinit2.o)
    0x08000242   0x08000242   0x00000000   Code   RO         6247    .ARM.Collect$$libinit$$00000032  c_w.l(libinit2.o)
    0x08000242   0x08000242   0x00000002   Code   RO         6248    .ARM.Collect$$libinit$$00000033  c_w.l(libinit2.o)
    0x08000244   0x08000244   0x00000002   Code   RO         6389    .ARM.Collect$$libshutdown$$00000000  c_w.l(libshutdown.o)
    0x08000246   0x08000246   0x00000000   Code   RO         6250    .ARM.Collect$$libshutdown$$00000002  c_w.l(libshutdown2.o)
    0x08000246   0x08000246   0x00000000   Code   RO         6252    .ARM.Collect$$libshutdown$$00000004  c_w.l(libshutdown2.o)
    0x08000246   0x08000246   0x00000000   Code   RO         6254    .ARM.Collect$$libshutdown$$00000006  c_w.l(libshutdown2.o)
    0x08000246   0x08000246   0x00000000   Code   RO         6257    .ARM.Collect$$libshutdown$$00000009  c_w.l(libshutdown2.o)
    0x08000246   0x08000246   0x00000000   Code   RO         6260    .ARM.Collect$$libshutdown$$0000000C  c_w.l(libshutdown2.o)
    0x08000246   0x08000246   0x00000000   Code   RO         6262    .ARM.Collect$$libshutdown$$0000000E  c_w.l(libshutdown2.o)
    0x08000246   0x08000246   0x00000000   Code   RO         6265    .ARM.Collect$$libshutdown$$00000011  c_w.l(libshutdown2.o)
    0x08000246   0x08000246   0x00000002   Code   RO         6266    .ARM.Collect$$libshutdown$$00000012  c_w.l(libshutdown2.o)
    0x08000248   0x08000248   0x00000000   Code   RO         5987    .ARM.Collect$$rtentry$$00000000  c_w.l(__rtentry.o)
    0x08000248   0x08000248   0x00000000   Code   RO         6070    .ARM.Collect$$rtentry$$00000002  c_w.l(__rtentry2.o)
    0x08000248   0x08000248   0x00000006   Code   RO         6082    .ARM.Collect$$rtentry$$00000004  c_w.l(__rtentry4.o)
    0x0800024e   0x0800024e   0x00000000   Code   RO         6072    .ARM.Collect$$rtentry$$00000009  c_w.l(__rtentry2.o)
    0x0800024e   0x0800024e   0x00000004   Code   RO         6073    .ARM.Collect$$rtentry$$0000000A  c_w.l(__rtentry2.o)
    0x08000252   0x08000252   0x00000000   Code   RO         6075    .ARM.Collect$$rtentry$$0000000C  c_w.l(__rtentry2.o)
    0x08000252   0x08000252   0x00000008   Code   RO         6076    .ARM.Collect$$rtentry$$0000000D  c_w.l(__rtentry2.o)
    0x0800025a   0x0800025a   0x00000002   Code   RO         6272    .ARM.Collect$$rtexit$$00000000  c_w.l(rtexit.o)
    0x0800025c   0x0800025c   0x00000000   Code   RO         6330    .ARM.Collect$$rtexit$$00000002  c_w.l(rtexit2.o)
    0x0800025c   0x0800025c   0x00000004   Code   RO         6331    .ARM.Collect$$rtexit$$00000003  c_w.l(rtexit2.o)
    0x08000260   0x08000260   0x00000006   Code   RO         6332    .ARM.Collect$$rtexit$$00000004  c_w.l(rtexit2.o)
    0x08000266   0x08000266   0x00000002   PAD
    0x08000268   0x08000268   0x00000040   Code   RO         2611    .text               startup_stm32f40_41xxx.o
    0x080002a8   0x080002a8   0x00000048   Code   RO         5839    .text               c_w.l(llsdiv.o)
    0x080002f0   0x080002f0   0x0000003e   Code   RO         5875    .text               c_w.l(strlen.o)
    0x0800032e   0x0800032e   0x0000008a   Code   RO         5877    .text               c_w.l(rt_memcpy_v6.o)
    0x080003b8   0x080003b8   0x0000004e   Code   RO         5879    .text               c_w.l(rt_memclr_w.o)
    0x08000406   0x08000406   0x00000006   Code   RO         5881    .text               c_w.l(heapauxi.o)
    0x0800040c   0x0800040c   0x000000ee   Code   RO         5988    .text               c_w.l(lludivv7m.o)
    0x080004fa   0x080004fa   0x00000016   Code   RO         5990    .text               c_w.l(_rserrno.o)
    0x08000510   0x08000510   0x00000064   Code   RO         6007    .text               c_w.l(rt_memcpy_w.o)
    0x08000574   0x08000574   0x00000008   Code   RO         6091    .text               c_w.l(rt_errno_addr_intlibspace.o)
    0x0800057c   0x0800057c   0x00000008   Code   RO         6114    .text               c_w.l(libspace.o)
    0x08000584   0x08000584   0x0000004a   Code   RO         6119    .text               c_w.l(sys_stackheap_outer.o)
    0x080005ce   0x080005ce   0x00000012   Code   RO         6192    .text               c_w.l(exit.o)
    0x080005e0   0x080005e0   0x00000002   Code   RO         6269    .text               c_w.l(use_no_semi.o)
    0x080005e2   0x080005e2   0x00000000   Code   RO         6271    .text               c_w.l(indicate_semi.o)
    0x080005e2   0x080005e2   0x00000002   PAD
    0x080005e4   0x080005e4   0x0000000c   Code   RO         6327    .text               c_w.l(sys_exit.o)
    0x080005f0   0x080005f0   0x00000040   Code   RO         3021    i.ADIS16470_BurstRead  adi_gyro.o
    0x08000630   0x08000630   0x00000034   Code   RO         3022    i.ADIS16470_DeviceIDCheck  adi_gyro.o
    0x08000664   0x08000664   0x00000018   Code   RO         3023    i.ADIS16470_GetState  adi_gyro.o
    0x0800067c   0x0800067c   0x00000104   Code   RO         3024    i.ADIS16470_Init    adi_gyro.o
    0x08000780   0x08000780   0x00000050   Code   RO         3025    i.ADIS16470_ReadByte  adi_gyro.o
    0x080007d0   0x080007d0   0x00000038   Code   RO         3026    i.ADIS16470_Reset   adi_gyro.o
    0x08000808   0x08000808   0x0000007c   Code   RO         3027    i.ADIS16470_WriteByte  adi_gyro.o
    0x08000884   0x08000884   0x00000030   Code   RO         3954    i.Append_CRC16_Check_Sum  refereeinfo.o
    0x080008b4   0x080008b4   0x00000024   Code   RO         3955    i.Append_CRC8_Check_Sum  refereeinfo.o
    0x080008d8   0x080008d8   0x0000005c   Code   RO         3109    i.Auto_Frame_Large_Unpack  usart2.o
    0x08000934   0x08000934   0x0000056c   Code   RO         3904    i.Auto_aim          auto_aim.o
    0x08000ea0   0x08000ea0   0x00000180   Code   RO         2618    i.BSP_Init          bsp.o
    0x08001020   0x08001020   0x00000004   Code   RO          355    i.BusFault_Handler  stm32f4xx_it.o
    0x08001024   0x08001024   0x000000b0   Code   RO         2691    i.Buzzer_Init       buzzer.o
    0x080010d4   0x080010d4   0x0000002c   Code   RO         2692    i.Buzzer_toggle     buzzer.o
    0x08001100   0x08001100   0x00000054   Code   RO         2722    i.CAN1_Feed_Cmd     can.o
    0x08001154   0x08001154   0x00000110   Code   RO         2723    i.CAN1_Mode_Init    can.o
    0x08001264   0x08001264   0x000001fc   Code   RO         2724    i.CAN1_RX0_IRQHandler  can.o
    0x08001460   0x08001460   0x00000058   Code   RO         2725    i.CAN1_fri_Cmd      can.o
    0x080014b8   0x080014b8   0x00000058   Code   RO         2727    i.CAN2_Cmd_All      can.o
    0x08001510   0x08001510   0x00000064   Code   RO         2728    i.CAN2_Cmd_Bottom   can.o
    0x08001574   0x08001574   0x0000010c   Code   RO         2730    i.CAN2_Mode_Init    can.o
    0x08001680   0x08001680   0x0000023c   Code   RO         2731    i.CAN2_RX0_IRQHandler  can.o
    0x080018bc   0x080018bc   0x00000050   Code   RO         2732    i.CAN2_Send_Clear   can.o
    0x0800190c   0x0800190c   0x000000a8   Code   RO          708    i.CAN_ClearITPendingBit  stm32f4xx_can.o
    0x080019b4   0x080019b4   0x00000108   Code   RO          712    i.CAN_FilterInit    stm32f4xx_can.o
    0x08001abc   0x08001abc   0x00000120   Code   RO          714    i.CAN_GetITStatus   stm32f4xx_can.o
    0x08001bdc   0x08001bdc   0x00000012   Code   RO          718    i.CAN_ITConfig      stm32f4xx_can.o
    0x08001bee   0x08001bee   0x00000114   Code   RO          719    i.CAN_Init          stm32f4xx_can.o
    0x08001d02   0x08001d02   0x000000f0   Code   RO          722    i.CAN_Receive       stm32f4xx_can.o
    0x08001df2   0x08001df2   0x00000126   Code   RO          727    i.CAN_Transmit      stm32f4xx_can.o
    0x08001f18   0x08001f18   0x000000d4   Code   RO         3751    i.CMControlInit     cmcontrol.o
    0x08001fec   0x08001fec   0x00000724   Code   RO         3752    i.CMControlLoop     cmcontrol.o
    0x08002710   0x08002710   0x00000874   Code   RO         3753    i.CMControlOut      cmcontrol.o
    0x08002f84   0x08002f84   0x0000002e   Code   RO         3754    i.CMSpeedLegalize   cmcontrol.o
    0x08002fb2   0x08002fb2   0x00000010   Code   RO         3755    i.CMStop            cmcontrol.o
    0x08002fc2   0x08002fc2   0x00000002   PAD
    0x08002fc4   0x08002fc4   0x000000a8   Code   RO         3756    i.CM_Climb_PID      cmcontrol.o
    0x0800306c   0x0800306c   0x000000a8   Code   RO         3757    i.CM_Normal_PID     cmcontrol.o
    0x08003114   0x08003114   0x000000a8   Code   RO         3758    i.CM_Normal_PID1    cmcontrol.o
    0x080031bc   0x080031bc   0x0000009c   Code   RO         3759    i.CM_Switch_Moni    cmcontrol.o
    0x08003258   0x08003258   0x00000012   Code   RO          730    i.CheckITStatus     stm32f4xx_can.o
    0x0800326a   0x0800326a   0x00000002   PAD
    0x0800326c   0x0800326c   0x0000003c   Code   RO         3956    i.Clear_SOS         refereeinfo.o
    0x080032a8   0x080032a8   0x000001b4   Code   RO         4411    i.Control_Task      controltask.o
    0x0800345c   0x0800345c   0x0000002c   Code   RO         4353    i.Cover_Moni        frictioncontrol.o
    0x08003488   0x08003488   0x0000004a   Code   RO         5355    i.DCD_EP_Close      SP19_USB.lib(usb_dcd.o)
    0x080034d2   0x080034d2   0x00000048   Code   RO         5356    i.DCD_EP_ClrStall   SP19_USB.lib(usb_dcd.o)
    0x0800351a   0x0800351a   0x00000024   Code   RO         5357    i.DCD_EP_Flush      SP19_USB.lib(usb_dcd.o)
    0x0800353e   0x0800353e   0x00000068   Code   RO         5358    i.DCD_EP_Open       SP19_USB.lib(usb_dcd.o)
    0x080035a6   0x080035a6   0x00000052   Code   RO         5359    i.DCD_EP_PrepareRx  SP19_USB.lib(usb_dcd.o)
    0x080035f8   0x080035f8   0x0000001c   Code   RO         5360    i.DCD_EP_SetAddress  SP19_USB.lib(usb_dcd.o)
    0x08003614   0x08003614   0x00000048   Code   RO         5361    i.DCD_EP_Stall      SP19_USB.lib(usb_dcd.o)
    0x0800365c   0x0800365c   0x0000004e   Code   RO         5362    i.DCD_EP_Tx         SP19_USB.lib(usb_dcd.o)
    0x080036aa   0x080036aa   0x00000066   Code   RO         5452    i.DCD_HandleEnumDone_ISR  SP19_USB.lib(usb_dcd_int.o)
    0x08003710   0x08003710   0x00000144   Code   RO         5453    i.DCD_HandleInEP_ISR  SP19_USB.lib(usb_dcd_int.o)
    0x08003854   0x08003854   0x00000100   Code   RO         5454    i.DCD_HandleOutEP_ISR  SP19_USB.lib(usb_dcd_int.o)
    0x08003954   0x08003954   0x00000068   Code   RO         5455    i.DCD_HandleResume_ISR  SP19_USB.lib(usb_dcd_int.o)
    0x080039bc   0x080039bc   0x000000b0   Code   RO         5456    i.DCD_HandleRxStatusQueueLevel_ISR  SP19_USB.lib(usb_dcd_int.o)
    0x08003a6c   0x08003a6c   0x0000002c   Code   RO         5457    i.DCD_HandleSof_ISR  SP19_USB.lib(usb_dcd_int.o)
    0x08003a98   0x08003a98   0x000000a8   Code   RO         5458    i.DCD_HandleUSBSuspend_ISR  SP19_USB.lib(usb_dcd_int.o)
    0x08003b40   0x08003b40   0x00000104   Code   RO         5459    i.DCD_HandleUsbReset_ISR  SP19_USB.lib(usb_dcd_int.o)
    0x08003c44   0x08003c44   0x0000009c   Code   RO         5364    i.DCD_Init          SP19_USB.lib(usb_dcd.o)
    0x08003ce0   0x08003ce0   0x0000002c   Code   RO         5460    i.DCD_IsoINIncomplete_ISR  SP19_USB.lib(usb_dcd_int.o)
    0x08003d0c   0x08003d0c   0x0000002c   Code   RO         5461    i.DCD_IsoOUTIncomplete_ISR  SP19_USB.lib(usb_dcd_int.o)
    0x08003d38   0x08003d38   0x00000028   Code   RO         5462    i.DCD_ReadDevInEP   SP19_USB.lib(usb_dcd_int.o)
    0x08003d60   0x08003d60   0x00000090   Code   RO         5463    i.DCD_WriteEmptyTxFifo  SP19_USB.lib(usb_dcd_int.o)
    0x08003df0   0x08003df0   0x00000028   Code   RO         3411    i.DMA1_Stream0_IRQHandler  uart8.o
    0x08003e18   0x08003e18   0x00000028   Code   RO         3183    i.DMA1_Stream1_IRQHandler  usart3.o
    0x08003e40   0x08003e40   0x00000020   Code   RO         3184    i.DMA1_Stream4_IRQHandler  usart3.o
    0x08003e60   0x08003e60   0x00000020   Code   RO         3110    i.DMA1_Stream6_IRQHandler  usart2.o
    0x08003e80   0x08003e80   0x00000028   Code   RO         3237    i.DMA2_Stream1_IRQHandler  usart6.o
    0x08003ea8   0x08003ea8   0x00000028   Code   RO         3238    i.DMA2_Stream6_IRQHandler  usart6.o
    0x08003ed0   0x08003ed0   0x00000034   Code   RO          921    i.DMA_ClearFlag     stm32f4xx_dma.o
    0x08003f04   0x08003f04   0x00000034   Code   RO          922    i.DMA_ClearITPendingBit  stm32f4xx_dma.o
    0x08003f38   0x08003f38   0x00000016   Code   RO          923    i.DMA_Cmd           stm32f4xx_dma.o
    0x08003f4e   0x08003f4e   0x00000002   PAD
    0x08003f50   0x08003f50   0x00000158   Code   RO          924    i.DMA_DeInit        stm32f4xx_dma.o
    0x080040a8   0x080040a8   0x00000014   Code   RO          928    i.DMA_GetCmdStatus  stm32f4xx_dma.o
    0x080040bc   0x080040bc   0x00000008   Code   RO          929    i.DMA_GetCurrDataCounter  stm32f4xx_dma.o
    0x080040c4   0x080040c4   0x00000044   Code   RO          932    i.DMA_GetFlagStatus  stm32f4xx_dma.o
    0x08004108   0x08004108   0x00000064   Code   RO          933    i.DMA_GetITStatus   stm32f4xx_dma.o
    0x0800416c   0x0800416c   0x0000003a   Code   RO          934    i.DMA_ITConfig      stm32f4xx_dma.o
    0x080041a6   0x080041a6   0x00000002   PAD
    0x080041a8   0x080041a8   0x00000058   Code   RO          935    i.DMA_Init          stm32f4xx_dma.o
    0x08004200   0x08004200   0x00000004   Code   RO          938    i.DMA_SetCurrDataCounter  stm32f4xx_dma.o
    0x08004204   0x08004204   0x00000002   Code   RO          356    i.DebugMon_Handler  stm32f4xx_it.o
    0x08004206   0x08004206   0x00000016   Code   RO         3028    i.EXTI0_IRQHandler  adi_gyro.o
    0x0800421c   0x0800421c   0x0000000c   Code   RO         1054    i.EXTI_ClearITPendingBit  stm32f4xx_exti.o
    0x08004228   0x08004228   0x00000018   Code   RO         1058    i.EXTI_GetITStatus  stm32f4xx_exti.o
    0x08004240   0x08004240   0x00000094   Code   RO         1059    i.EXTI_Init         stm32f4xx_exti.o
    0x080042d4   0x080042d4   0x00000008   Code   RO         4270    i.FeedControlInit   feedcontrol.o
    0x080042dc   0x080042dc   0x00000020   Code   RO         4271    i.FeedControlLoop   feedcontrol.o
    0x080042fc   0x080042fc   0x00000108   Code   RO         4272    i.FeedJudge         feedcontrol.o
    0x08004404   0x08004404   0x00000008   Code   RO         4354    i.FrictionControlInit  frictioncontrol.o
    0x0800440c   0x0800440c   0x0000012c   Code   RO         4355    i.FrictionControlLoop  frictioncontrol.o
    0x08004538   0x08004538   0x000000b8   Code   RO         4356    i.FrictionJudge     frictioncontrol.o
    0x080045f0   0x080045f0   0x00000060   Code   RO         4357    i.Friction_Para_Moni  frictioncontrol.o
    0x08004650   0x08004650   0x0000003c   Code   RO         3029    i.GPIOF_Pin1_Init   adi_gyro.o
    0x0800468c   0x0800468c   0x00000090   Code   RO         1120    i.GPIO_Init         stm32f4xx_gpio.o
    0x0800471c   0x0800471c   0x00000046   Code   RO         1121    i.GPIO_PinAFConfig  stm32f4xx_gpio.o
    0x08004762   0x08004762   0x00000004   Code   RO         1127    i.GPIO_ResetBits    stm32f4xx_gpio.o
    0x08004766   0x08004766   0x00000004   Code   RO         1128    i.GPIO_SetBits      stm32f4xx_gpio.o
    0x0800476a   0x0800476a   0x00000002   PAD
    0x0800476c   0x0800476c   0x00000034   Code   RO         3957    i.Get_CRC16_Check_Sum  refereeinfo.o
    0x080047a0   0x080047a0   0x00000024   Code   RO         3958    i.Get_CRC8_Check_Sum  refereeinfo.o
    0x080047c4   0x080047c4   0x00000288   Code   RO         3606    i.GimbalControlInit  gimbalcontrol.o
    0x08004a4c   0x08004a4c   0x000003a8   Code   RO         3607    i.GimbalControlLoop  gimbalcontrol.o
    0x08004df4   0x08004df4   0x00000024   Code   RO         3608    i.GimbalStop        gimbalcontrol.o
    0x08004e18   0x08004e18   0x00000050   Code   RO         3553    i.GimbalSwitchJudge  remotecontrol.o
    0x08004e68   0x08004e68   0x00000020   Code   RO         3609    i.GimbalValLigal    gimbalcontrol.o
    0x08004e88   0x08004e88   0x00000004   Code   RO          357    i.HardFault_Handler  stm32f4xx_it.o
    0x08004e8c   0x08004e8c   0x000000f4   Code   RO         2911    i.ItoE              rc.o
    0x08004f80   0x08004f80   0x0000001c   Code   RO         4449    i.LPF_FirstOrder_Init  sp_math.o
    0x08004f9c   0x08004f9c   0x0000005c   Code   RO         4450    i.LPF_FirstOrder_filter  sp_math.o
    0x08004ff8   0x08004ff8   0x00000040   Code   RO         3387    i.Laser_Configuration  laser.o
    0x08005038   0x08005038   0x0000005c   Code   RO         2875    i.Led_Configuration  led.o
    0x08005094   0x08005094   0x0000003c   Code   RO         3314    i.MPU6500ReadSPI    mpu6500.o
    0x080050d0   0x080050d0   0x00000030   Code   RO         3315    i.MPU6500ReadSPISingle  mpu6500.o
    0x08005100   0x08005100   0x00000030   Code   RO         3316    i.MPU6500WriteSPI   mpu6500.o
    0x08005130   0x08005130   0x0000009c   Code   RO         3317    i.MPU6500_Init      mpu6500.o
    0x080051cc   0x080051cc   0x0000021c   Code   RO         3318    i.MPU6500_Read      mpu6500.o
    0x080053e8   0x080053e8   0x00000004   Code   RO          358    i.MemManage_Handler  stm32f4xx_it.o
    0x080053ec   0x080053ec   0x0000003c   Code   RO         2876    i.MiniPC_Configuration  led.o
    0x08005428   0x08005428   0x0000002e   Code   RO         3610    i.MotorCurrentLegalize  gimbalcontrol.o
    0x08005456   0x08005456   0x00000002   Code   RO          359    i.NMI_Handler       stm32f4xx_it.o
    0x08005458   0x08005458   0x00000078   Code   RO          412    i.NVIC_Init         misc.o
    0x080054d0   0x080054d0   0x00000014   Code   RO          413    i.NVIC_PriorityGroupConfig  misc.o
    0x080054e4   0x080054e4   0x00000010   Code   RO         4674    i.OTG_FS_IRQHandler  usb_bsp.o
    0x080054f4   0x080054f4   0x00000028   Code   RO         4675    i.OTG_FS_WKUP_IRQHandler  usb_bsp.o
    0x0800551c   0x0800551c   0x000003f4   Code   RO         4502    i.PID_ControllerDriver  sp_pid.o
    0x08005910   0x08005910   0x0000008c   Code   RO         4505    i.PID_ControllerInit  sp_pid.o
    0x0800599c   0x0800599c   0x0000000e   Code   RO         4506    i.PID_SetGains      sp_pid.o
    0x080059aa   0x080059aa   0x00000014   Code   RO         4507    i.PID_SetTarget     sp_pid.o
    0x080059be   0x080059be   0x00000002   PAD
    0x080059c0   0x080059c0   0x0000007c   Code   RO         4273    i.PidFeedInit       feedcontrol.o
    0x08005a3c   0x08005a3c   0x0000007c   Code   RO         4358    i.PidFrictionInit   frictioncontrol.o
    0x08005ab8   0x08005ab8   0x00000118   Code   RO         3611    i.PitchPID_AutoAimAngle  gimbalcontrol.o
    0x08005bd0   0x08005bd0   0x00000118   Code   RO         3612    i.PitchPID_BigBuff  gimbalcontrol.o
    0x08005ce8   0x08005ce8   0x000000cc   Code   RO         3613    i.PitchPID_MechanicalAngle  gimbalcontrol.o
    0x08005db4   0x08005db4   0x00000094   Code   RO         3614    i.PitchPID_MechanicalAngle_Relative  gimbalcontrol.o
    0x08005e48   0x08005e48   0x00000070   Code   RO         2877    i.Power_Configuration  led.o
    0x08005eb8   0x08005eb8   0x00000030   Code   RO         3451    i.Power_Moni        monitorcontrol.o
    0x08005ee8   0x08005ee8   0x00000030   Code   RO         3452    i.Power_based_on_level  monitorcontrol.o
    0x08005f18   0x08005f18   0x00000020   Code   RO         1221    i.RCC_AHB1PeriphClockCmd  stm32f4xx_rcc.o
    0x08005f38   0x08005f38   0x00000020   Code   RO         1224    i.RCC_AHB2PeriphClockCmd  stm32f4xx_rcc.o
    0x08005f58   0x08005f58   0x00000020   Code   RO         1230    i.RCC_APB1PeriphClockCmd  stm32f4xx_rcc.o
    0x08005f78   0x08005f78   0x00000020   Code   RO         1232    i.RCC_APB1PeriphResetCmd  stm32f4xx_rcc.o
    0x08005f98   0x08005f98   0x00000020   Code   RO         1233    i.RCC_APB2PeriphClockCmd  stm32f4xx_rcc.o
    0x08005fb8   0x08005fb8   0x00000020   Code   RO         1235    i.RCC_APB2PeriphResetCmd  stm32f4xx_rcc.o
    0x08005fd8   0x08005fd8   0x000000e8   Code   RO         1242    i.RCC_GetClocksFreq  stm32f4xx_rcc.o
    0x080060c0   0x080060c0   0x00000148   Code   RO         2912    i.RC_Init           rc.o
    0x08006208   0x08006208   0x00000104   Code   RO         2913    i.RC_Update         rc.o
    0x0800630c   0x0800630c   0x00000054   Code   RO         3453    i.RcReceiveMonitor  monitorcontrol.o
    0x08006360   0x08006360   0x0000003c   Code   RO         3239    i.RefereeSend       usart6.o
    0x0800639c   0x0800639c   0x00000014   Code   RO         3554    i.RemoteControlInit  remotecontrol.o
    0x080063b0   0x080063b0   0x00000010   Code   RO         3555    i.RemoteControlLoop  remotecontrol.o
    0x080063c0   0x080063c0   0x00000240   Code   RO         3556    i.RemoteStateFSM    remotecontrol.o
    0x08006600   0x08006600   0x00000054   Code   RO         3454    i.Rescue_Moni       monitorcontrol.o
    0x08006654   0x08006654   0x00000024   Code   RO         3455    i.Reset_monitor     monitorcontrol.o
    0x08006678   0x08006678   0x000000d8   Code   RO         2649    i.SPI4Init          spi.o
    0x08006750   0x08006750   0x00000040   Code   RO         2650    i.SPI4ReadWriteByte  spi.o
    0x08006790   0x08006790   0x000000ec   Code   RO         2651    i.SPI5Init          spi.o
    0x0800687c   0x0800687c   0x00000050   Code   RO         2652    i.SPI5ReadWriteByte  spi.o
    0x080068cc   0x080068cc   0x00000018   Code   RO         1631    i.SPI_Cmd           stm32f4xx_spi.o
    0x080068e4   0x080068e4   0x0000003c   Code   RO         1644    i.SPI_Init          stm32f4xx_spi.o
    0x08006920   0x08006920   0x00000040   Code   RO         1796    i.SYSCFG_EXTILineConfig  stm32f4xx_syscfg.o
    0x08006960   0x08006960   0x000000fc   Code   RO         3959    i.Send_Middle_rectangle  refereeinfo.o
    0x08006a5c   0x08006a5c   0x0000008c   Code   RO         3960    i.Send_SOS          refereeinfo.o
    0x08006ae8   0x08006ae8   0x00000120   Code   RO          314    i.SetSysClock       system_stm32f4xx.o
    0x08006c08   0x08006c08   0x00000080   Code   RO         4274    i.ShootMove         feedcontrol.o
    0x08006c88   0x08006c88   0x000000b8   Code   RO         4275    i.Shoot_Para_Moni   feedcontrol.o
    0x08006d40   0x08006d40   0x0000031c   Code   RO         4276    i.Shoot_target_Cal  feedcontrol.o
    0x0800705c   0x0800705c   0x00000088   Code   RO         4277    i.StuckMoni         feedcontrol.o
    0x080070e4   0x080070e4   0x00000094   Code   RO         4278    i.StuckMoni_Speed   feedcontrol.o
    0x08007178   0x08007178   0x00000028   Code   RO          416    i.SysTick_CLKSourceConfig  misc.o
    0x080071a0   0x080071a0   0x00000068   Code   RO          316    i.SystemInit        system_stm32f4xx.o
    0x08007208   0x08007208   0x0000001c   Code   RO         2967    i.TIM2_IRQHandler   timer.o
    0x08007224   0x08007224   0x0000005a   Code   RO         2968    i.TIM2_Init         timer.o
    0x0800727e   0x0800727e   0x00000002   PAD
    0x08007280   0x08007280   0x00000058   Code   RO         2969    i.TIM6_DAC_IRQHandler  timer.o
    0x080072d8   0x080072d8   0x0000005c   Code   RO         2970    i.TIM6_Init         timer.o
    0x08007334   0x08007334   0x000000ac   Code   RO         2971    i.TIM9_Init         timer.o
    0x080073e0   0x080073e0   0x00000018   Code   RO         1857    i.TIM_ARRPreloadConfig  stm32f4xx_tim.o
    0x080073f8   0x080073f8   0x00000006   Code   RO         1864    i.TIM_ClearITPendingBit  stm32f4xx_tim.o
    0x080073fe   0x080073fe   0x00000018   Code   RO         1869    i.TIM_Cmd           stm32f4xx_tim.o
    0x08007416   0x08007416   0x00000022   Code   RO         1890    i.TIM_GetITStatus   stm32f4xx_tim.o
    0x08007438   0x08007438   0x00000012   Code   RO         1894    i.TIM_ITConfig      stm32f4xx_tim.o
    0x0800744a   0x0800744a   0x00000002   PAD
    0x0800744c   0x0800744c   0x0000007c   Code   RO         1898    i.TIM_OC1Init       stm32f4xx_tim.o
    0x080074c8   0x080074c8   0x00000012   Code   RO         1901    i.TIM_OC1PreloadConfig  stm32f4xx_tim.o
    0x080074da   0x080074da   0x00000004   Code   RO         1931    i.TIM_SetCompare1   stm32f4xx_tim.o
    0x080074de   0x080074de   0x00000002   PAD
    0x080074e0   0x080074e0   0x00000084   Code   RO         1941    i.TIM_TimeBaseInit  stm32f4xx_tim.o
    0x08007564   0x08007564   0x00000530   Code   RO         3615    i.TargetCacul       gimbalcontrol.o
    0x08007a94   0x08007a94   0x000000a0   Code   RO         3616    i.TurnToBigBuffPID  gimbalcontrol.o
    0x08007b34   0x08007b34   0x000000a0   Code   RO         3617    i.TurnToNormalPID   gimbalcontrol.o
    0x08007bd4   0x08007bd4   0x000000a0   Code   RO         3618    i.TurnToPreparePID  gimbalcontrol.o
    0x08007c74   0x08007c74   0x00000054   Code   RO         3620    i.TurnToYawMechPID  gimbalcontrol.o
    0x08007cc8   0x08007cc8   0x0000012c   Code   RO         3412    i.UART8_Init        uart8.o
    0x08007df4   0x08007df4   0x00000100   Code   RO         3413    i.UART_DMA_SEND     uart8.o
    0x08007ef4   0x08007ef4   0x00000054   Code   RO         2915    i.USART1_IRQHandler  rc.o
    0x08007f48   0x08007f48   0x000001b8   Code   RO         3111    i.USART2_DMA_Init   usart2.o
    0x08008100   0x08008100   0x00000054   Code   RO         3112    i.USART2_IRQHandler  usart2.o
    0x08008154   0x08008154   0x000001b4   Code   RO         3186    i.USART3_DMA_Init   usart3.o
    0x08008308   0x08008308   0x00000020   Code   RO         3187    i.USART3_IRQHandler  usart3.o
    0x08008328   0x08008328   0x000000b4   Code   RO         3241    i.USART6_Configuration  usart6.o
    0x080083dc   0x080083dc   0x000001b4   Code   RO         3242    i.USART6_DMA_Init   usart6.o
    0x08008590   0x08008590   0x00000028   Code   RO         3243    i.USART6_IRQHandler  usart6.o
    0x080085b8   0x080085b8   0x00000012   Code   RO         2419    i.USART_ClearFlag   stm32f4xx_usart.o
    0x080085ca   0x080085ca   0x00000018   Code   RO         2423    i.USART_Cmd         stm32f4xx_usart.o
    0x080085e2   0x080085e2   0x00000012   Code   RO         2424    i.USART_DMACmd      stm32f4xx_usart.o
    0x080085f4   0x080085f4   0x000000f0   Code   RO         2425    i.USART_DeInit      stm32f4xx_usart.o
    0x080086e4   0x080086e4   0x00000054   Code   RO         2427    i.USART_GetITStatus  stm32f4xx_usart.o
    0x08008738   0x08008738   0x0000004a   Code   RO         2429    i.USART_ITConfig    stm32f4xx_usart.o
    0x08008782   0x08008782   0x00000002   PAD
    0x08008784   0x08008784   0x000000d4   Code   RO         2430    i.USART_Init        stm32f4xx_usart.o
    0x08008858   0x08008858   0x0000000a   Code   RO         2437    i.USART_ReceiveData  stm32f4xx_usart.o
    0x08008862   0x08008862   0x00000008   Code   RO         2440    i.USART_SendData    stm32f4xx_usart.o
    0x0800886a   0x0800886a   0x00000016   Code   RO         5540    i.USBD_ClrCfg       SP19_USB.lib(usbd_core.o)
    0x08008880   0x08008880   0x00000048   Code   RO         5734    i.USBD_ClrFeature   SP19_USB.lib(usbd_req.o)
    0x080088c8   0x080088c8   0x0000001e   Code   RO         5653    i.USBD_CtlContinueRx  SP19_USB.lib(usbd_ioreq.o)
    0x080088e6   0x080088e6   0x0000001e   Code   RO         5654    i.USBD_CtlContinueSendData  SP19_USB.lib(usbd_ioreq.o)
    0x08008904   0x08008904   0x0000001e   Code   RO         5735    i.USBD_CtlError     SP19_USB.lib(usbd_req.o)
    0x08008922   0x08008922   0x00000024   Code   RO         5656    i.USBD_CtlReceiveStatus  SP19_USB.lib(usbd_ioreq.o)
    0x08008946   0x08008946   0x0000002e   Code   RO         5657    i.USBD_CtlSendData  SP19_USB.lib(usbd_ioreq.o)
    0x08008974   0x08008974   0x00000024   Code   RO         5658    i.USBD_CtlSendStatus  SP19_USB.lib(usbd_ioreq.o)
    0x08008998   0x08008998   0x000000d0   Code   RO         5541    i.USBD_DataInStage  SP19_USB.lib(usbd_core.o)
    0x08008a68   0x08008a68   0x00000096   Code   RO         5542    i.USBD_DataOutStage  SP19_USB.lib(usbd_core.o)
    0x08008afe   0x08008afe   0x00000006   Code   RO         5543    i.USBD_DeInit       SP19_USB.lib(usbd_core.o)
    0x08008b04   0x08008b04   0x00000054   Code   RO         5736    i.USBD_GetConfig    SP19_USB.lib(usbd_req.o)
    0x08008b58   0x08008b58   0x00000122   Code   RO         5737    i.USBD_GetDescriptor  SP19_USB.lib(usbd_req.o)
    0x08008c7a   0x08008c7a   0x00000014   Code   RO         5738    i.USBD_GetLen       SP19_USB.lib(usbd_req.o)
    0x08008c8e   0x08008c8e   0x00000002   PAD
    0x08008c90   0x08008c90   0x00000050   Code   RO         5739    i.USBD_GetStatus    SP19_USB.lib(usbd_req.o)
    0x08008ce0   0x08008ce0   0x00000052   Code   RO         5740    i.USBD_GetString    SP19_USB.lib(usbd_req.o)
    0x08008d32   0x08008d32   0x0000001a   Code   RO         4893    i.USBD_HID_DataIn   usbd_hid_core.o
    0x08008d4c   0x08008d4c   0x00000058   Code   RO         4894    i.USBD_HID_DataOut  usbd_hid_core.o
    0x08008da4   0x08008da4   0x0000001a   Code   RO         4895    i.USBD_HID_DeInit   usbd_hid_core.o
    0x08008dbe   0x08008dbe   0x00000002   PAD
    0x08008dc0   0x08008dc0   0x00000010   Code   RO         4896    i.USBD_HID_GetCfgDesc  usbd_hid_core.o
    0x08008dd0   0x08008dd0   0x00000034   Code   RO         4897    i.USBD_HID_Init     usbd_hid_core.o
    0x08008e04   0x08008e04   0x000000e8   Code   RO         4899    i.USBD_HID_Setup    usbd_hid_core.o
    0x08008eec   0x08008eec   0x00000042   Code   RO         5544    i.USBD_Init         SP19_USB.lib(usbd_core.o)
    0x08008f2e   0x08008f2e   0x00000012   Code   RO         5545    i.USBD_IsoINIncomplete  SP19_USB.lib(usbd_core.o)
    0x08008f40   0x08008f40   0x00000012   Code   RO         5546    i.USBD_IsoOUTIncomplete  SP19_USB.lib(usbd_core.o)
    0x08008f52   0x08008f52   0x000000e0   Code   RO         5464    i.USBD_OTG_ISR_Handler  SP19_USB.lib(usb_dcd_int.o)
    0x08009032   0x08009032   0x00000048   Code   RO         5741    i.USBD_ParseSetupRequest  SP19_USB.lib(usbd_req.o)
    0x0800907a   0x0800907a   0x00000032   Code   RO         5547    i.USBD_Reset        SP19_USB.lib(usbd_core.o)
    0x080090ac   0x080090ac   0x0000001e   Code   RO         5548    i.USBD_Resume       SP19_USB.lib(usbd_core.o)
    0x080090ca   0x080090ca   0x00000002   PAD
    0x080090cc   0x080090cc   0x00000014   Code   RO         5549    i.USBD_RunTestMode  SP19_USB.lib(usbd_core.o)
    0x080090e0   0x080090e0   0x0000001a   Code   RO         5550    i.USBD_SOF          SP19_USB.lib(usbd_core.o)
    0x080090fa   0x080090fa   0x0000005c   Code   RO         5742    i.USBD_SetAddress   SP19_USB.lib(usbd_req.o)
    0x08009156   0x08009156   0x0000001e   Code   RO         5551    i.USBD_SetCfg       SP19_USB.lib(usbd_core.o)
    0x08009174   0x08009174   0x000000d0   Code   RO         5743    i.USBD_SetConfig    SP19_USB.lib(usbd_req.o)
    0x08009244   0x08009244   0x000000a4   Code   RO         5744    i.USBD_SetFeature   SP19_USB.lib(usbd_req.o)
    0x080092e8   0x080092e8   0x00000054   Code   RO         5552    i.USBD_SetupStage   SP19_USB.lib(usbd_core.o)
    0x0800933c   0x0800933c   0x00000072   Code   RO         5745    i.USBD_StdDevReq    SP19_USB.lib(usbd_req.o)
    0x080093ae   0x080093ae   0x00000002   PAD
    0x080093b0   0x080093b0   0x0000015c   Code   RO         5746    i.USBD_StdEPReq     SP19_USB.lib(usbd_req.o)
    0x0800950c   0x0800950c   0x0000004c   Code   RO         5747    i.USBD_StdItfReq    SP19_USB.lib(usbd_req.o)
    0x08009558   0x08009558   0x00000020   Code   RO         5553    i.USBD_Suspend      SP19_USB.lib(usbd_core.o)
    0x08009578   0x08009578   0x00000034   Code   RO         4823    i.USBD_USR_ConfigStrDescriptor  usbd_desc.o
    0x080095ac   0x080095ac   0x00000002   Code   RO         4756    i.USBD_USR_DeviceConfigured  usbd_usr.o
    0x080095ae   0x080095ae   0x00000002   Code   RO         4757    i.USBD_USR_DeviceConnected  usbd_usr.o
    0x080095b0   0x080095b0   0x00000010   Code   RO         4824    i.USBD_USR_DeviceDescriptor  usbd_desc.o
    0x080095c0   0x080095c0   0x00000002   Code   RO         4758    i.USBD_USR_DeviceDisconnected  usbd_usr.o
    0x080095c2   0x080095c2   0x00000002   Code   RO         4759    i.USBD_USR_DeviceReset  usbd_usr.o
    0x080095c4   0x080095c4   0x00000002   Code   RO         4760    i.USBD_USR_DeviceResumed  usbd_usr.o
    0x080095c6   0x080095c6   0x00000002   Code   RO         4761    i.USBD_USR_DeviceSuspended  usbd_usr.o
    0x080095c8   0x080095c8   0x00000002   Code   RO         4762    i.USBD_USR_Init     usbd_usr.o
    0x080095ca   0x080095ca   0x00000002   PAD
    0x080095cc   0x080095cc   0x00000038   Code   RO         4825    i.USBD_USR_InterfaceStrDescriptor  usbd_desc.o
    0x08009604   0x08009604   0x00000010   Code   RO         4826    i.USBD_USR_LangIDStrDescriptor  usbd_desc.o
    0x08009614   0x08009614   0x0000002c   Code   RO         4827    i.USBD_USR_ManufacturerStrDescriptor  usbd_desc.o
    0x08009640   0x08009640   0x00000050   Code   RO         4828    i.USBD_USR_ProductStrDescriptor  usbd_desc.o
    0x08009690   0x08009690   0x00000048   Code   RO         4829    i.USBD_USR_SerialStrDescriptor  usbd_desc.o
    0x080096d8   0x080096d8   0x0000002c   Code   RO         4678    i.USB_OTG_BSP_EnableInterrupt  usb_bsp.o
    0x08009704   0x08009704   0x0000005c   Code   RO         4679    i.USB_OTG_BSP_Init  usb_bsp.o
    0x08009760   0x08009760   0x00000012   Code   RO         4682    i.USB_OTG_BSP_mDelay  usb_bsp.o
    0x08009772   0x08009772   0x0000001e   Code   RO         4683    i.USB_OTG_BSP_uDelay  usb_bsp.o
    0x08009790   0x08009790   0x00000126   Code   RO         4961    i.USB_OTG_CoreInit  SP19_USB.lib(usb_core.o)
    0x080098b6   0x080098b6   0x00000212   Code   RO         4962    i.USB_OTG_CoreInitDev  SP19_USB.lib(usb_core.o)
    0x08009ac8   0x08009ac8   0x00000070   Code   RO         4964    i.USB_OTG_CoreReset  SP19_USB.lib(usb_core.o)
    0x08009b38   0x08009b38   0x00000022   Code   RO         4965    i.USB_OTG_DisableGlobalInt  SP19_USB.lib(usb_core.o)
    0x08009b5a   0x08009b5a   0x0000006a   Code   RO         4967    i.USB_OTG_EP0Activate  SP19_USB.lib(usb_core.o)
    0x08009bc4   0x08009bc4   0x00000156   Code   RO         4968    i.USB_OTG_EP0StartXfer  SP19_USB.lib(usb_core.o)
    0x08009d1a   0x08009d1a   0x00000062   Code   RO         4969    i.USB_OTG_EP0_OutStart  SP19_USB.lib(usb_core.o)
    0x08009d7c   0x08009d7c   0x00000098   Code   RO         4970    i.USB_OTG_EPActivate  SP19_USB.lib(usb_core.o)
    0x08009e14   0x08009e14   0x00000050   Code   RO         4971    i.USB_OTG_EPClearStall  SP19_USB.lib(usb_core.o)
    0x08009e64   0x08009e64   0x0000005e   Code   RO         4972    i.USB_OTG_EPDeactivate  SP19_USB.lib(usb_core.o)
    0x08009ec2   0x08009ec2   0x00000064   Code   RO         4973    i.USB_OTG_EPSetStall  SP19_USB.lib(usb_core.o)
    0x08009f26   0x08009f26   0x000001f6   Code   RO         4974    i.USB_OTG_EPStartXfer  SP19_USB.lib(usb_core.o)
    0x0800a11c   0x0800a11c   0x00000034   Code   RO         4975    i.USB_OTG_EnableCommonInt  SP19_USB.lib(usb_core.o)
    0x0800a150   0x0800a150   0x0000009a   Code   RO         4976    i.USB_OTG_EnableDevInt  SP19_USB.lib(usb_core.o)
    0x0800a1ea   0x0800a1ea   0x00000022   Code   RO         4977    i.USB_OTG_EnableGlobalInt  SP19_USB.lib(usb_core.o)
    0x0800a20c   0x0800a20c   0x0000004c   Code   RO         4979    i.USB_OTG_FlushRxFifo  SP19_USB.lib(usb_core.o)
    0x0800a258   0x0800a258   0x00000054   Code   RO         4980    i.USB_OTG_FlushTxFifo  SP19_USB.lib(usb_core.o)
    0x0800a2ac   0x0800a2ac   0x00000034   Code   RO         4981    i.USB_OTG_GetDeviceSpeed  SP19_USB.lib(usb_core.o)
    0x0800a2e0   0x0800a2e0   0x0000000c   Code   RO         4983    i.USB_OTG_GetMode   SP19_USB.lib(usb_core.o)
    0x0800a2ec   0x0800a2ec   0x00000018   Code   RO         4988    i.USB_OTG_InitDevSpeed  SP19_USB.lib(usb_core.o)
    0x0800a304   0x0800a304   0x00000016   Code   RO         4990    i.USB_OTG_IsDeviceMode  SP19_USB.lib(usb_core.o)
    0x0800a31a   0x0800a31a   0x00000010   Code   RO         4993    i.USB_OTG_ReadCoreItr  SP19_USB.lib(usb_core.o)
    0x0800a32a   0x0800a32a   0x00000010   Code   RO         4994    i.USB_OTG_ReadDevAllInEPItr  SP19_USB.lib(usb_core.o)
    0x0800a33a   0x0800a33a   0x00000010   Code   RO         4995    i.USB_OTG_ReadDevAllOutEp_itr  SP19_USB.lib(usb_core.o)
    0x0800a34a   0x0800a34a   0x00000014   Code   RO         4996    i.USB_OTG_ReadDevOutEP_itr  SP19_USB.lib(usb_core.o)
    0x0800a35e   0x0800a35e   0x00000028   Code   RO         5000    i.USB_OTG_ReadPacket  SP19_USB.lib(usb_core.o)
    0x0800a386   0x0800a386   0x00000002   PAD
    0x0800a388   0x0800a388   0x000000d0   Code   RO         5002    i.USB_OTG_SelectCore  SP19_USB.lib(usb_core.o)
    0x0800a458   0x0800a458   0x0000004e   Code   RO         5003    i.USB_OTG_SetCurrentMode  SP19_USB.lib(usb_core.o)
    0x0800a4a6   0x0800a4a6   0x00000036   Code   RO         5007    i.USB_OTG_UngateClock  SP19_USB.lib(usb_core.o)
    0x0800a4dc   0x0800a4dc   0x00000040   Code   RO         5008    i.USB_OTG_WritePacket  SP19_USB.lib(usb_core.o)
    0x0800a51c   0x0800a51c   0x0000002c   Code   RO         4609    i.USB_RxInterrupt   usb.o
    0x0800a548   0x0800a548   0x0000003c   Code   RO         4611    i.USB_TaskInit      usb.o
    0x0800a584   0x0800a584   0x00000002   Code   RO         4612    i.USB_TaskLoop      usb.o
    0x0800a586   0x0800a586   0x00000004   Code   RO          360    i.UsageFault_Handler  stm32f4xx_it.o
    0x0800a58a   0x0800a58a   0x00000002   PAD
    0x0800a58c   0x0800a58c   0x00000040   Code   RO         3961    i.Verify_CRC16_Check_Sum  refereeinfo.o
    0x0800a5cc   0x0800a5cc   0x0000002e   Code   RO         3962    i.Verify_CRC8_Check_Sum  refereeinfo.o
    0x0800a5fa   0x0800a5fa   0x00000002   PAD
    0x0800a5fc   0x0800a5fc   0x00000074   Code   RO         4412    i.WholeInitTask     controltask.o
    0x0800a670   0x0800a670   0x00000114   Code   RO         3621    i.YawPID_BigBuff    gimbalcontrol.o
    0x0800a784   0x0800a784   0x00000100   Code   RO         3622    i.YawPID_Gyro       gimbalcontrol.o
    0x0800a884   0x0800a884   0x000000c8   Code   RO         3624    i.YawPID_MechanicalAngle_Relative  gimbalcontrol.o
    0x0800a94c   0x0800a94c   0x00000030   Code   RO         6053    i.__ARM_fpclassify  m_wm.l(fpclassify.o)
    0x0800a97c   0x0800a97c   0x00000004   PAD
    0x0800a980   0x0800a980   0x00000360   Code   RO         5919    i.__hardfp_asin     m_wm.l(asin.o)
    0x0800ace0   0x0800ace0   0x000002d8   Code   RO         6022    i.__hardfp_atan     m_wm.l(atan.o)
    0x0800afb8   0x0800afb8   0x00000200   Code   RO         5933    i.__hardfp_atan2    m_wm.l(atan2.o)
    0x0800b1b8   0x0800b1b8   0x000000c8   Code   RO         5945    i.__hardfp_cos      m_wm.l(cos.o)
    0x0800b280   0x0800b280   0x00000014   Code   RO         5957    i.__hardfp_fabs     m_wm.l(fabs.o)
    0x0800b294   0x0800b294   0x00000004   PAD
    0x0800b298   0x0800b298   0x000000c8   Code   RO         5963    i.__hardfp_sin      m_wm.l(sin.o)
    0x0800b360   0x0800b360   0x0000007a   Code   RO         5975    i.__hardfp_sqrt     m_wm.l(sqrt.o)
    0x0800b3da   0x0800b3da   0x00000006   PAD
    0x0800b3e0   0x0800b3e0   0x00000438   Code   RO         6058    i.__ieee754_rem_pio2  m_wm.l(rred.o)
    0x0800b818   0x0800b818   0x00000170   Code   RO         6036    i.__kernel_cos      m_wm.l(cos_i.o)
    0x0800b988   0x0800b988   0x000000f8   Code   RO         6055    i.__kernel_poly     m_wm.l(poly.o)
    0x0800ba80   0x0800ba80   0x00000130   Code   RO         6063    i.__kernel_sin      m_wm.l(sin_i.o)
    0x0800bbb0   0x0800bbb0   0x00000014   Code   RO         6040    i.__mathlib_dbl_infnan  m_wm.l(dunder.o)
    0x0800bbc4   0x0800bbc4   0x00000014   Code   RO         6041    i.__mathlib_dbl_infnan2  m_wm.l(dunder.o)
    0x0800bbd8   0x0800bbd8   0x00000020   Code   RO         6042    i.__mathlib_dbl_invalid  m_wm.l(dunder.o)
    0x0800bbf8   0x0800bbf8   0x00000020   Code   RO         6045    i.__mathlib_dbl_underflow  m_wm.l(dunder.o)
    0x0800bc18   0x0800bc18   0x00000012   Code   RO         3965    i._bytes2u16        refereeinfo.o
    0x0800bc2a   0x0800bc2a   0x00000002   PAD
    0x0800bc2c   0x0800bc2c   0x00000014   Code   RO         3967    i.aerial_robot_energy_interpret  refereeinfo.o
    0x0800bc40   0x0800bc40   0x00000010   Code   RO         6024    i.atan              m_wm.l(atan.o)
    0x0800bc50   0x0800bc50   0x00000060   Code   RO         3905    i.auto_aim_init     auto_aim.o
    0x0800bcb0   0x0800bcb0   0x00000060   Code   RO         3906    i.auto_bigbuff_init  auto_aim.o
    0x0800bd10   0x0800bd10   0x0000003c   Code   RO         3456    i.can2_monitor      monitorcontrol.o
    0x0800bd4c   0x0800bd4c   0x0000011c   Code   RO         3457    i.clear_zero_float  monitorcontrol.o
    0x0800be68   0x0800be68   0x00000210   Code   RO         2734    i.continue_value    can.o
    0x0800c078   0x0800c078   0x00000024   Code   RO         3113    i.crc8Check         usart2.o
    0x0800c09c   0x0800c09c   0x0000003c   Code   RO         2831    i.delay_init        delay.o
    0x0800c0d8   0x0800c0d8   0x00000038   Code   RO         2832    i.delay_ms          delay.o
    0x0800c110   0x0800c110   0x0000004c   Code   RO         2833    i.delay_us          delay.o
    0x0800c15c   0x0800c15c   0x0000004c   Code   RO         2834    i.delay_xms         delay.o
    0x0800c1a8   0x0800c1a8   0x0000000c   Code   RO         3969    i.ext_buff_musk_interpret  refereeinfo.o
    0x0800c1b4   0x0800c1b4   0x0000000c   Code   RO         3970    i.ext_event_data_interpret  refereeinfo.o
    0x0800c1c0   0x0800c1c0   0x0000000c   Code   RO         3971    i.ext_game_result_interpret  refereeinfo.o
    0x0800c1cc   0x0800c1cc   0x00000018   Code   RO         3972    i.ext_game_robot_pos_interpret  refereeinfo.o
    0x0800c1e4   0x0800c1e4   0x00000064   Code   RO         3973    i.ext_game_robot_state_interpret  refereeinfo.o
    0x0800c248   0x0800c248   0x00000014   Code   RO         3974    i.ext_game_robot_survivors_interpret  refereeinfo.o
    0x0800c25c   0x0800c25c   0x0000002c   Code   RO         3975    i.ext_game_state_interpret  refereeinfo.o
    0x0800c288   0x0800c288   0x00000020   Code   RO         3976    i.ext_power_heat_data_interpret  refereeinfo.o
    0x0800c2a8   0x0800c2a8   0x0000002c   Code   RO         3977    i.ext_robot_hurt_interpret  refereeinfo.o
    0x0800c2d4   0x0800c2d4   0x00000028   Code   RO         3978    i.ext_shoot_data_interpret  refereeinfo.o
    0x0800c2fc   0x0800c2fc   0x00000018   Code   RO         3979    i.ext_student_interactive_header_data_interpret  refereeinfo.o
    0x0800c314   0x0800c314   0x00000014   Code   RO         3980    i.ext_supply_projectile_action_interpret  refereeinfo.o
    0x0800c328   0x0800c328   0x00000010   Code   RO         3981    i.ext_supply_projectile_booking_interpret  refereeinfo.o
    0x0800c338   0x0800c338   0x00000018   Code   RO         5959    i.fabs              m_wm.l(fabs.o)
    0x0800c350   0x0800c350   0x000000a4   Code   RO         3760    i.followValCal      cmcontrol.o
    0x0800c3f4   0x0800c3f4   0x0000011c   Code   RO         3983    i.frame_interpret   refereeinfo.o
    0x0800c510   0x0800c510   0x00000016   Code   RO         3319    i.getDeviceID       mpu6500.o
    0x0800c526   0x0800c526   0x00000002   PAD
    0x0800c528   0x0800c528   0x00000140   Code   RO         3320    i.gyro_offset       mpu6500.o
    0x0800c668   0x0800c668   0x00000034   Code   RO         3458    i.heat_based_on_level  monitorcontrol.o
    0x0800c69c   0x0800c69c   0x00000170   Code   RO         3856    i.init_euler        euler.o
    0x0800c80c   0x0800c80c   0x0000003c   Code   RO         3857    i.invSqrt           euler.o
    0x0800c848   0x0800c848   0x0000008c   Code   RO         3761    i.key_move          cmcontrol.o
    0x0800c8d4   0x0800c8d4   0x000005c4   Code   RO         3762    i.keyboardmove      cmcontrol.o
    0x0800ce98   0x0800ce98   0x00000008   Code   RO            4    i.main              main.o
    0x0800cea0   0x0800cea0   0x0000002c   Code   RO         3459    i.max_output_speed_based_on_level  monitorcontrol.o
    0x0800cecc   0x0800cecc   0x0000015c   Code   RO         3460    i.monitorControlLoop  monitorcontrol.o
    0x0800d028   0x0800d028   0x00000052   Code   RO         3763    i.move              cmcontrol.o
    0x0800d07a   0x0800d07a   0x00000010   Code   RO         3321    i.myabs             mpu6500.o
    0x0800d08a   0x0800d08a   0x0000001c   Code   RO         3114    i.packFrame         usart2.o
    0x0800d0a6   0x0800d0a6   0x00000002   PAD
    0x0800d0a8   0x0800d0a8   0x00000070   Code   RO         3461    i.press_send_rectangle  monitorcontrol.o
    0x0800d118   0x0800d118   0x00000050   Code   RO         3462    i.raging_monitor    monitorcontrol.o
    0x0800d168   0x0800d168   0x00000078   Code   RO         3986    i.referee_send_client  refereeinfo.o
    0x0800d1e0   0x0800d1e0   0x0000006c   Code   RO         3987    i.referee_send_client_graphic  refereeinfo.o
    0x0800d24c   0x0800d24c   0x00000138   Code   RO         4243    i.send_com_control  sendcom.o
    0x0800d384   0x0800d384   0x000001a8   Code   RO         3988    i.send_data_to_client  refereeinfo.o
    0x0800d52c   0x0800d52c   0x000000b8   Code   RO         3115    i.sendtoComputer    usart2.o
    0x0800d5e4   0x0800d5e4   0x0000006e   Code   RO         5977    i.sqrt              m_wm.l(sqrt.o)
    0x0800d652   0x0800d652   0x00000002   PAD
    0x0800d654   0x0800d654   0x000000b0   Code   RO         3625    i.target_offset     gimbalcontrol.o
    0x0800d704   0x0800d704   0x000003c0   Code   RO         3858    i.update_euler_mpu  euler.o
    0x0800dac4   0x0800dac4   0x00000028   Code   RO         3990    i.update_from_dma   refereeinfo.o
    0x0800daec   0x0800daec   0x0000002a   Code   RO         3991    i.vrerify_frame     refereeinfo.o
    0x0800db16   0x0800db16   0x00000018   Code   RO         5885    x$fpl$basic         fz_wm.l(basic.o)
    0x0800db2e   0x0800db2e   0x00000002   PAD
    0x0800db30   0x0800db30   0x00000062   Code   RO         5887    x$fpl$d2f           fz_wm.l(d2f.o)
    0x0800db92   0x0800db92   0x00000002   PAD
    0x0800db94   0x0800db94   0x00000150   Code   RO         5889    x$fpl$dadd          fz_wm.l(daddsub_clz.o)
    0x0800dce4   0x0800dce4   0x00000018   Code   RO         6009    x$fpl$dcmpinf       fz_wm.l(dcmpi.o)
    0x0800dcfc   0x0800dcfc   0x000002b0   Code   RO         5896    x$fpl$ddiv          fz_wm.l(ddiv.o)
    0x0800dfac   0x0800dfac   0x00000078   Code   RO         5899    x$fpl$deqf          fz_wm.l(deqf.o)
    0x0800e024   0x0800e024   0x0000005e   Code   RO         5901    x$fpl$dfix          fz_wm.l(dfix.o)
    0x0800e082   0x0800e082   0x0000002e   Code   RO         5906    x$fpl$dflt          fz_wm.l(dflt_clz.o)
    0x0800e0b0   0x0800e0b0   0x00000026   Code   RO         5905    x$fpl$dfltu         fz_wm.l(dflt_clz.o)
    0x0800e0d6   0x0800e0d6   0x00000002   PAD
    0x0800e0d8   0x0800e0d8   0x00000078   Code   RO         5911    x$fpl$dleqf         fz_wm.l(dleqf.o)
    0x0800e150   0x0800e150   0x00000154   Code   RO         5913    x$fpl$dmul          fz_wm.l(dmul.o)
    0x0800e2a4   0x0800e2a4   0x0000009c   Code   RO         6011    x$fpl$dnaninf       fz_wm.l(dnaninf.o)
    0x0800e340   0x0800e340   0x0000000c   Code   RO         6013    x$fpl$dretinf       fz_wm.l(dretinf.o)
    0x0800e34c   0x0800e34c   0x0000006c   Code   RO         5915    x$fpl$drleqf        fz_wm.l(drleqf.o)
    0x0800e3b8   0x0800e3b8   0x00000016   Code   RO         5890    x$fpl$drsb          fz_wm.l(daddsub_clz.o)
    0x0800e3ce   0x0800e3ce   0x00000002   PAD
    0x0800e3d0   0x0800e3d0   0x00000198   Code   RO         6015    x$fpl$dsqrt         fz_wm.l(dsqrt_umaal.o)
    0x0800e568   0x0800e568   0x000001d4   Code   RO         5891    x$fpl$dsub          fz_wm.l(daddsub_clz.o)
    0x0800e73c   0x0800e73c   0x00000056   Code   RO         5917    x$fpl$f2d           fz_wm.l(f2d.o)
    0x0800e792   0x0800e792   0x0000008c   Code   RO         6017    x$fpl$fnaninf       fz_wm.l(fnaninf.o)
    0x0800e81e   0x0800e81e   0x0000000a   Code   RO         6325    x$fpl$fpinit        fz_wm.l(fpinit.o)
    0x0800e828   0x0800e828   0x0000000a   Code   RO         6019    x$fpl$fretinf       fz_wm.l(fretinf.o)
    0x0800e832   0x0800e832   0x00000000   Code   RO         6021    x$fpl$usenofp       fz_wm.l(usenofp.o)
    0x0800e832   0x0800e832   0x00000304   Data   RO         3117    .constdata          usart2.o
    0x0800eb36   0x0800eb36   0x00000302   Data   RO         3993    .constdata          refereeinfo.o
    0x0800ee38   0x0800ee38   0x00000050   Data   RO         5922    .constdata          m_wm.l(asin.o)
    0x0800ee88   0x0800ee88   0x00000098   Data   RO         6025    .constdata          m_wm.l(atan.o)
    0x0800ef20   0x0800ef20   0x00000030   Data   RO         6037    .constdata          m_wm.l(cos_i.o)
    0x0800ef50   0x0800ef50   0x00000008   Data   RO         6057    .constdata          m_wm.l(qnan.o)
    0x0800ef58   0x0800ef58   0x000000c8   Data   RO         6060    .constdata          m_wm.l(rred.o)
    0x0800f020   0x0800f020   0x00000028   Data   RO         6064    .constdata          m_wm.l(sin_i.o)
    0x0800f048   0x0800f048   0x00000020   Data   RO         6406    Region$$Table       anon$$obj.o


    Execution Region RW_IRAM1 (Exec base: 0x20000000, Load base: 0x0800f068, Size: 0x00002908, Max: 0x00030000, ABSOLUTE, COMPRESSED[0x00000288])

    Exec Addr    Load Addr    Size         Type   Attr      Idx    E Section Name        Object

    0x20000000   COMPRESSED   0x00000010   Data   RW         1274    .data               stm32f4xx_rcc.o
    0x20000010   COMPRESSED   0x00000024   Data   RW         2620    .data               bsp.o
    0x20000034   COMPRESSED   0x00000054   Data   RW         2736    .data               can.o
    0x20000088   COMPRESSED   0x00000004   Data   RW         2835    .data               delay.o
    0x2000008c   COMPRESSED   0x0000000a   Data   RW         2917    .data               rc.o
    0x20000096   COMPRESSED   0x00000002   PAD
    0x20000098   COMPRESSED   0x0000000e   Data   RW         2972    .data               timer.o
    0x200000a6   COMPRESSED   0x00000002   PAD
    0x200000a8   COMPRESSED   0x00000010   Data   RW         3032    .data               adi_gyro.o
    0x200000b8   COMPRESSED   0x00000006   Data   RW         3118    .data               usart2.o
    0x200000be   COMPRESSED   0x00000002   PAD
    0x200000c0   COMPRESSED   0x00000010   Data   RW         3323    .data               mpu6500.o
    0x200000d0   COMPRESSED   0x00000054   Data   RW         3463    .data               monitorcontrol.o
    0x20000124   COMPRESSED   0x00000020   Data   RW         3557    .data               remotecontrol.o
    0x20000144   COMPRESSED   0x00000148   Data   RW         3627    .data               gimbalcontrol.o
    0x2000028c   COMPRESSED   0x000000c8   Data   RW         3765    .data               cmcontrol.o
    0x20000354   COMPRESSED   0x00000004   PAD
    0x20000358   COMPRESSED   0x000000b8   Data   RW         3860    .data               euler.o
    0x20000410   COMPRESSED   0x00000200   Data   RW         3909    .data               auto_aim.o
    0x20000610   COMPRESSED   0x00000050   Data   RW         3994    .data               refereeinfo.o
    0x20000660   COMPRESSED   0x00000024   Data   RW         4214    .data               cap_control.o
    0x20000684   COMPRESSED   0x0000000c   Data   RW         4244    .data               sendcom.o
    0x20000690   COMPRESSED   0x00000088   Data   RW         4281    .data               feedcontrol.o
    0x20000718   COMPRESSED   0x00000038   Data   RW         4360    .data               frictioncontrol.o
    0x20000750   COMPRESSED   0x00000028   Data   RW         4413    .data               controltask.o
    0x20000778   COMPRESSED   0x0000001c   Data   RW         4763    .data               usbd_usr.o
    0x20000794   COMPRESSED   0x0000003c   Data   RW         4830    .data               usbd_desc.o
    0x200007d0   COMPRESSED   0x00000078   Data   RW         4901    .data               usbd_hid_core.o
    0x20000848   COMPRESSED   0x00000034   Data   RW         5554    .data               SP19_USB.lib(usbd_core.o)
    0x2000087c   COMPRESSED   0x0000000d   Data   RW         5749    .data               SP19_USB.lib(usbd_req.o)
    0x20000889   COMPRESSED   0x00000003   PAD
    0x2000088c        -       0x00000030   Zero   RW         2619    .bss                bsp.o
    0x200008bc        -       0x00000010   Zero   RW         2735    .bss                can.o
    0x200008cc        -       0x0000003e   Zero   RW         2916    .bss                rc.o
    0x2000090a   COMPRESSED   0x00000002   PAD
    0x2000090c        -       0x0000003c   Zero   RW         3031    .bss                adi_gyro.o
    0x20000948        -       0x0000004c   Zero   RW         3116    .bss                usart2.o
    0x20000994        -       0x0000007a   Zero   RW         3188    .bss                usart3.o
    0x20000a0e        -       0x00000198   Zero   RW         3244    .bss                usart6.o
    0x20000ba6   COMPRESSED   0x00000002   PAD
    0x20000ba8        -       0x0000002c   Zero   RW         3322    .bss                mpu6500.o
    0x20000bd4        -       0x00000010   Zero   RW         3414    .bss                uart8.o
    0x20000be4   COMPRESSED   0x00000004   PAD
    0x20000be8        -       0x000003b0   Zero   RW         3626    .bss                gimbalcontrol.o
    0x20000f98        -       0x00000210   Zero   RW         3764    .bss                cmcontrol.o
    0x200011a8        -       0x00000318   Zero   RW         3908    .bss                auto_aim.o
    0x200014c0        -       0x00000106   Zero   RW         3992    .bss                refereeinfo.o
    0x200015c6   COMPRESSED   0x00000002   PAD
    0x200015c8        -       0x000000b0   Zero   RW         4280    .bss                feedcontrol.o
    0x20001678        -       0x000000b0   Zero   RW         4359    .bss                frictioncontrol.o
    0x20001728        -       0x00000b00   Zero   RW         4613    .bss                usb.o
    0x20002228        -       0x0000003f   Zero   RW         4900    .bss                usbd_hid_core.o
    0x20002267        -       0x00000040   Zero   RW         5748    .bss                SP19_USB.lib(usbd_req.o)
    0x200022a7   COMPRESSED   0x00000001   PAD
    0x200022a8        -       0x00000060   Zero   RW         6115    .bss                c_w.l(libspace.o)
    0x20002308        -       0x00000200   Zero   RW         2609    HEAP                startup_stm32f40_41xxx.o
    0x20002508        -       0x00000400   Zero   RW         2608    STACK               startup_stm32f40_41xxx.o


==============================================================================

Image component sizes


      Code (inc. data)   RO Data    RW Data    ZI Data      Debug   Object Name

       742         66          0         16         60       7470   adi_gyro.o
      1580        262          0        512        792       7274   auto_aim.o
       384         50          0         36         48       1372   bsp.o
       220         16          0          0          0       1230   buzzer.o
      2588        256          0         84         16      10861   can.o
         0          0          0         36          0        714   cap_control.o
      6788        554          0        200        528      12439   cmcontrol.o
       552         40          0         40          0       2191   controltask.o
       268         16          0          4          0       2571   delay.o
      1388        132          0        184          0       4294   euler.o
      1820        298          0        136        176       7317   feedcontrol.o
       756        140          0         56        176       4629   frictioncontrol.o
      5410        962          0        328        944      17889   gimbalcontrol.o
        64          4          0          0          0        574   laser.o
       264         20          0          0          0       1729   led.o
         8          0          0          0          0     355813   main.o
       180         24          0          0          0       2081   misc.o
      1280        214          0         84          0       8051   monitorcontrol.o
      1210        120          0         16         44      10012   mpu6500.o
       916         74          0         10         62       4877   rc.o
      2190        192        770         80        262      27569   refereeinfo.o
       692        126          0         32          0       3669   remotecontrol.o
       312         30          0         12          0       1013   sendcom.o
       120         12          0          0          0       2930   sp_math.o
      1186         38          0          0          0       3571   sp_pid.o
       596         44          0          0          0       2630   spi.o
        64         26        392          0       1536        848   startup_stm32f40_41xxx.o
      1566         16          0          0          0       6434   stm32f4xx_can.o
       816         86          0          0          0       8296   stm32f4xx_dma.o
       184         16          0          0          0       2100   stm32f4xx_exti.o
       222          0          0          0          0       2879   stm32f4xx_gpio.o
        20          0          0          0          0       2857   stm32f4xx_it.o
       424         54          0         16          0       6426   stm32f4xx_rcc.o
        84          0          0          0          0       1729   stm32f4xx_spi.o
        64          4          0          0          0        652   stm32f4xx_syscfg.o
       384         38          0          0          0       6152   stm32f4xx_tim.o
       688         42          0          0          0       6699   stm32f4xx_usart.o
       392         32          0          0          0       1585   system_stm32f4xx.o
       470         28          0         14          0       3478   timer.o
       596         38          0          0         16       2719   uart8.o
       896         88        772          6         76       6788   usart2.o
       540         50          0          0        122       3162   usart3.o
       796         68          0          0        408       4709   usart6.o
       106         28          0          0       2816       3061   usb.o
       240         20          0          0          0       4038   usb_bsp.o
       336        160          0         60          0       6044   usbd_desc.o
       440         42          0        120         63       5183   usbd_hid_core.o
        14          0          0         28          0       3785   usbd_usr.o

    ----------------------------------------------------------------------
     40890       4526       1966       2120       8155     594394   Object Totals
         0          0         32          0          0          0   (incl. Generated)
        34          0          0         10         10          0   (incl. Padding)

    ----------------------------------------------------------------------

      Code (inc. data)   RO Data    RW Data    ZI Data      Debug   Library Member Name

      3466         18          0          0          0      44934   usb_core.o
       702          0          0          0          0       6843   usb_dcd.o
      1930         50          0          0          0       9791   usb_dcd_int.o
       760          6          0         52          0      11464   usbd_core.o
       178          0          0          0          0      21152   usbd_ioreq.o
      1732         54          0         13         64      10975   usbd_req.o
        90          0          0          0          0          0   __dczerorl2.o
         8          0          0          0          0         68   __main.o
         0          0          0          0          0          0   __rtentry.o
        12          0          0          0          0          0   __rtentry2.o
         6          0          0          0          0          0   __rtentry4.o
        52          8          0          0          0          0   __scatter.o
        28          0          0          0          0          0   __scatter_zi.o
        22          0          0          0          0        100   _rserrno.o
        18          0          0          0          0         80   exit.o
         6          0          0          0          0        152   heapauxi.o
         0          0          0          0          0          0   indicate_semi.o
         2          0          0          0          0          0   libinit.o
         6          0          0          0          0          0   libinit2.o
         2          0          0          0          0          0   libshutdown.o
         2          0          0          0          0          0   libshutdown2.o
         8          4          0          0         96         68   libspace.o
        72          0          0          0          0         76   llsdiv.o
       238          0          0          0          0        100   lludivv7m.o
         8          4          0          0          0         68   rt_errno_addr_intlibspace.o
        78          0          0          0          0         80   rt_memclr_w.o
       138          0          0          0          0         68   rt_memcpy_v6.o
       100          0          0          0          0         80   rt_memcpy_w.o
         2          0          0          0          0          0   rtexit.o
        10          0          0          0          0          0   rtexit2.o
        62          0          0          0          0         76   strlen.o
        12          4          0          0          0         68   sys_exit.o
        74          0          0          0          0         80   sys_stackheap_outer.o
         2          0          0          0          0         68   use_no_semi.o
        24          0          0          0          0        164   basic.o
        98          4          0          0          0        140   d2f.o
       826         16          0          0          0        492   daddsub_clz.o
        24          0          0          0          0        116   dcmpi.o
       688        140          0          0          0        256   ddiv.o
       120          4          0          0          0        140   deqf.o
        94          4          0          0          0        140   dfix.o
        84          0          0          0          0        232   dflt_clz.o
       120          4          0          0          0        140   dleqf.o
       340         12          0          0          0        152   dmul.o
       156          4          0          0          0        140   dnaninf.o
        12          0          0          0          0        116   dretinf.o
       108          0          0          0          0        128   drleqf.o
       408         56          0          0          0        168   dsqrt_umaal.o
        86          4          0          0          0        132   f2d.o
       140          4          0          0          0        132   fnaninf.o
        10          0          0          0          0        116   fpinit.o
        10          0          0          0          0        116   fretinf.o
         0          0          0          0          0          0   usenofp.o
       864         94         80          0          0        280   asin.o
       744        106        152          0          0        352   atan.o
       512         64          0          0          0        208   atan2.o
       200         20          0          0          0        164   cos.o
       368         46         48          0          0        200   cos_i.o
       104         16          0          0          0        496   dunder.o
        44          0          0          0          0        248   fabs.o
        48          0          0          0          0        124   fpclassify.o
       248          0          0          0          0        152   poly.o
         0          0          8          0          0          0   qnan.o
      1080        142        200          0          0        188   rred.o
       200         20          0          0          0        164   sin.o
       304         24         40          0          0        208   sin_i.o
       232          0          0          0          0        296   sqrt.o

    ----------------------------------------------------------------------
     18160        932        528         68        161     112491   Library Totals
        38          0          0          3          1          0   (incl. Padding)

    ----------------------------------------------------------------------

      Code (inc. data)   RO Data    RW Data    ZI Data      Debug   Library Name

      8768        128          0         65         64     105159   SP19_USB.lib
      1058         20          0          0         96       1232   c_w.l
      3348        252          0          0          0       3020   fz_wm.l
      4948        532        528          0          0       3080   m_wm.l

    ----------------------------------------------------------------------
     18160        932        528         68        161     112491   Library Totals

    ----------------------------------------------------------------------

==============================================================================


      Code (inc. data)   RO Data    RW Data    ZI Data      Debug   

     59050       5458       2494       2188       8316     668113   Grand Totals
     59050       5458       2494        648       8316     668113   ELF Image Totals (compressed)
     59050       5458       2494        648          0          0   ROM Totals

==============================================================================

    Total RO  Size (Code + RO Data)                61544 (  60.10kB)
    Total RW  Size (RW Data + ZI Data)             10504 (  10.26kB)
    Total ROM Size (Code + RO Data + RW Data)      62192 (  60.73kB)

==============================================================================

