<html>
<body>
<pre>
<h1>µVision Build Log</h1>
<h2>Tool Versions:</h2>
IDE-Version: ¦ÌVision V5.25.2.0
Copyright (C) 2018 ARM Ltd and ARM Germany GmbH. All rights reserved.
License Information: LSS LSS, 1, LIC=21E45-GWNJ1-JJN6S-LHNJP-YNS0M-MIA99
 
Tool Versions:
Toolchain:       MDK-ARM Plus  Version: 5.25.2.0
Toolchain Path:  D:\KEIL5\ARM\ARMCLANG\Bin
C Compiler:      ArmClang.exe V6.9
Assembler:       Armasm.exe V6.9
Linker/Locator:  ArmLink.exe V6.9
Library Manager: ArmAr.exe V6.9
Hex Converter:   FromElf.exe V6.9
CPU DLL:         SARMCM3.DLL V5.25.2.0
Dialog DLL:      DCM.DLL V1.17.1.0
Target DLL:      UL2CM3.DLL V1.160.12.0
Dialog DLL:      TCM.DLL V1.35.1.0
 
<h2>Project:</h2>
H:\´óÑ§\robotmaster\2019Èü¼¾\SP_SENTRY\MDK\SP_SENTRY.uvprojx
Project File Date:  05/01/2019

<h2>Output:</h2>
*** Using Compiler 'V6.9', folder: 'D:\KEIL5\ARM\ARMCLANG\Bin'
Rebuild target 'SP_SENTRY'
compiling sp_utility.c...
compiling main.c...
compiling sp_rc.c...
compiling sp_task.c...
../SPLib/APP/sp_shoot.c(329): warning: incompatible pointer types assigning to 'float (*)(float *, uint8_t, float, float)' (aka 'float (*)(float *, unsigned char, float, float)') from 'float (float *, uint8_t, float, uint16_t)' (aka 'float (float *, unsigned char, float, unsigned short)') [-Wincompatible-pointer-types]
    Friction_CH1.pid.functions.output_filter = MovingAverageFilter_f32;
                                             ^ ~~~~~~~~~~~~~~~~~~~~~~~
../SPLib/APP/sp_shoot.c(336): warning: incompatible pointer types assigning to 'float (*)(float *, uint8_t, float, float)' (aka 'float (*)(float *, unsigned char, float, float)') from 'float (float *, uint8_t, float, uint16_t)' (aka 'float (float *, unsigned char, float, unsigned short)') [-Wincompatible-pointer-types]
    Friction_CH2.pid.functions.output_filter = MovingAverageFilter_f32;
                                             ^ ~~~~~~~~~~~~~~~~~~~~~~~
2 warnings generated.
compiling sp_shoot.c...
compiling RefereeInfo.c...
compiling sp_motor.c...
assembling sp_delay.s...
compiling sp_math.c...
compiling sp_filter.c...
compiling sp_irq.c...
compiling sp_pid.c...
compiling sp_chasis.c...
compiling gimbal.c...
compiling sp_spi.c...
compiling sp_gpio.c...
compiling sp_usart.c...
compiling sp_timer.c...
compiling sp_dma.c...
compiling sp_can.c...
compiling sp_rng.c...
compiling Auto_aim.c...
compiling frame.c...
compiling usbd_desc.c...
compiling usbd_hid_core.c...
compiling usb.c...
compiling usb_bsp.c...
compiling usbd_usr.c...
assembling startup_stm32f427II.S...
compiling system_stm32f427II.c...
compiling i2c.c...
compiling sp_sensor.c...
compiling infrared.c...
linking...
Program Size: Code=38816 RO-data=1816 RW-data=872 ZI-data=18464  
FromELF: creating hex file...
After Build - User command #1: D:\KEIL5\\ARM\ARMCC\bin\fromelf.exe --text -a -c --output=SP19_Template_lite.asm ".\Objects\SP19_Template_lite.axf"
".\Objects\SP19_Template_lite.axf" - 0 Error(s), 2 Warning(s).

<h2>Software Packages used:</h2>

Package Vendor: Keil
                http://www.keil.com/pack/Keil.STM32F4xx_DFP.2.11.0.pack
                Keil.STM32F4xx_DFP.2.11.0
                STMicroelectronics STM32F4 Series Device Support, Drivers and Examples

<h2>Collection of Component include folders:</h2>
  .\RTE\_SP_SENTRY
  D:\KEIL5\ARM\Pack\Keil\STM32F4xx_DFP\2.11.0\Drivers\CMSIS\Device\ST\STM32F4xx\Include

<h2>Collection of Component Files used:</h2>
Build Time Elapsed:  00:00:05
</pre>
</body>
</html>
