<html>
<body>
<pre>
<h1>µVision Build Log</h1>
<h2>Tool Versions:</h2>
IDE-Version: ¦ÌVision V5.28.0.0
Copyright (C) 2019 ARM Ltd and ARM Germany GmbH. All rights reserved.
License Information: A B, C, LIC=03C6R-KBMAK-12ILE-5DG96-Y1SVE-6IPHD
 
Tool Versions:
Toolchain:       MDK-ARM Plus  Version: 5.32.0.0
Toolchain Path:  D:\Keil_v5\ARM\ARMCLANG\Bin
C Compiler:      ArmClang.exe V6.14.1
Assembler:       Armasm.exe V6.14.1
Linker/Locator:  ArmLink.exe V6.14.1
Library Manager: ArmAr.exe V6.14.1
Hex Converter:   FromElf.exe V6.14.1
CPU DLL:         SARMCM3.DLL V5.32.0.0
Dialog DLL:      DCM.DLL V1.17.3.0
Target DLL:      CMSIS_AGDI.dll V1.32.12.0
Dialog DLL:      TCM.DLL V1.46.0.0
 
<h2>Project:</h2>
D:\Users\Lenovo\Desktop\RM2020\SP_Sentry\MDK\SP_SENTRY.uvprojx
Project File Date:  01/28/2021

<h2>Output:</h2>
*** Using Compiler 'V6.14.1', folder: 'D:\Keil_v5\ARM\ARMCLANG\Bin'
Build target 'SP_SENTRY'
../User/main.c(54): warning: In file included from...
../User/sp_conf.h(75): warning: In file included from...
../User/stm32f4xx_conf.h(76): warning: In file included from...
../STMLib/STM32F4xx_StdPeriph_Driver/inc\stm32f4xx_sai.h(177): warning: 'IS_SAI_BLOCK_PERIPH' macro redefined [-Wmacro-redefined]
#define IS_SAI_BLOCK_PERIPH(PERIPH) (((PERIPH) == SAI1_Block_A) || \
        ^
../SPLib/Core/stm32f427xx.h(16404): note: previous definition is here
#define IS_SAI_BLOCK_PERIPH IS_SAI_ALL_INSTANCE
        ^
1 warning generated.
compiling main.c...
../SPLib/APP/sp_rc.c(16): warning: In file included from...
../SPLib/APP/sp_rc.h(24): warning: In file included from...
../User\sp_conf.h(75): warning: In file included from...
../User/stm32f4xx_conf.h(76): warning: In file included from...
../STMLib/STM32F4xx_StdPeriph_Driver/inc\stm32f4xx_sai.h(177): warning: 'IS_SAI_BLOCK_PERIPH' macro redefined [-Wmacro-redefined]
#define IS_SAI_BLOCK_PERIPH(PERIPH) (((PERIPH) == SAI1_Block_A) || \
        ^
../SPLib/Core/stm32f427xx.h(16404): note: previous definition is here
#define IS_SAI_BLOCK_PERIPH IS_SAI_ALL_INSTANCE
        ^
1 warning generated.
compiling sp_rc.c...
../SPLib/APP/sp_utility.c(16): warning: In file included from...
../SPLib/APP/sp_utility.h(23): warning: In file included from...
../SPLib/AAL\sp_pid.h(26): warning: In file included from...
../User\sp_conf.h(75): warning: In file included from...
../User/stm32f4xx_conf.h(76): warning: In file included from...
../STMLib/STM32F4xx_StdPeriph_Driver/inc\stm32f4xx_sai.h(177): warning: 'IS_SAI_BLOCK_PERIPH' macro redefined [-Wmacro-redefined]
#define IS_SAI_BLOCK_PERIPH(PERIPH) (((PERIPH) == SAI1_Block_A) || \
        ^
../SPLib/Core/stm32f427xx.h(16404): note: previous definition is here
#define IS_SAI_BLOCK_PERIPH IS_SAI_ALL_INSTANCE
        ^
1 warning generated.
compiling sp_utility.c...
../SPLib/APP/sp_shoot.c(16): warning: In file included from...
../SPLib/APP/sp_shoot.h(24): warning: In file included from...
../SPLib/AAL\sp_pid.h(26): warning: In file included from...
../User\sp_conf.h(75): warning: In file included from...
../User/stm32f4xx_conf.h(76): warning: In file included from...
../STMLib/STM32F4xx_StdPeriph_Driver/inc\stm32f4xx_sai.h(177): warning: 'IS_SAI_BLOCK_PERIPH' macro redefined [-Wmacro-redefined]
#define IS_SAI_BLOCK_PERIPH(PERIPH) (((PERIPH) == SAI1_Block_A) || \
        ^
../SPLib/Core/stm32f427xx.h(16404): note: previous definition is here
#define IS_SAI_BLOCK_PERIPH IS_SAI_ALL_INSTANCE
        ^
1 warning generated.
compiling sp_shoot.c...
../SPLib/Mod/chasis/sp_chasis.c(16): warning: In file included from...
../SPLib/Mod/chasis/sp_chasis.h(23): warning: In file included from...
../User\sp_conf.h(75): warning: In file included from...
../User/stm32f4xx_conf.h(76): warning: In file included from...
../STMLib/STM32F4xx_StdPeriph_Driver/inc\stm32f4xx_sai.h(177): warning: 'IS_SAI_BLOCK_PERIPH' macro redefined [-Wmacro-redefined]
#define IS_SAI_BLOCK_PERIPH(PERIPH) (((PERIPH) == SAI1_Block_A) || \
        ^
../SPLib/Core/stm32f427xx.h(16404): note: previous definition is here
#define IS_SAI_BLOCK_PERIPH IS_SAI_ALL_INSTANCE
        ^
1 warning generated.
compiling sp_chasis.c...
../SPLib/APP/sp_motor.c(17): warning: In file included from...
../SPLib/APP/sp_motor.h(31): warning: In file included from...
../SPLib/AAL\sp_pid.h(26): warning: In file included from...
../User\sp_conf.h(75): warning: In file included from...
../User/stm32f4xx_conf.h(76): warning: In file included from...
../STMLib/STM32F4xx_StdPeriph_Driver/inc\stm32f4xx_sai.h(177): warning: 'IS_SAI_BLOCK_PERIPH' macro redefined [-Wmacro-redefined]
#define IS_SAI_BLOCK_PERIPH(PERIPH) (((PERIPH) == SAI1_Block_A) || \
        ^
../SPLib/Core/stm32f427xx.h(16404): note: previous definition is here
#define IS_SAI_BLOCK_PERIPH IS_SAI_ALL_INSTANCE
        ^
1 warning generated.
compiling sp_motor.c...
../User/sp_task.c(19): warning: In file included from...
../User/sp_conf.h(75): warning: In file included from...
../User/stm32f4xx_conf.h(76): warning: In file included from...
../STMLib/STM32F4xx_StdPeriph_Driver/inc\stm32f4xx_sai.h(177): warning: 'IS_SAI_BLOCK_PERIPH' macro redefined [-Wmacro-redefined]
#define IS_SAI_BLOCK_PERIPH(PERIPH) (((PERIPH) == SAI1_Block_A) || \
        ^
../SPLib/Core/stm32f427xx.h(16404): note: previous definition is here
#define IS_SAI_BLOCK_PERIPH IS_SAI_ALL_INSTANCE
        ^
1 warning generated.
compiling sp_task.c...
compiling sp_filter.c...
compiling sp_math.c...
../SPLib/APP/sp_irq.c(16): warning: In file included from...
../SPLib/APP/sp_irq.h(19): warning: In file included from...
../User\sp_conf.h(75): warning: In file included from...
../User/stm32f4xx_conf.h(76): warning: In file included from...
../STMLib/STM32F4xx_StdPeriph_Driver/inc\stm32f4xx_sai.h(177): warning: 'IS_SAI_BLOCK_PERIPH' macro redefined [-Wmacro-redefined]
#define IS_SAI_BLOCK_PERIPH(PERIPH) (((PERIPH) == SAI1_Block_A) || \
        ^
../SPLib/Core/stm32f427xx.h(16404): note: previous definition is here
#define IS_SAI_BLOCK_PERIPH IS_SAI_ALL_INSTANCE
        ^
1 warning generated.
compiling sp_irq.c...
../SPLib/AAL/sp_pid.c(15): warning: In file included from...
../SPLib/AAL/sp_pid.h(26): warning: In file included from...
../User\sp_conf.h(75): warning: In file included from...
../User/stm32f4xx_conf.h(76): warning: In file included from...
../STMLib/STM32F4xx_StdPeriph_Driver/inc\stm32f4xx_sai.h(177): warning: 'IS_SAI_BLOCK_PERIPH' macro redefined [-Wmacro-redefined]
#define IS_SAI_BLOCK_PERIPH(PERIPH) (((PERIPH) == SAI1_Block_A) || \
        ^
../SPLib/Core/stm32f427xx.h(16404): note: previous definition is here
#define IS_SAI_BLOCK_PERIPH IS_SAI_ALL_INSTANCE
        ^
1 warning generated.
compiling sp_pid.c...
../SPLib/Mod/sentry/sp_sentry.c(14): warning: In file included from...
../SPLib/Mod/chasis\sp_chasis.h(23): warning: In file included from...
../User\sp_conf.h(75): warning: In file included from...
../User/stm32f4xx_conf.h(76): warning: In file included from...
../STMLib/STM32F4xx_StdPeriph_Driver/inc\stm32f4xx_sai.h(177): warning: 'IS_SAI_BLOCK_PERIPH' macro redefined [-Wmacro-redefined]
#define IS_SAI_BLOCK_PERIPH(PERIPH) (((PERIPH) == SAI1_Block_A) || \
        ^
../SPLib/Core/stm32f427xx.h(16404): note: previous definition is here
#define IS_SAI_BLOCK_PERIPH IS_SAI_ALL_INSTANCE
        ^
../SPLib/Mod/sentry/sp_sentry.c(55): warning: taking address of packed member 'value_u32' of class or structure '(anonymous union)::(anonymous struct)::(anonymous)' may result in an unaligned pointer value [-Waddress-of-packed-member]
        if(MsgReg_Read(address, &(ret.frame.value_u32)) == 0) {
                                  ^~~~~~~~~~~~~~~~~~~
2 warnings generated.
compiling sp_sentry.c...
../SPLib/APP/gimbal.c(17): warning: In file included from...
../SPLib/APP/gimbal.h(23): warning: In file included from...
../User\sp_conf.h(75): warning: In file included from...
../User/stm32f4xx_conf.h(76): warning: In file included from...
../STMLib/STM32F4xx_StdPeriph_Driver/inc\stm32f4xx_sai.h(177): warning: 'IS_SAI_BLOCK_PERIPH' macro redefined [-Wmacro-redefined]
#define IS_SAI_BLOCK_PERIPH(PERIPH) (((PERIPH) == SAI1_Block_A) || \
        ^
../SPLib/Core/stm32f427xx.h(16404): note: previous definition is here
#define IS_SAI_BLOCK_PERIPH IS_SAI_ALL_INSTANCE
        ^
1 warning generated.
compiling gimbal.c...
assembling sp_delay.s...
../SPLib/BSP/sp_spi.c(14): warning: In file included from...
../SPLib/BSP/sp_spi.h(28): warning: In file included from...
../User\sp_conf.h(75): warning: In file included from...
../User/stm32f4xx_conf.h(76): warning: In file included from...
../STMLib/STM32F4xx_StdPeriph_Driver/inc\stm32f4xx_sai.h(177): warning: 'IS_SAI_BLOCK_PERIPH' macro redefined [-Wmacro-redefined]
#define IS_SAI_BLOCK_PERIPH(PERIPH) (((PERIPH) == SAI1_Block_A) || \
        ^
../SPLib/Core/stm32f427xx.h(16404): note: previous definition is here
#define IS_SAI_BLOCK_PERIPH IS_SAI_ALL_INSTANCE
        ^
1 warning generated.
compiling sp_spi.c...
compiling sp_gpio.c...
../SPLib/BSP/sp_usart.c(30): warning: In file included from...
../SPLib/BSP/sp_usart.h(38): warning: In file included from...
../SPLib/BSP/sp_dma.h(39): warning: In file included from...
../User\sp_conf.h(75): warning: In file included from...
../User/stm32f4xx_conf.h(76): warning: In file included from...
../STMLib/STM32F4xx_StdPeriph_Driver/inc\stm32f4xx_sai.h(177): warning: 'IS_SAI_BLOCK_PERIPH' macro redefined [-Wmacro-redefined]
#define IS_SAI_BLOCK_PERIPH(PERIPH) (((PERIPH) == SAI1_Block_A) || \
        ^
../SPLib/Core/stm32f427xx.h(16404): note: previous definition is here
#define IS_SAI_BLOCK_PERIPH IS_SAI_ALL_INSTANCE
        ^
1 warning generated.
compiling sp_usart.c...
../SPLib/BSP/sp_dma.c(15): warning: In file included from...
../SPLib/BSP/sp_dma.h(39): warning: In file included from...
../User\sp_conf.h(75): warning: In file included from...
../User/stm32f4xx_conf.h(76): warning: In file included from...
../STMLib/STM32F4xx_StdPeriph_Driver/inc\stm32f4xx_sai.h(177): warning: 'IS_SAI_BLOCK_PERIPH' macro redefined [-Wmacro-redefined]
#define IS_SAI_BLOCK_PERIPH(PERIPH) (((PERIPH) == SAI1_Block_A) || \
        ^
../SPLib/Core/stm32f427xx.h(16404): note: previous definition is here
#define IS_SAI_BLOCK_PERIPH IS_SAI_ALL_INSTANCE
        ^
1 warning generated.
compiling sp_dma.c...
compiling sp_can.c...
../SPLib/BSP/sp_timer.c(15): warning: In file included from...
../SPLib/BSP/sp_timer.h(34): warning: In file included from...
../User\sp_conf.h(75): warning: In file included from...
../User/stm32f4xx_conf.h(76): warning: In file included from...
../STMLib/STM32F4xx_StdPeriph_Driver/inc\stm32f4xx_sai.h(177): warning: 'IS_SAI_BLOCK_PERIPH' macro redefined [-Wmacro-redefined]
#define IS_SAI_BLOCK_PERIPH(PERIPH) (((PERIPH) == SAI1_Block_A) || \
        ^
../SPLib/Core/stm32f427xx.h(16404): note: previous definition is here
#define IS_SAI_BLOCK_PERIPH IS_SAI_ALL_INSTANCE
        ^
1 warning generated.
compiling sp_timer.c...
../SPLib/BSP/sp_rng.c(1): warning: In file included from...
../User\sp_conf.h(75): warning: In file included from...
../User/stm32f4xx_conf.h(76): warning: In file included from...
../STMLib/STM32F4xx_StdPeriph_Driver/inc\stm32f4xx_sai.h(177): warning: 'IS_SAI_BLOCK_PERIPH' macro redefined [-Wmacro-redefined]
#define IS_SAI_BLOCK_PERIPH(PERIPH) (((PERIPH) == SAI1_Block_A) || \
        ^
../SPLib/Core/stm32f427xx.h(16404): note: previous definition is here
#define IS_SAI_BLOCK_PERIPH IS_SAI_ALL_INSTANCE
        ^
1 warning generated.
compiling sp_rng.c...
compiling sp_watchdog.c...
../SPLib/Mod/imu/imu_kalman[DSP].c(1): warning: In file included from...
../SPLib/Mod/imu/imu_kalman.h(7): warning: In file included from...
../User\sp_conf.h(75): warning: In file included from...
../User/stm32f4xx_conf.h(76): warning: In file included from...
../STMLib/STM32F4xx_StdPeriph_Driver/inc\stm32f4xx_sai.h(177): warning: 'IS_SAI_BLOCK_PERIPH' macro redefined [-Wmacro-redefined]
#define IS_SAI_BLOCK_PERIPH(PERIPH) (((PERIPH) == SAI1_Block_A) || \
        ^
../SPLib/Core/stm32f427xx.h(16404): note: previous definition is here
#define IS_SAI_BLOCK_PERIPH IS_SAI_ALL_INSTANCE
        ^
1 warning generated.
compiling imu_kalman[DSP].c...
../SPLib/USB/hid/usbd_desc.c(23): warning: In file included from...
../STMLib/STM32_USB_Device_Library/Core/inc\usbd_core.h(33): warning: In file included from...
../STMLib/STM32_USB_OTG_Driver/inc\usb_dcd.h(33): warning: In file included from...
../STMLib/STM32_USB_OTG_Driver/inc/usb_core.h(33): warning: In file included from...
../SPLib/USB/usr\usb_conf.h(34): warning: In file included from...
../User\stm32f4xx_conf.h(76): warning: In file included from...
../STMLib/STM32F4xx_StdPeriph_Driver/inc\stm32f4xx_sai.h(177): warning: 'IS_SAI_BLOCK_PERIPH' macro redefined [-Wmacro-redefined]
#define IS_SAI_BLOCK_PERIPH(PERIPH) (((PERIPH) == SAI1_Block_A) || \
        ^
../SPLib/Core/stm32f427xx.h(16404): note: previous definition is here
#define IS_SAI_BLOCK_PERIPH IS_SAI_ALL_INSTANCE
        ^
1 warning generated.
compiling usbd_desc.c...
../SPLib/Mod/View2MCU_ComProtocal/frame.c(1): warning: In file included from...
../User\sp_conf.h(75): warning: In file included from...
../User/stm32f4xx_conf.h(76): warning: In file included from...
../STMLib/STM32F4xx_StdPeriph_Driver/inc\stm32f4xx_sai.h(177): warning: 'IS_SAI_BLOCK_PERIPH' macro redefined [-Wmacro-redefined]
#define IS_SAI_BLOCK_PERIPH(PERIPH) (((PERIPH) == SAI1_Block_A) || \
        ^
../SPLib/Core/stm32f427xx.h(16404): note: previous definition is here
#define IS_SAI_BLOCK_PERIPH IS_SAI_ALL_INSTANCE
        ^
1 warning generated.
compiling frame.c...
../SPLib/Mod/View2MCU_ComProtocal/Auto_aim.c(14): warning: In file included from...
../SPLib/mod/View2MCU_ComProtocal/Auto_aim.h(3): warning: In file included from...
../User\sp_conf.h(75): warning: In file included from...
../User/stm32f4xx_conf.h(76): warning: In file included from...
../STMLib/STM32F4xx_StdPeriph_Driver/inc\stm32f4xx_sai.h(177): warning: 'IS_SAI_BLOCK_PERIPH' macro redefined [-Wmacro-redefined]
#define IS_SAI_BLOCK_PERIPH(PERIPH) (((PERIPH) == SAI1_Block_A) || \
        ^
../SPLib/Core/stm32f427xx.h(16404): note: previous definition is here
#define IS_SAI_BLOCK_PERIPH IS_SAI_ALL_INSTANCE
        ^
1 warning generated.
compiling Auto_aim.c...
../SPLib/Mod/imu/sp_imu.c(15): warning: In file included from...
../SPLib/Mod/imu/sp_imu.h(81): warning: In file included from...
../SPLib/BSP\sp_spi.h(28): warning: In file included from...
../User\sp_conf.h(75): warning: In file included from...
../User/stm32f4xx_conf.h(76): warning: In file included from...
../STMLib/STM32F4xx_StdPeriph_Driver/inc\stm32f4xx_sai.h(177): warning: 'IS_SAI_BLOCK_PERIPH' macro redefined [-Wmacro-redefined]
#define IS_SAI_BLOCK_PERIPH(PERIPH) (((PERIPH) == SAI1_Block_A) || \
        ^
../SPLib/Core/stm32f427xx.h(16404): note: previous definition is here
#define IS_SAI_BLOCK_PERIPH IS_SAI_ALL_INSTANCE
        ^
1 warning generated.
compiling sp_imu.c...
../SPLib/USB/hid/usbd_hid_core.c(50): warning: In file included from...
../SPLib/USB/hid/usbd_hid_core.h(27): warning: In file included from...
../STMLib/STM32_USB_Device_Library/Core/inc\usbd_ioreq.h(35): warning: In file included from...
../STMLib/STM32_USB_Device_Library/Core/inc/usbd_core.h(33): warning: In file included from...
../STMLib/STM32_USB_OTG_Driver/inc\usb_dcd.h(33): warning: In file included from...
../STMLib/STM32_USB_OTG_Driver/inc/usb_core.h(33): warning: In file included from...
../SPLib/USB/usr\usb_conf.h(34): warning: In file included from...
../User\stm32f4xx_conf.h(76): warning: In file included from...
../STMLib/STM32F4xx_StdPeriph_Driver/inc\stm32f4xx_sai.h(177): warning: 'IS_SAI_BLOCK_PERIPH' macro redefined [-Wmacro-redefined]
#define IS_SAI_BLOCK_PERIPH(PERIPH) (((PERIPH) == SAI1_Block_A) || \
        ^
../SPLib/Core/stm32f427xx.h(16404): note: previous definition is here
#define IS_SAI_BLOCK_PERIPH IS_SAI_ALL_INSTANCE
        ^
1 warning generated.
compiling usbd_hid_core.c...
../SPLib/USB/usr/usb.c(20): warning: In file included from...
../SPLib/USB/usr/usb.h(27): warning: In file included from...
../SPLib/USB/usr/usb_conf.h(34): warning: In file included from...
../User\stm32f4xx_conf.h(76): warning: In file included from...
../STMLib/STM32F4xx_StdPeriph_Driver/inc\stm32f4xx_sai.h(177): warning: 'IS_SAI_BLOCK_PERIPH' macro redefined [-Wmacro-redefined]
#define IS_SAI_BLOCK_PERIPH(PERIPH) (((PERIPH) == SAI1_Block_A) || \
        ^
../SPLib/Core/stm32f427xx.h(16404): note: previous definition is here
#define IS_SAI_BLOCK_PERIPH IS_SAI_ALL_INSTANCE
        ^
1 warning generated.
compiling usb.c...
assembling startup_stm32f427II.S...
../SPLib/USB/usr/usb_bsp.c(30): warning: In file included from...
../STMLib/STM32_USB_OTG_Driver/inc\usb_bsp.h(33): warning: In file included from...
../STMLib/STM32_USB_OTG_Driver/inc/usb_core.h(33): warning: In file included from...
../SPLib/USB/usr\usb_conf.h(34): warning: In file included from...
../User\stm32f4xx_conf.h(76): warning: In file included from...
../STMLib/STM32F4xx_StdPeriph_Driver/inc\stm32f4xx_sai.h(177): warning: 'IS_SAI_BLOCK_PERIPH' macro redefined [-Wmacro-redefined]
#define IS_SAI_BLOCK_PERIPH(PERIPH) (((PERIPH) == SAI1_Block_A) || \
        ^
../SPLib/Core/stm32f427xx.h(16404): note: previous definition is here
#define IS_SAI_BLOCK_PERIPH IS_SAI_ALL_INSTANCE
        ^
1 warning generated.
compiling usb_bsp.c...
../SPLib/USB/usr/usbd_usr.c(29): warning: In file included from...
../STMLib/STM32_USB_Device_Library/Core/inc\usbd_usr.h(33): warning: In file included from...
../STMLib/STM32_USB_Device_Library/Core/inc/usbd_core.h(33): warning: In file included from...
../STMLib/STM32_USB_OTG_Driver/inc\usb_dcd.h(33): warning: In file included from...
../STMLib/STM32_USB_OTG_Driver/inc/usb_core.h(33): warning: In file included from...
../SPLib/USB/usr\usb_conf.h(34): warning: In file included from...
../User\stm32f4xx_conf.h(76): warning: In file included from...
../STMLib/STM32F4xx_StdPeriph_Driver/inc\stm32f4xx_sai.h(177): warning: 'IS_SAI_BLOCK_PERIPH' macro redefined [-Wmacro-redefined]
#define IS_SAI_BLOCK_PERIPH(PERIPH) (((PERIPH) == SAI1_Block_A) || \
        ^
../SPLib/Core/stm32f427xx.h(16404): note: previous definition is here
#define IS_SAI_BLOCK_PERIPH IS_SAI_ALL_INSTANCE
        ^
1 warning generated.
compiling usbd_usr.c...
compiling system_stm32f427II.c...
../SPLib/Mod/tof/i2c.c(28): warning: In file included from...
../SPLib/Mod/tof/i2c.h(5): warning: In file included from...
../User\sp_conf.h(75): warning: In file included from...
../User/stm32f4xx_conf.h(76): warning: In file included from...
../STMLib/STM32F4xx_StdPeriph_Driver/inc\stm32f4xx_sai.h(177): warning: 'IS_SAI_BLOCK_PERIPH' macro redefined [-Wmacro-redefined]
#define IS_SAI_BLOCK_PERIPH(PERIPH) (((PERIPH) == SAI1_Block_A) || \
        ^
../SPLib/Core/stm32f427xx.h(16404): note: previous definition is here
#define IS_SAI_BLOCK_PERIPH IS_SAI_ALL_INSTANCE
        ^
1 warning generated.
compiling i2c.c...
compiling referee_crc.c...
../SPLib/Mod/tof/sp_sensor.c(21): warning: In file included from...
../SPLib/Mod/tof/sp_sensor.h(5): warning: In file included from...
../SPLib/Mod/tof/i2c.h(5): warning: In file included from...
../User\sp_conf.h(75): warning: In file included from...
../User/stm32f4xx_conf.h(76): warning: In file included from...
../STMLib/STM32F4xx_StdPeriph_Driver/inc\stm32f4xx_sai.h(177): warning: 'IS_SAI_BLOCK_PERIPH' macro redefined [-Wmacro-redefined]
#define IS_SAI_BLOCK_PERIPH(PERIPH) (((PERIPH) == SAI1_Block_A) || \
        ^
../SPLib/Core/stm32f427xx.h(16404): note: previous definition is here
#define IS_SAI_BLOCK_PERIPH IS_SAI_ALL_INSTANCE
        ^
1 warning generated.
compiling sp_sensor.c...
../SPLib/Mod/infrared/infrared.c(1): warning: In file included from...
../SPLib/Mod/infrared/infrared.h(4): warning: In file included from...
../User\sp_conf.h(75): warning: In file included from...
../User/stm32f4xx_conf.h(76): warning: In file included from...
../STMLib/STM32F4xx_StdPeriph_Driver/inc\stm32f4xx_sai.h(177): warning: 'IS_SAI_BLOCK_PERIPH' macro redefined [-Wmacro-redefined]
#define IS_SAI_BLOCK_PERIPH(PERIPH) (((PERIPH) == SAI1_Block_A) || \
        ^
../SPLib/Core/stm32f427xx.h(16404): note: previous definition is here
#define IS_SAI_BLOCK_PERIPH IS_SAI_ALL_INSTANCE
        ^
1 warning generated.
compiling infrared.c...
../SPLib/Mod/referee/referee.c(9): warning: In file included from...
../SPLib/Mod/referee/referee.h(12): warning: In file included from...
../User\sp_conf.h(75): warning: In file included from...
../User/stm32f4xx_conf.h(76): warning: In file included from...
../STMLib/STM32F4xx_StdPeriph_Driver/inc\stm32f4xx_sai.h(177): warning: 'IS_SAI_BLOCK_PERIPH' macro redefined [-Wmacro-redefined]
#define IS_SAI_BLOCK_PERIPH(PERIPH) (((PERIPH) == SAI1_Block_A) || \
        ^
../SPLib/Core/stm32f427xx.h(16404): note: previous definition is here
#define IS_SAI_BLOCK_PERIPH IS_SAI_ALL_INSTANCE
        ^
1 warning generated.
compiling referee.c...
linking...
Program Size: Code=41678 RO-data=1638 RW-data=1476 ZI-data=19908  
FromELF: creating hex file...
After Build - User command #1: D:\Keil_v5\\ARM\ARMCC\bin\fromelf.exe --text -a -c --output=SP_SENTRY.asm ".\Objects\SP_SENTRY.axf"
".\Objects\SP_SENTRY.axf" - 0 Error(s), 30 Warning(s).

<h2>Software Packages used:</h2>

Package Vendor: Keil
                http://www.keil.com/pack/Keil.STM32F4xx_DFP.2.13.0.pack
                Keil.STM32F4xx_DFP.2.13.0
                STMicroelectronics STM32F4 Series Device Support, Drivers and Examples

<h2>Collection of Component include folders:</h2>
  .\RTE\_SP_SENTRY
  D:\Keil_v5\ARM\PACK\Keil\STM32F4xx_DFP\2.13.0\Drivers\CMSIS\Device\ST\STM32F4xx\Include

<h2>Collection of Component Files used:</h2>
Build Time Elapsed:  00:00:15
</pre>
</body>
</html>
