<!doctype html public "-//w3c//dtd html 4.0 transitional//en">
<html><head>
<title>Static Call Graph - [.\Objects\SP_SENTRY.axf]</title></head>
<body><HR>
<H1>Static Call Graph for image .\Objects\SP_SENTRY.axf</H1><HR>
<BR><P>#&#060CALLGRAPH&#062# ARM Linker, 6140101: Last Updated: Thu Jan 28 11:29:57 2021
<BR><P>
<H3>Maximum Stack Usage =        180 bytes + Unknown(Functions without stacksize, Cycles, Untraceable Function Pointers)</H3><H3>
Call chain for Maximum Stack Depth:</H3>
__rt_entry_main &rArr; main &rArr; TASK_GlobalInit &rArr; RC_ReceiverInit &rArr; USART_RX_Config &rArr; USART_Init &rArr; RCC_GetClocksFreq
<P>
<H3>
Functions with no stack information
</H3><UL>
 <LI><a href="#[f9]">__user_initial_stackheap</a>
 <LI><a href="#[239]">delay_us</a>
 <LI><a href="#[1ac]">delay_ms</a>
</UL>
</UL>
<P>
<H3>
Mutually Recursive functions
</H3> <LI><a href="#[39]">NMI_Handler</a>&nbsp;&nbsp;&nbsp;&rArr;&nbsp;&nbsp;&nbsp;<a href="#[39]">NMI_Handler</a><BR>
 <LI><a href="#[3a]">HardFault_Handler</a>&nbsp;&nbsp;&nbsp;&rArr;&nbsp;&nbsp;&nbsp;<a href="#[3a]">HardFault_Handler</a><BR>
 <LI><a href="#[3b]">MemManage_Handler</a>&nbsp;&nbsp;&nbsp;&rArr;&nbsp;&nbsp;&nbsp;<a href="#[3b]">MemManage_Handler</a><BR>
 <LI><a href="#[3c]">BusFault_Handler</a>&nbsp;&nbsp;&nbsp;&rArr;&nbsp;&nbsp;&nbsp;<a href="#[3c]">BusFault_Handler</a><BR>
 <LI><a href="#[3d]">UsageFault_Handler</a>&nbsp;&nbsp;&nbsp;&rArr;&nbsp;&nbsp;&nbsp;<a href="#[3d]">UsageFault_Handler</a><BR>
 <LI><a href="#[3e]">SVC_Handler</a>&nbsp;&nbsp;&nbsp;&rArr;&nbsp;&nbsp;&nbsp;<a href="#[3e]">SVC_Handler</a><BR>
 <LI><a href="#[3f]">DebugMon_Handler</a>&nbsp;&nbsp;&nbsp;&rArr;&nbsp;&nbsp;&nbsp;<a href="#[3f]">DebugMon_Handler</a><BR>
 <LI><a href="#[41]">SysTick_Handler</a>&nbsp;&nbsp;&nbsp;&rArr;&nbsp;&nbsp;&nbsp;<a href="#[41]">SysTick_Handler</a><BR>
 <LI><a href="#[54]">ADC_IRQHandler</a>&nbsp;&nbsp;&nbsp;&rArr;&nbsp;&nbsp;&nbsp;<a href="#[54]">ADC_IRQHandler</a><BR>
 <LI><a href="#[e5]">_sys_exit</a>&nbsp;&nbsp;&nbsp;&rArr;&nbsp;&nbsp;&nbsp;<a href="#[e5]">_sys_exit</a><BR>
</UL>
<P>
<H3>
Function Pointers
</H3><UL>
 <LI><a href="#[54]">ADC_IRQHandler</a> from startup_stm32f427ii.o(.text) referenced from startup_stm32f427ii.o(RESET)
 <LI><a href="#[3c]">BusFault_Handler</a> from startup_stm32f427ii.o(.text) referenced from startup_stm32f427ii.o(RESET)
 <LI><a href="#[56]">CAN1_RX0_IRQHandler</a> from sp_can.o(.text.CAN1_RX0_IRQHandler) referenced from startup_stm32f427ii.o(RESET)
 <LI><a href="#[57]">CAN1_RX1_IRQHandler</a> from startup_stm32f427ii.o(.text) referenced from startup_stm32f427ii.o(RESET)
 <LI><a href="#[58]">CAN1_SCE_IRQHandler</a> from startup_stm32f427ii.o(.text) referenced from startup_stm32f427ii.o(RESET)
 <LI><a href="#[55]">CAN1_TX_IRQHandler</a> from startup_stm32f427ii.o(.text) referenced from startup_stm32f427ii.o(RESET)
 <LI><a href="#[82]">CAN2_RX0_IRQHandler</a> from startup_stm32f427ii.o(.text) referenced from startup_stm32f427ii.o(RESET)
 <LI><a href="#[83]">CAN2_RX1_IRQHandler</a> from sp_can.o(.text.CAN2_RX1_IRQHandler) referenced from startup_stm32f427ii.o(RESET)
 <LI><a href="#[84]">CAN2_SCE_IRQHandler</a> from startup_stm32f427ii.o(.text) referenced from startup_stm32f427ii.o(RESET)
 <LI><a href="#[81]">CAN2_TX_IRQHandler</a> from startup_stm32f427ii.o(.text) referenced from startup_stm32f427ii.o(RESET)
 <LI><a href="#[b2]">CAN_RegistReceiver</a> from sp_can.o(.text.CAN_RegistReceiver) referenced from sp_can.o(.rodata.spCAN)
 <LI><a href="#[b3]">CAN_RegistTransmitter</a> from sp_can.o(.text.CAN_RegistTransmitter) referenced from sp_can.o(.rodata.spCAN)
 <LI><a href="#[b4]">CAN_SendMsg</a> from sp_can.o(.text.CAN_SendMsg) referenced from sp_can.o(.rodata.spCAN)
 <LI><a href="#[21]">CHASIS_AddMonitor</a> from sp_motor.o(.text.CHASIS_AddMonitor) referenced 2 times from sp_motor.o(.data.spMOTOR)
 <LI><a href="#[20]">CHASIS_EnableMotor</a> from sp_motor.o(.text.CHASIS_EnableMotor) referenced 2 times from sp_motor.o(.data.spMOTOR)
 <LI><a href="#[25]">CHASIS_GetMotor</a> from sp_motor.o(.text.CHASIS_GetMotor) referenced 2 times from sp_motor.o(.data.spMOTOR)
 <LI><a href="#[9]">CHASIS_Init</a> from sp_chasis.o(.text.CHASIS_Init) referenced 2 times from sp_chasis.o(.data.spCHASIS)
 <LI><a href="#[a]">CHASIS_Looper</a> from sp_chasis.o(.text.CHASIS_Looper) referenced 2 times from sp_chasis.o(.data.spCHASIS)
 <LI><a href="#[b]">CHASIS_Move</a> from sp_chasis.o(.text.CHASIS_Move) referenced 2 times from sp_chasis.o(.data.spCHASIS)
 <LI><a href="#[23]">CHASIS_SetMotorPosition</a> from sp_motor.o(.text.CHASIS_SetMotorPosition) referenced 2 times from sp_motor.o(.data.spMOTOR)
 <LI><a href="#[24]">CHASIS_SetMotorRelativePosition</a> from sp_motor.o(.text.CHASIS_SetMotorRelativePosition) referenced 2 times from sp_motor.o(.data.spMOTOR)
 <LI><a href="#[22]">CHASIS_SetMotorSpeed</a> from sp_motor.o(.text.CHASIS_SetMotorSpeed) referenced 2 times from sp_motor.o(.data.spMOTOR)
 <LI><a href="#[91]">CRYP_IRQHandler</a> from startup_stm32f427ii.o(.text) referenced from startup_stm32f427ii.o(RESET)
 <LI><a href="#[90]">DCMI_IRQHandler</a> from startup_stm32f427ii.o(.text) referenced from startup_stm32f427ii.o(RESET)
 <LI><a href="#[4d]">DMA1_Stream0_IRQHandler</a> from startup_stm32f427ii.o(.text) referenced from startup_stm32f427ii.o(RESET)
 <LI><a href="#[4e]">DMA1_Stream1_IRQHandler</a> from startup_stm32f427ii.o(.text) referenced from startup_stm32f427ii.o(RESET)
 <LI><a href="#[4f]">DMA1_Stream2_IRQHandler</a> from startup_stm32f427ii.o(.text) referenced from startup_stm32f427ii.o(RESET)
 <LI><a href="#[50]">DMA1_Stream3_IRQHandler</a> from startup_stm32f427ii.o(.text) referenced from startup_stm32f427ii.o(RESET)
 <LI><a href="#[51]">DMA1_Stream4_IRQHandler</a> from startup_stm32f427ii.o(.text) referenced from startup_stm32f427ii.o(RESET)
 <LI><a href="#[52]">DMA1_Stream5_IRQHandler</a> from startup_stm32f427ii.o(.text) referenced from startup_stm32f427ii.o(RESET)
 <LI><a href="#[53]">DMA1_Stream6_IRQHandler</a> from startup_stm32f427ii.o(.text) referenced from startup_stm32f427ii.o(RESET)
 <LI><a href="#[71]">DMA1_Stream7_IRQHandler</a> from startup_stm32f427ii.o(.text) referenced from startup_stm32f427ii.o(RESET)
 <LI><a href="#[9a]">DMA2D_IRQHandler</a> from startup_stm32f427ii.o(.text) referenced from startup_stm32f427ii.o(RESET)
 <LI><a href="#[7a]">DMA2_Stream0_IRQHandler</a> from startup_stm32f427ii.o(.text) referenced from startup_stm32f427ii.o(RESET)
 <LI><a href="#[7b]">DMA2_Stream1_IRQHandler</a> from sp_irq.o(.text.DMA2_Stream1_IRQHandler) referenced from startup_stm32f427ii.o(RESET)
 <LI><a href="#[7c]">DMA2_Stream2_IRQHandler</a> from startup_stm32f427ii.o(.text) referenced from startup_stm32f427ii.o(RESET)
 <LI><a href="#[7d]">DMA2_Stream3_IRQHandler</a> from startup_stm32f427ii.o(.text) referenced from startup_stm32f427ii.o(RESET)
 <LI><a href="#[7e]">DMA2_Stream4_IRQHandler</a> from startup_stm32f427ii.o(.text) referenced from startup_stm32f427ii.o(RESET)
 <LI><a href="#[86]">DMA2_Stream5_IRQHandler</a> from sp_irq.o(.text.DMA2_Stream5_IRQHandler) referenced from startup_stm32f427ii.o(RESET)
 <LI><a href="#[87]">DMA2_Stream6_IRQHandler</a> from startup_stm32f427ii.o(.text) referenced from startup_stm32f427ii.o(RESET)
 <LI><a href="#[88]">DMA2_Stream7_IRQHandler</a> from startup_stm32f427ii.o(.text) referenced from startup_stm32f427ii.o(RESET)
 <LI><a href="#[a1]">DMA_ClearITPendingBit</a> from stm32f4xx_dma.o(i.DMA_ClearITPendingBit) referenced 2 times from sp_irq.o(.text.DMA2_Stream1_IRQHandler)
 <LI><a href="#[a1]">DMA_ClearITPendingBit</a> from stm32f4xx_dma.o(i.DMA_ClearITPendingBit) referenced 2 times from sp_irq.o(.text.DMA2_Stream5_IRQHandler)
 <LI><a href="#[b8]">DMA_ClearStreamFlagBit</a> from sp_dma.o(.text.DMA_ClearStreamFlagBit) referenced from sp_dma.o(.rodata.spDMA)
 <LI><a href="#[bc]">DMA_CopyMem2Mem</a> from sp_dma.o(.text.DMA_CopyMem2Mem) referenced from sp_dma.o(.rodata.spDMA)
 <LI><a href="#[a0]">DMA_GetITStatus</a> from stm32f4xx_dma.o(i.DMA_GetITStatus) referenced 2 times from sp_irq.o(.text.DMA2_Stream1_IRQHandler)
 <LI><a href="#[a0]">DMA_GetITStatus</a> from stm32f4xx_dma.o(i.DMA_GetITStatus) referenced 2 times from sp_irq.o(.text.DMA2_Stream5_IRQHandler)
 <LI><a href="#[b9]">DMA_GetStreamFlagBit</a> from sp_dma.o(.text.DMA_GetStreamFlagBit) referenced from sp_dma.o(.rodata.spDMA)
 <LI><a href="#[bb]">DMA_InitNull</a> from sp_dma.o(.text.DMA_InitNull) referenced from sp_dma.o(.rodata.spDMA)
 <LI><a href="#[ba]">DMA_ResetCounter</a> from sp_dma.o(.text.DMA_ResetCounter) referenced from sp_dma.o(.rodata.spDMA)
 <LI><a href="#[b7]">DMA_Restart</a> from sp_dma.o(.text.DMA_Restart) referenced from sp_dma.o(.rodata.spDMA)
 <LI><a href="#[b6]">DMA_Start</a> from sp_dma.o(.text.DMA_Start) referenced from sp_dma.o(.rodata.spDMA)
 <LI><a href="#[3f]">DebugMon_Handler</a> from startup_stm32f427ii.o(.text) referenced from startup_stm32f427ii.o(RESET)
 <LI><a href="#[7f]">ETH_IRQHandler</a> from startup_stm32f427ii.o(.text) referenced from startup_stm32f427ii.o(RESET)
 <LI><a href="#[80]">ETH_WKUP_IRQHandler</a> from startup_stm32f427ii.o(.text) referenced from startup_stm32f427ii.o(RESET)
 <LI><a href="#[48]">EXTI0_IRQHandler</a> from sp_irq.o(.text.EXTI0_IRQHandler) referenced from startup_stm32f427ii.o(RESET)
 <LI><a href="#[6a]">EXTI15_10_IRQHandler</a> from startup_stm32f427ii.o(.text) referenced from startup_stm32f427ii.o(RESET)
 <LI><a href="#[49]">EXTI1_IRQHandler</a> from startup_stm32f427ii.o(.text) referenced from startup_stm32f427ii.o(RESET)
 <LI><a href="#[4a]">EXTI2_IRQHandler</a> from startup_stm32f427ii.o(.text) referenced from startup_stm32f427ii.o(RESET)
 <LI><a href="#[4b]">EXTI3_IRQHandler</a> from startup_stm32f427ii.o(.text) referenced from startup_stm32f427ii.o(RESET)
 <LI><a href="#[4c]">EXTI4_IRQHandler</a> from startup_stm32f427ii.o(.text) referenced from startup_stm32f427ii.o(RESET)
 <LI><a href="#[59]">EXTI9_5_IRQHandler</a> from sp_irq.o(.text.EXTI9_5_IRQHandler) referenced from startup_stm32f427ii.o(RESET)
 <LI><a href="#[a3]">EXTI_ClearITPendingBit</a> from stm32f4xx_exti.o(i.EXTI_ClearITPendingBit) referenced 2 times from sp_irq.o(.text.EXTI0_IRQHandler)
 <LI><a href="#[a3]">EXTI_ClearITPendingBit</a> from stm32f4xx_exti.o(i.EXTI_ClearITPendingBit) referenced 2 times from sp_irq.o(.text.EXTI9_5_IRQHandler)
 <LI><a href="#[a2]">EXTI_GetITStatus</a> from stm32f4xx_exti.o(i.EXTI_GetITStatus) referenced 2 times from sp_irq.o(.text.EXTI0_IRQHandler)
 <LI><a href="#[a2]">EXTI_GetITStatus</a> from stm32f4xx_exti.o(i.EXTI_GetITStatus) referenced 2 times from sp_irq.o(.text.EXTI9_5_IRQHandler)
 <LI><a href="#[46]">FLASH_IRQHandler</a> from startup_stm32f427ii.o(.text) referenced from startup_stm32f427ii.o(RESET)
 <LI><a href="#[72]">FMC_IRQHandler</a> from startup_stm32f427ii.o(.text) referenced from startup_stm32f427ii.o(RESET)
 <LI><a href="#[93]">FPU_IRQHandler</a> from startup_stm32f427ii.o(.text) referenced from startup_stm32f427ii.o(RESET)
 <LI><a href="#[16]">GIMBAL_CRUISE_PID_Init</a> from gimbal.o(.text.GIMBAL_CRUISE_PID_Init) referenced 2 times from gimbal.o(.data.spGIMBAL_Controller)
 <LI><a href="#[c]">GIMBAL_ControlInit</a> from gimbal.o(.text.GIMBAL_ControlInit) referenced 2 times from gimbal.o(.data.spGIMBAL_Controller)
 <LI><a href="#[d]">GIMBAL_ControlLooper</a> from gimbal.o(.text.GIMBAL_ControlLooper) referenced 2 times from gimbal.o(.data.spGIMBAL_Controller)
 <LI><a href="#[e]">GIMBAL_MiddleLooper</a> from gimbal.o(.text.GIMBAL_MiddleLooper) referenced 2 times from gimbal.o(.data.spGIMBAL_Controller)
 <LI><a href="#[15]">GIMBAL_PID_Init</a> from gimbal.o(.text.GIMBAL_PID_Init) referenced 2 times from gimbal.o(.data.spGIMBAL_Controller)
 <LI><a href="#[f]">GIMBAL_State</a> from gimbal.o(.text.GIMBAL_State) referenced 2 times from gimbal.o(.data.spGIMBAL_Controller)
 <LI><a href="#[12]">GIMBAL_Update</a> from gimbal.o(.text.GIMBAL_Update) referenced 2 times from gimbal.o(.data.spGIMBAL_Controller)
 <LI><a href="#[10]">GIMBAL_UpdatePitch</a> from gimbal.o(.text.GIMBAL_UpdatePitch) referenced 2 times from gimbal.o(.data.spGIMBAL_Controller)
 <LI><a href="#[11]">GIMBAL_UpdateYaw</a> from gimbal.o(.text.GIMBAL_UpdateYaw) referenced 2 times from gimbal.o(.data.spGIMBAL_Controller)
 <LI><a href="#[13]">GIMBAL_Update_Limit</a> from gimbal.o(.text.GIMBAL_Update_Limit) referenced 2 times from gimbal.o(.data.spGIMBAL_Controller)
 <LI><a href="#[14]">GIMBAL_Update_enemy_Location</a> from gimbal.o(.text.GIMBAL_Update_enemy_Location) referenced 2 times from gimbal.o(.data.spGIMBAL_Controller)
 <LI><a href="#[1a]">GIMBAL_VISUAL_LP_PID_Init</a> from gimbal.o(.text.GIMBAL_VISUAL_LP_PID_Init) referenced 2 times from gimbal.o(.data.spGIMBAL_Controller)
 <LI><a href="#[19]">GIMBAL_VISUAL_LY_PID_Init</a> from gimbal.o(.text.GIMBAL_VISUAL_LY_PID_Init) referenced 2 times from gimbal.o(.data.spGIMBAL_Controller)
 <LI><a href="#[18]">GIMBAL_VISUAL_SP_PID_Init</a> from gimbal.o(.text.GIMBAL_VISUAL_SP_PID_Init) referenced 2 times from gimbal.o(.data.spGIMBAL_Controller)
 <LI><a href="#[17]">GIMBAL_VISUAL_SY_PID_Init</a> from gimbal.o(.text.GIMBAL_VISUAL_SY_PID_Init) referenced 2 times from gimbal.o(.data.spGIMBAL_Controller)
 <LI><a href="#[c0]">GPIO_AF_Config</a> from sp_gpio.o(.text.GPIO_AF_Config) referenced from sp_gpio.o(.rodata.spGPIO)
 <LI><a href="#[c1]">GPIO_AN_Config</a> from sp_gpio.o(.text.GPIO_AN_Config) referenced from sp_gpio.o(.rodata.spGPIO)
 <LI><a href="#[c2]">GPIO_ChangeOutput</a> from sp_gpio.o(.text.GPIO_ChangeOutput) referenced from sp_gpio.o(.rodata.spGPIO)
 <LI><a href="#[bd]">GPIO_Config</a> from sp_gpio.o(.text.GPIO_Config) referenced from sp_gpio.o(.rodata.spGPIO)
 <LI><a href="#[bf]">GPIO_IN_Config</a> from sp_gpio.o(.text.GPIO_IN_Config) referenced from sp_gpio.o(.rodata.spGPIO)
 <LI><a href="#[be]">GPIO_OUT_Config</a> from sp_gpio.o(.text.GPIO_OUT_Config) referenced from sp_gpio.o(.rodata.spGPIO)
 <LI><a href="#[c5]">GPIO_ReadInputDataBit</a> from stm32f4xx_gpio.o(i.GPIO_ReadInputDataBit) referenced from sp_gpio.o(.rodata.spGPIO)
 <LI><a href="#[c4]">GPIO_ReadOutputDataBit</a> from stm32f4xx_gpio.o(i.GPIO_ReadOutputDataBit) referenced from sp_gpio.o(.rodata.spGPIO)
 <LI><a href="#[c6]">GPIO_SetMode</a> from sp_gpio.o(.text.GPIO_SetMode) referenced from sp_gpio.o(.rodata.spGPIO)
 <LI><a href="#[c3]">GPIO_ToggleBits</a> from stm32f4xx_gpio.o(i.GPIO_ToggleBits) referenced from sp_gpio.o(.rodata.spGPIO)
 <LI><a href="#[92]">HASH_RNG_IRQHandler</a> from startup_stm32f427ii.o(.text) referenced from startup_stm32f427ii.o(RESET)
 <LI><a href="#[3a]">HardFault_Handler</a> from startup_stm32f427ii.o(.text) referenced from startup_stm32f427ii.o(RESET)
 <LI><a href="#[62]">I2C1_ER_IRQHandler</a> from startup_stm32f427ii.o(.text) referenced from startup_stm32f427ii.o(RESET)
 <LI><a href="#[61]">I2C1_EV_IRQHandler</a> from startup_stm32f427ii.o(.text) referenced from startup_stm32f427ii.o(RESET)
 <LI><a href="#[64]">I2C2_ER_IRQHandler</a> from startup_stm32f427ii.o(.text) referenced from startup_stm32f427ii.o(RESET)
 <LI><a href="#[63]">I2C2_EV_IRQHandler</a> from startup_stm32f427ii.o(.text) referenced from startup_stm32f427ii.o(RESET)
 <LI><a href="#[8b]">I2C3_ER_IRQHandler</a> from startup_stm32f427ii.o(.text) referenced from startup_stm32f427ii.o(RESET)
 <LI><a href="#[8a]">I2C3_EV_IRQHandler</a> from startup_stm32f427ii.o(.text) referenced from startup_stm32f427ii.o(RESET)
 <LI><a href="#[1d]">IRQ_Invoke</a> from sp_irq.o(.text.IRQ_Invoke) referenced 2 times from sp_irq.o(.data.spIRQ)
 <LI><a href="#[1b]">IRQ_ManagerInit</a> from sp_irq.o(.text.IRQ_ManagerInit) referenced 2 times from sp_irq.o(.data.spIRQ)
 <LI><a href="#[1c]">IRQ_Regeiste</a> from sp_irq.o(.text.IRQ_Regeiste) referenced 2 times from sp_irq.o(.data.spIRQ)
 <LI><a href="#[1e]">MOTOR_ControlInit</a> from sp_motor.o(.text.MOTOR_ControlInit) referenced 2 times from sp_motor.o(.data.spMOTOR)
 <LI><a href="#[1f]">MOTOR_ControlLooper</a> from sp_motor.o(.text.MOTOR_ControlLooper) referenced 2 times from sp_motor.o(.data.spMOTOR)
 <LI><a href="#[29]">MOTOR_RM_GetInstance</a> from sp_motor.o(.text.MOTOR_RM_GetInstance) referenced 2 times from sp_motor.o(.data.spMOTOR)
 <LI><a href="#[31]">MOTOR_SetDataResolve</a> from sp_motor.o(.text.MOTOR_SetDataResolve) referenced 2 times from sp_motor.o(.data.spMOTOR)
 <LI><a href="#[3b]">MemManage_Handler</a> from startup_stm32f427ii.o(.text) referenced from startup_stm32f427ii.o(RESET)
 <LI><a href="#[a5]">Msg_Recv</a> from sp_sentry.o(.text.Msg_Recv) referenced 2 times from sp_sentry.o(.text.Sentry_Init)
 <LI><a href="#[39]">NMI_Handler</a> from startup_stm32f427ii.o(.text) referenced from startup_stm32f427ii.o(RESET)
 <LI><a href="#[85]">OTG_FS_IRQHandler</a> from usb_bsp.o(.text.OTG_FS_IRQHandler) referenced from startup_stm32f427ii.o(RESET)
 <LI><a href="#[6c]">OTG_FS_WKUP_IRQHandler</a> from usb_bsp.o(.text.OTG_FS_WKUP_IRQHandler) referenced from startup_stm32f427ii.o(RESET)
 <LI><a href="#[8d]">OTG_HS_EP1_IN_IRQHandler</a> from startup_stm32f427ii.o(.text) referenced from startup_stm32f427ii.o(RESET)
 <LI><a href="#[8c]">OTG_HS_EP1_OUT_IRQHandler</a> from startup_stm32f427ii.o(.text) referenced from startup_stm32f427ii.o(RESET)
 <LI><a href="#[8f]">OTG_HS_IRQHandler</a> from startup_stm32f427ii.o(.text) referenced from startup_stm32f427ii.o(RESET)
 <LI><a href="#[8e]">OTG_HS_WKUP_IRQHandler</a> from startup_stm32f427ii.o(.text) referenced from startup_stm32f427ii.o(RESET)
 <LI><a href="#[43]">PVD_IRQHandler</a> from startup_stm32f427ii.o(.text) referenced from startup_stm32f427ii.o(RESET)
 <LI><a href="#[40]">PendSV_Handler</a> from sp_task.o(.text.PendSV_Handler) referenced 2 times from sp_task.o(.text.TASK_TimerInit)
 <LI><a href="#[40]">PendSV_Handler</a> from sp_task.o(.text.PendSV_Handler) referenced from startup_stm32f427ii.o(RESET)
 <LI><a href="#[47]">RCC_IRQHandler</a> from startup_stm32f427ii.o(.text) referenced from startup_stm32f427ii.o(RESET)
 <LI><a href="#[a4]">RC_OnBusIdle</a> from sp_rc.o(.text.RC_OnBusIdle) referenced 2 times from sp_rc.o(.text.RC_ReceiverInit)
 <LI><a href="#[6b]">RTC_Alarm_IRQHandler</a> from startup_stm32f427ii.o(.text) referenced from startup_stm32f427ii.o(RESET)
 <LI><a href="#[45]">RTC_WKUP_IRQHandler</a> from startup_stm32f427ii.o(.text) referenced from startup_stm32f427ii.o(RESET)
 <LI><a href="#[38]">Reset_Handler</a> from startup_stm32f427ii.o(.text) referenced from startup_stm32f427ii.o(RESET)
 <LI><a href="#[99]">SAI1_IRQHandler</a> from startup_stm32f427ii.o(.text) referenced from startup_stm32f427ii.o(RESET)
 <LI><a href="#[73]">SDIO_IRQHandler</a> from startup_stm32f427ii.o(.text) referenced from startup_stm32f427ii.o(RESET)
 <LI><a href="#[65]">SPI1_IRQHandler</a> from startup_stm32f427ii.o(.text) referenced from startup_stm32f427ii.o(RESET)
 <LI><a href="#[66]">SPI2_IRQHandler</a> from startup_stm32f427ii.o(.text) referenced from startup_stm32f427ii.o(RESET)
 <LI><a href="#[75]">SPI3_IRQHandler</a> from startup_stm32f427ii.o(.text) referenced from startup_stm32f427ii.o(RESET)
 <LI><a href="#[96]">SPI4_IRQHandler</a> from startup_stm32f427ii.o(.text) referenced from startup_stm32f427ii.o(RESET)
 <LI><a href="#[97]">SPI5_IRQHandler</a> from startup_stm32f427ii.o(.text) referenced from startup_stm32f427ii.o(RESET)
 <LI><a href="#[98]">SPI6_IRQHandler</a> from startup_stm32f427ii.o(.text) referenced from startup_stm32f427ii.o(RESET)
 <LI><a href="#[3e]">SVC_Handler</a> from startup_stm32f427ii.o(.text) referenced from startup_stm32f427ii.o(RESET)
 <LI><a href="#[36]">Sentry_GetMsgAddr</a> from sp_sentry.o(.text.Sentry_GetMsgAddr) referenced 2 times from sp_sentry.o(.data.spSENTRY)
 <LI><a href="#[37]">Sentry_GetMsgRegister</a> from sp_sentry.o(.text.Sentry_GetMsgRegister) referenced 2 times from sp_sentry.o(.data.spSENTRY)
 <LI><a href="#[34]">Sentry_GetRobotmode</a> from sp_sentry.o(.text.Sentry_GetRobotmode) referenced 2 times from sp_sentry.o(.data.spSENTRY)
 <LI><a href="#[32]">Sentry_Init</a> from sp_sentry.o(.text.Sentry_Init) referenced 2 times from sp_sentry.o(.data.spSENTRY)
 <LI><a href="#[33]">Sentry_Looper</a> from sp_sentry.o(.text.Sentry_Looper) referenced 2 times from sp_sentry.o(.data.spSENTRY)
 <LI><a href="#[35]">Sentry_Send</a> from sp_sentry.o(.text.Sentry_Send) referenced 2 times from sp_sentry.o(.data.spSENTRY)
 <LI><a href="#[41]">SysTick_Handler</a> from startup_stm32f427ii.o(.text) referenced from startup_stm32f427ii.o(RESET)
 <LI><a href="#[9b]">SystemInit</a> from system_stm32f427ii.o(.text.SystemInit) referenced from startup_stm32f427ii.o(.text)
 <LI><a href="#[44]">TAMP_STAMP_IRQHandler</a> from startup_stm32f427ii.o(.text) referenced from startup_stm32f427ii.o(RESET)
 <LI><a href="#[5a]">TIM1_BRK_TIM9_IRQHandler</a> from startup_stm32f427ii.o(.text) referenced from startup_stm32f427ii.o(RESET)
 <LI><a href="#[5d]">TIM1_CC_IRQHandler</a> from startup_stm32f427ii.o(.text) referenced from startup_stm32f427ii.o(RESET)
 <LI><a href="#[5c]">TIM1_TRG_COM_TIM11_IRQHandler</a> from sp_irq.o(.text.TIM1_TRG_COM_TIM11_IRQHandler) referenced from startup_stm32f427ii.o(RESET)
 <LI><a href="#[5b]">TIM1_UP_TIM10_IRQHandler</a> from startup_stm32f427ii.o(.text) referenced from startup_stm32f427ii.o(RESET)
 <LI><a href="#[5e]">TIM2_IRQHandler</a> from startup_stm32f427ii.o(.text) referenced from startup_stm32f427ii.o(RESET)
 <LI><a href="#[5f]">TIM3_IRQHandler</a> from startup_stm32f427ii.o(.text) referenced from startup_stm32f427ii.o(RESET)
 <LI><a href="#[60]">TIM4_IRQHandler</a> from startup_stm32f427ii.o(.text) referenced from startup_stm32f427ii.o(RESET)
 <LI><a href="#[74]">TIM5_IRQHandler</a> from startup_stm32f427ii.o(.text) referenced from startup_stm32f427ii.o(RESET)
 <LI><a href="#[78]">TIM6_DAC_IRQHandler</a> from startup_stm32f427ii.o(.text) referenced from startup_stm32f427ii.o(RESET)
 <LI><a href="#[79]">TIM7_IRQHandler</a> from startup_stm32f427ii.o(.text) referenced from startup_stm32f427ii.o(RESET)
 <LI><a href="#[6d]">TIM8_BRK_TIM12_IRQHandler</a> from sp_irq.o(.text.TIM8_BRK_TIM12_IRQHandler) referenced from startup_stm32f427ii.o(RESET)
 <LI><a href="#[70]">TIM8_CC_IRQHandler</a> from startup_stm32f427ii.o(.text) referenced from startup_stm32f427ii.o(RESET)
 <LI><a href="#[6f]">TIM8_TRG_COM_TIM14_IRQHandler</a> from sp_irq.o(.text.TIM8_TRG_COM_TIM14_IRQHandler) referenced from startup_stm32f427ii.o(RESET)
 <LI><a href="#[6e]">TIM8_UP_TIM13_IRQHandler</a> from sp_irq.o(.text.TIM8_UP_TIM13_IRQHandler) referenced from startup_stm32f427ii.o(RESET)
 <LI><a href="#[a8]">TIM_ClearITPendingBit</a> from stm32f4xx_tim.o(i.TIM_ClearITPendingBit) referenced 2 times from sp_irq.o(.text.TIM1_TRG_COM_TIM11_IRQHandler)
 <LI><a href="#[a8]">TIM_ClearITPendingBit</a> from stm32f4xx_tim.o(i.TIM_ClearITPendingBit) referenced 2 times from sp_irq.o(.text.TIM8_BRK_TIM12_IRQHandler)
 <LI><a href="#[a8]">TIM_ClearITPendingBit</a> from stm32f4xx_tim.o(i.TIM_ClearITPendingBit) referenced 2 times from sp_irq.o(.text.TIM8_TRG_COM_TIM14_IRQHandler)
 <LI><a href="#[a8]">TIM_ClearITPendingBit</a> from stm32f4xx_tim.o(i.TIM_ClearITPendingBit) referenced 2 times from sp_irq.o(.text.TIM8_UP_TIM13_IRQHandler)
 <LI><a href="#[ca]">TIM_GetDuty</a> from sp_timer.o(.text.TIM_GetDuty) referenced from sp_timer.o(.rodata.spTIMER)
 <LI><a href="#[a7]">TIM_GetITStatus</a> from stm32f4xx_tim.o(i.TIM_GetITStatus) referenced 2 times from sp_irq.o(.text.TIM1_TRG_COM_TIM11_IRQHandler)
 <LI><a href="#[a7]">TIM_GetITStatus</a> from stm32f4xx_tim.o(i.TIM_GetITStatus) referenced 2 times from sp_irq.o(.text.TIM8_BRK_TIM12_IRQHandler)
 <LI><a href="#[a7]">TIM_GetITStatus</a> from stm32f4xx_tim.o(i.TIM_GetITStatus) referenced 2 times from sp_irq.o(.text.TIM8_TRG_COM_TIM14_IRQHandler)
 <LI><a href="#[a7]">TIM_GetITStatus</a> from stm32f4xx_tim.o(i.TIM_GetITStatus) referenced 2 times from sp_irq.o(.text.TIM8_UP_TIM13_IRQHandler)
 <LI><a href="#[c7]">TIM_Init</a> from sp_timer.o(.text.TIM_Init) referenced from sp_timer.o(.rodata.spTIMER)
 <LI><a href="#[c8]">TIM_PWM_OutputInit</a> from sp_timer.o(.text.TIM_PWM_OutputInit) referenced from sp_timer.o(.rodata.spTIMER)
 <LI><a href="#[c9]">TIM_SetDuty</a> from sp_timer.o(.text.TIM_SetDuty) referenced from sp_timer.o(.rodata.spTIMER)
 <LI><a href="#[cb]">TIM_SetFrequency</a> from sp_timer.o(.text.TIM_SetFrequency) referenced from sp_timer.o(.rodata.spTIMER)
 <LI><a href="#[76]">UART4_IRQHandler</a> from sp_irq.o(.text.UART4_IRQHandler) referenced from startup_stm32f427ii.o(RESET)
 <LI><a href="#[77]">UART5_IRQHandler</a> from sp_irq.o(.text.UART5_IRQHandler) referenced from startup_stm32f427ii.o(RESET)
 <LI><a href="#[94]">UART7_IRQHandler</a> from sp_irq.o(.text.UART7_IRQHandler) referenced from startup_stm32f427ii.o(RESET)
 <LI><a href="#[95]">UART8_IRQHandler</a> from sp_irq.o(.text.UART8_IRQHandler) referenced from startup_stm32f427ii.o(RESET)
 <LI><a href="#[67]">USART1_IRQHandler</a> from sp_irq.o(.text.USART1_IRQHandler) referenced from startup_stm32f427ii.o(RESET)
 <LI><a href="#[68]">USART2_IRQHandler</a> from sp_irq.o(.text.USART2_IRQHandler) referenced from startup_stm32f427ii.o(RESET)
 <LI><a href="#[69]">USART3_IRQHandler</a> from sp_irq.o(.text.USART3_IRQHandler) referenced from startup_stm32f427ii.o(RESET)
 <LI><a href="#[89]">USART6_IRQHandler</a> from sp_irq.o(.text.USART6_IRQHandler) referenced from startup_stm32f427ii.o(RESET)
 <LI><a href="#[aa]">USART_ClearITPendingBit</a> from stm32f4xx_usart.o(i.USART_ClearITPendingBit) referenced 2 times from sp_irq.o(.text.UART4_IRQHandler)
 <LI><a href="#[aa]">USART_ClearITPendingBit</a> from stm32f4xx_usart.o(i.USART_ClearITPendingBit) referenced 2 times from sp_irq.o(.text.UART5_IRQHandler)
 <LI><a href="#[aa]">USART_ClearITPendingBit</a> from stm32f4xx_usart.o(i.USART_ClearITPendingBit) referenced 2 times from sp_irq.o(.text.UART7_IRQHandler)
 <LI><a href="#[aa]">USART_ClearITPendingBit</a> from stm32f4xx_usart.o(i.USART_ClearITPendingBit) referenced 2 times from sp_irq.o(.text.UART8_IRQHandler)
 <LI><a href="#[aa]">USART_ClearITPendingBit</a> from stm32f4xx_usart.o(i.USART_ClearITPendingBit) referenced 2 times from sp_irq.o(.text.USART1_IRQHandler)
 <LI><a href="#[aa]">USART_ClearITPendingBit</a> from stm32f4xx_usart.o(i.USART_ClearITPendingBit) referenced 2 times from sp_irq.o(.text.USART2_IRQHandler)
 <LI><a href="#[aa]">USART_ClearITPendingBit</a> from stm32f4xx_usart.o(i.USART_ClearITPendingBit) referenced 2 times from sp_irq.o(.text.USART3_IRQHandler)
 <LI><a href="#[aa]">USART_ClearITPendingBit</a> from stm32f4xx_usart.o(i.USART_ClearITPendingBit) referenced 2 times from sp_irq.o(.text.USART6_IRQHandler)
 <LI><a href="#[a9]">USART_GetITStatus</a> from stm32f4xx_usart.o(i.USART_GetITStatus) referenced 2 times from sp_irq.o(.text.UART4_IRQHandler)
 <LI><a href="#[a9]">USART_GetITStatus</a> from stm32f4xx_usart.o(i.USART_GetITStatus) referenced 2 times from sp_irq.o(.text.UART5_IRQHandler)
 <LI><a href="#[a9]">USART_GetITStatus</a> from stm32f4xx_usart.o(i.USART_GetITStatus) referenced 2 times from sp_irq.o(.text.UART7_IRQHandler)
 <LI><a href="#[a9]">USART_GetITStatus</a> from stm32f4xx_usart.o(i.USART_GetITStatus) referenced 2 times from sp_irq.o(.text.UART8_IRQHandler)
 <LI><a href="#[a9]">USART_GetITStatus</a> from stm32f4xx_usart.o(i.USART_GetITStatus) referenced 2 times from sp_irq.o(.text.USART1_IRQHandler)
 <LI><a href="#[a9]">USART_GetITStatus</a> from stm32f4xx_usart.o(i.USART_GetITStatus) referenced 2 times from sp_irq.o(.text.USART2_IRQHandler)
 <LI><a href="#[a9]">USART_GetITStatus</a> from stm32f4xx_usart.o(i.USART_GetITStatus) referenced 2 times from sp_irq.o(.text.USART3_IRQHandler)
 <LI><a href="#[a9]">USART_GetITStatus</a> from stm32f4xx_usart.o(i.USART_GetITStatus) referenced 2 times from sp_irq.o(.text.USART6_IRQHandler)
 <LI><a href="#[1]">USBD_DataInStage</a> from usbd_core.o(i.USBD_DataInStage) referenced 2 times from usbd_core.o(.data)
 <LI><a href="#[0]">USBD_DataOutStage</a> from usbd_core.o(i.USBD_DataOutStage) referenced 2 times from usbd_core.o(.data)
 <LI><a href="#[7]">USBD_IsoINIncomplete</a> from usbd_core.o(i.USBD_IsoINIncomplete) referenced 2 times from usbd_core.o(.data)
 <LI><a href="#[8]">USBD_IsoOUTIncomplete</a> from usbd_core.o(i.USBD_IsoOUTIncomplete) referenced 2 times from usbd_core.o(.data)
 <LI><a href="#[4]">USBD_Reset</a> from usbd_core.o(i.USBD_Reset) referenced 2 times from usbd_core.o(.data)
 <LI><a href="#[6]">USBD_Resume</a> from usbd_core.o(i.USBD_Resume) referenced 2 times from usbd_core.o(.data)
 <LI><a href="#[3]">USBD_SOF</a> from usbd_core.o(i.USBD_SOF) referenced 2 times from usbd_core.o(.data)
 <LI><a href="#[2]">USBD_SetupStage</a> from usbd_core.o(i.USBD_SetupStage) referenced 2 times from usbd_core.o(.data)
 <LI><a href="#[5]">USBD_Suspend</a> from usbd_core.o(i.USBD_Suspend) referenced 2 times from usbd_core.o(.data)
 <LI><a href="#[9f]">USB_Cb</a> from auto_aim.o(.text.USB_Cb) referenced 2 times from auto_aim.o(.text.Autoaim_Init)
 <LI><a href="#[3d]">UsageFault_Handler</a> from startup_stm32f427ii.o(.text) referenced from startup_stm32f427ii.o(RESET)
 <LI><a href="#[42]">WWDG_IRQHandler</a> from startup_stm32f427ii.o(.text) referenced from startup_stm32f427ii.o(RESET)
 <LI><a href="#[b5]">__CAN_SendMsg</a> from sp_can.o(.text.__CAN_SendMsg) referenced from sp_can.o(.rodata.spCAN)
 <LI><a href="#[28]">__CHASIS_GetStopSatus</a> from sp_motor.o(.text.__CHASIS_GetStopSatus) referenced 2 times from sp_motor.o(.data.spMOTOR)
 <LI><a href="#[27]">__CHASIS_Start</a> from sp_motor.o(.text.__CHASIS_Start) referenced 2 times from sp_motor.o(.data.spMOTOR)
 <LI><a href="#[26]">__CHASIS_Stop</a> from sp_motor.o(.text.__CHASIS_Stop) referenced 2 times from sp_motor.o(.data.spMOTOR)
 <LI><a href="#[ae]">__MOTOR_DataResolve_GM3510</a> from sp_motor.o(.text.__MOTOR_DataResolve_GM3510) referenced 2 times from sp_motor.o(.text.__MOTOR_MountCAN)
 <LI><a href="#[ac]">__MOTOR_DataResolve_RM2006</a> from sp_motor.o(.text.__MOTOR_DataResolve_RM2006) referenced 2 times from sp_motor.o(.text.__MOTOR_MountCAN)
 <LI><a href="#[ab]">__MOTOR_DataResolve_RM3510_3508</a> from sp_motor.o(.text.__MOTOR_DataResolve_RM3510_3508) referenced 2 times from sp_motor.o(.text.__MOTOR_MountCAN)
 <LI><a href="#[ad]">__MOTOR_DataResolve_RM6xxx</a> from sp_motor.o(.text.__MOTOR_DataResolve_RM6xxx) referenced 2 times from sp_motor.o(.text.__MOTOR_MountCAN)
 <LI><a href="#[2b]">__MOTOR_Destroy</a> from sp_motor.o(.text.__MOTOR_Destroy) referenced 2 times from sp_motor.o(.data.spMOTOR)
 <LI><a href="#[2a]">__MOTOR_Init</a> from sp_motor.o(.text.__MOTOR_Init) referenced 2 times from sp_motor.o(.data.spMOTOR)
 <LI><a href="#[2e]">__MOTOR_SetOutputLimit</a> from sp_motor.o(.text.__MOTOR_SetOutputLimit) referenced 2 times from sp_motor.o(.data.spMOTOR)
 <LI><a href="#[30]">__MOTOR_SetPositionPID</a> from sp_motor.o(.text.__MOTOR_SetPositionPID) referenced 2 times from sp_motor.o(.data.spMOTOR)
 <LI><a href="#[2f]">__MOTOR_SetSpeedPID</a> from sp_motor.o(.text.__MOTOR_SetSpeedPID) referenced 2 times from sp_motor.o(.data.spMOTOR)
 <LI><a href="#[2c]">__MOTOR_SetTarget</a> from sp_motor.o(.text.__MOTOR_SetTarget) referenced 2 times from sp_motor.o(.data.spMOTOR)
 <LI><a href="#[2d]">__MOTOR_SetTargetDelta</a> from sp_motor.o(.text.__MOTOR_SetTargetDelta) referenced 2 times from sp_motor.o(.data.spMOTOR)
 <LI><a href="#[9c]">__main</a> from __main.o(!!!main) referenced from startup_stm32f427ii.o(.text)
 <LI><a href="#[9e]">_printf_input_char</a> from _printf_char_common.o(.text) referenced from _printf_char_common.o(.text)
 <LI><a href="#[9d]">fputc</a> from sp_usart.o(.text.fputc) referenced from _printf_char_file.o(.text)
 <LI><a href="#[b0]">spCAN_Init</a> from sp_can.o(.text.spCAN_Init) referenced from sp_can.o(.rodata.spCAN)
 <LI><a href="#[b1]">spCAN_MsgSendLoop</a> from sp_can.o(.text.spCAN_MsgSendLoop) referenced from sp_can.o(.rodata.spCAN)
 <LI><a href="#[a6]">spClockHandler</a> from sp_task.o(.text.spClockHandler) referenced 2 times from sp_task.o(.text.TASK_TimerInit)
 <LI><a href="#[af]">update_from_dma</a> from referee.o(.text.update_from_dma) referenced 2 times from referee.o(.text.referee_init)
</UL>
<P>
<H3>
Global Symbols
</H3>
<P><STRONG><a name="[9c]"></a>__main</STRONG> (Thumb, 8 bytes, Stack size 0 bytes, __main.o(!!!main))
<BR><BR>[Calls]<UL><LI><a href="#[cd]">&gt;&gt;</a>&nbsp;&nbsp;&nbsp;__rt_entry
<LI><a href="#[cc]">&gt;&gt;</a>&nbsp;&nbsp;&nbsp;__scatterload
</UL>
<BR>[Address Reference Count : 1]<UL><LI> startup_stm32f427ii.o(.text)
</UL>
<P><STRONG><a name="[cc]"></a>__scatterload</STRONG> (Thumb, 0 bytes, Stack size unknown bytes, __scatter.o(!!!scatter))
<BR><BR>[Called By]<UL><LI><a href="#[9c]">&gt;&gt;</a>&nbsp;&nbsp;&nbsp;__main
</UL>

<P><STRONG><a name="[ce]"></a>__scatterload_rt2</STRONG> (Thumb, 44 bytes, Stack size unknown bytes, __scatter.o(!!!scatter), UNUSED)
<BR><BR>[Calls]<UL><LI><a href="#[cd]">&gt;&gt;</a>&nbsp;&nbsp;&nbsp;__rt_entry
</UL>

<P><STRONG><a name="[1fe]"></a>__scatterload_rt2_thumb_only</STRONG> (Thumb, 0 bytes, Stack size unknown bytes, __scatter.o(!!!scatter), UNUSED)

<P><STRONG><a name="[1ff]"></a>__scatterload_null</STRONG> (Thumb, 0 bytes, Stack size unknown bytes, __scatter.o(!!!scatter), UNUSED)

<P><STRONG><a name="[200]"></a>__decompress</STRONG> (Thumb, 90 bytes, Stack size unknown bytes, __dczerorl2.o(!!dczerorl2), UNUSED)

<P><STRONG><a name="[201]"></a>__decompress1</STRONG> (Thumb, 0 bytes, Stack size unknown bytes, __dczerorl2.o(!!dczerorl2), UNUSED)

<P><STRONG><a name="[202]"></a>__scatterload_zeroinit</STRONG> (Thumb, 28 bytes, Stack size unknown bytes, __scatter_zi.o(!!handler_zi), UNUSED)

<P><STRONG><a name="[cf]"></a>_printf_d</STRONG> (Thumb, 0 bytes, Stack size unknown bytes, _printf_d.o(.ARM.Collect$$_printf_percent$$00000009))
<BR><BR>[Stack]<UL><LI>Max Depth = 56 + Unknown Stack Size
<LI>Call Chain = _printf_d &rArr; _printf_int_dec &rArr; _printf_int_common
</UL>
<BR>[Calls]<UL><LI><a href="#[d0]">&gt;&gt;</a>&nbsp;&nbsp;&nbsp;_printf_int_dec
</UL>

<P><STRONG><a name="[e9]"></a>_printf_percent</STRONG> (Thumb, 0 bytes, Stack size unknown bytes, _printf_percent.o(.ARM.Collect$$_printf_percent$$00000000))
<BR><BR>[Called By]<UL><LI><a href="#[e8]">&gt;&gt;</a>&nbsp;&nbsp;&nbsp;__printf
</UL>

<P><STRONG><a name="[d1]"></a>_printf_s</STRONG> (Thumb, 0 bytes, Stack size unknown bytes, _printf_s.o(.ARM.Collect$$_printf_percent$$00000014))
<BR><BR>[Stack]<UL><LI>Max Depth = 24 + Unknown Stack Size
<LI>Call Chain = _printf_s &rArr; _printf_string &rArr; _printf_cs_common &rArr; _printf_str
</UL>
<BR>[Calls]<UL><LI><a href="#[d2]">&gt;&gt;</a>&nbsp;&nbsp;&nbsp;_printf_string
</UL>

<P><STRONG><a name="[203]"></a>_printf_percent_end</STRONG> (Thumb, 0 bytes, Stack size unknown bytes, _printf_percent_end.o(.ARM.Collect$$_printf_percent$$00000017))

<P><STRONG><a name="[de]"></a>__rt_lib_init</STRONG> (Thumb, 0 bytes, Stack size unknown bytes, libinit.o(.ARM.Collect$$libinit$$00000000))
<BR><BR>[Called By]<UL><LI><a href="#[dd]">&gt;&gt;</a>&nbsp;&nbsp;&nbsp;__rt_entry_li
</UL>

<P><STRONG><a name="[d3]"></a>__rt_lib_init_fp_1</STRONG> (Thumb, 0 bytes, Stack size unknown bytes, libinit2.o(.ARM.Collect$$libinit$$00000001))
<BR><BR>[Calls]<UL><LI><a href="#[d4]">&gt;&gt;</a>&nbsp;&nbsp;&nbsp;_fp_init
</UL>

<P><STRONG><a name="[d5]"></a>__rt_lib_init_heap_2</STRONG> (Thumb, 0 bytes, Stack size unknown bytes, libinit2.o(.ARM.Collect$$libinit$$00000005))
<BR><BR>[Stack]<UL><LI>Max Depth = 56 + Unknown Stack Size
<LI>Call Chain = __rt_lib_init_heap_2 &rArr; _init_alloc &rArr; __rt_SIGRTMEM &rArr; __rt_SIGRTMEM_inner &rArr; __default_signal_display
</UL>
<BR>[Calls]<UL><LI><a href="#[d6]">&gt;&gt;</a>&nbsp;&nbsp;&nbsp;_init_alloc
</UL>

<P><STRONG><a name="[204]"></a>__rt_lib_init_preinit_1</STRONG> (Thumb, 0 bytes, Stack size unknown bytes, libinit2.o(.ARM.Collect$$libinit$$00000004))

<P><STRONG><a name="[205]"></a>__rt_lib_init_atexit_1</STRONG> (Thumb, 0 bytes, Stack size unknown bytes, libinit2.o(.ARM.Collect$$libinit$$0000001B))

<P><STRONG><a name="[206]"></a>__rt_lib_init_clock_1</STRONG> (Thumb, 0 bytes, Stack size unknown bytes, libinit2.o(.ARM.Collect$$libinit$$00000021))

<P><STRONG><a name="[207]"></a>__rt_lib_init_fp_trap_1</STRONG> (Thumb, 0 bytes, Stack size unknown bytes, libinit2.o(.ARM.Collect$$libinit$$0000001F))

<P><STRONG><a name="[208]"></a>__rt_lib_init_getenv_1</STRONG> (Thumb, 0 bytes, Stack size unknown bytes, libinit2.o(.ARM.Collect$$libinit$$00000023))

<P><STRONG><a name="[209]"></a>__rt_lib_init_heap_1</STRONG> (Thumb, 0 bytes, Stack size unknown bytes, libinit2.o(.ARM.Collect$$libinit$$0000000A))

<P><STRONG><a name="[20a]"></a>__rt_lib_init_lc_collate_1</STRONG> (Thumb, 0 bytes, Stack size unknown bytes, libinit2.o(.ARM.Collect$$libinit$$00000011))

<P><STRONG><a name="[20b]"></a>__rt_lib_init_lc_ctype_1</STRONG> (Thumb, 0 bytes, Stack size unknown bytes, libinit2.o(.ARM.Collect$$libinit$$00000013))

<P><STRONG><a name="[20c]"></a>__rt_lib_init_lc_monetary_1</STRONG> (Thumb, 0 bytes, Stack size unknown bytes, libinit2.o(.ARM.Collect$$libinit$$00000015))

<P><STRONG><a name="[20d]"></a>__rt_lib_init_lc_numeric_1</STRONG> (Thumb, 0 bytes, Stack size unknown bytes, libinit2.o(.ARM.Collect$$libinit$$00000017))

<P><STRONG><a name="[20e]"></a>__rt_lib_init_lc_time_1</STRONG> (Thumb, 0 bytes, Stack size unknown bytes, libinit2.o(.ARM.Collect$$libinit$$00000019))

<P><STRONG><a name="[20f]"></a>__rt_lib_init_rand_1</STRONG> (Thumb, 0 bytes, Stack size unknown bytes, libinit2.o(.ARM.Collect$$libinit$$0000000E))

<P><STRONG><a name="[210]"></a>__rt_lib_init_signal_1</STRONG> (Thumb, 0 bytes, Stack size unknown bytes, libinit2.o(.ARM.Collect$$libinit$$0000001D))

<P><STRONG><a name="[d7]"></a>__rt_lib_init_stdio_2</STRONG> (Thumb, 0 bytes, Stack size unknown bytes, libinit2.o(.ARM.Collect$$libinit$$00000024))
<BR><BR>[Stack]<UL><LI>Max Depth = 112 + Unknown Stack Size
<LI>Call Chain = __rt_lib_init_stdio_2 &rArr; _initio &rArr; freopen &rArr; _fclose_internal &rArr; _fflush &rArr; _writebuf
</UL>
<BR>[Calls]<UL><LI><a href="#[d8]">&gt;&gt;</a>&nbsp;&nbsp;&nbsp;_initio
</UL>

<P><STRONG><a name="[211]"></a>__rt_lib_init_user_alloc_1</STRONG> (Thumb, 0 bytes, Stack size unknown bytes, libinit2.o(.ARM.Collect$$libinit$$0000000C))

<P><STRONG><a name="[212]"></a>__rt_lib_init_alloca_1</STRONG> (Thumb, 0 bytes, Stack size unknown bytes, libinit2.o(.ARM.Collect$$libinit$$0000002E))

<P><STRONG><a name="[213]"></a>__rt_lib_init_argv_1</STRONG> (Thumb, 0 bytes, Stack size unknown bytes, libinit2.o(.ARM.Collect$$libinit$$0000002C))

<P><STRONG><a name="[214]"></a>__rt_lib_init_cpp_1</STRONG> (Thumb, 0 bytes, Stack size unknown bytes, libinit2.o(.ARM.Collect$$libinit$$00000032))

<P><STRONG><a name="[215]"></a>__rt_lib_init_exceptions_1</STRONG> (Thumb, 0 bytes, Stack size unknown bytes, libinit2.o(.ARM.Collect$$libinit$$00000030))

<P><STRONG><a name="[216]"></a>__rt_lib_init_return</STRONG> (Thumb, 0 bytes, Stack size unknown bytes, libinit2.o(.ARM.Collect$$libinit$$00000033))

<P><STRONG><a name="[217]"></a>__rt_lib_init_stdio_1</STRONG> (Thumb, 0 bytes, Stack size unknown bytes, libinit2.o(.ARM.Collect$$libinit$$00000025))

<P><STRONG><a name="[e3]"></a>__rt_lib_shutdown</STRONG> (Thumb, 0 bytes, Stack size unknown bytes, libshutdown.o(.ARM.Collect$$libshutdown$$00000000))
<BR><BR>[Called By]<UL><LI><a href="#[e2]">&gt;&gt;</a>&nbsp;&nbsp;&nbsp;__rt_exit_ls
</UL>

<P><STRONG><a name="[218]"></a>__rt_lib_shutdown_cpp_1</STRONG> (Thumb, 0 bytes, Stack size unknown bytes, libshutdown2.o(.ARM.Collect$$libshutdown$$00000002))

<P><STRONG><a name="[d9]"></a>__rt_lib_shutdown_stdio_2</STRONG> (Thumb, 0 bytes, Stack size unknown bytes, libshutdown2.o(.ARM.Collect$$libshutdown$$00000003))
<BR><BR>[Stack]<UL><LI>Max Depth = 96 + Unknown Stack Size
<LI>Call Chain = __rt_lib_shutdown_stdio_2 &rArr; _terminateio &rArr; _fclose_internal &rArr; _fflush &rArr; _writebuf
</UL>
<BR>[Calls]<UL><LI><a href="#[da]">&gt;&gt;</a>&nbsp;&nbsp;&nbsp;_terminateio
</UL>

<P><STRONG><a name="[219]"></a>__rt_lib_shutdown_fp_trap_1</STRONG> (Thumb, 0 bytes, Stack size unknown bytes, libshutdown2.o(.ARM.Collect$$libshutdown$$00000007))

<P><STRONG><a name="[21a]"></a>__rt_lib_shutdown_heap_1</STRONG> (Thumb, 0 bytes, Stack size unknown bytes, libshutdown2.o(.ARM.Collect$$libshutdown$$0000000F))

<P><STRONG><a name="[21b]"></a>__rt_lib_shutdown_return</STRONG> (Thumb, 0 bytes, Stack size unknown bytes, libshutdown2.o(.ARM.Collect$$libshutdown$$00000010))

<P><STRONG><a name="[21c]"></a>__rt_lib_shutdown_signal_1</STRONG> (Thumb, 0 bytes, Stack size unknown bytes, libshutdown2.o(.ARM.Collect$$libshutdown$$0000000A))

<P><STRONG><a name="[21d]"></a>__rt_lib_shutdown_stdio_1</STRONG> (Thumb, 0 bytes, Stack size unknown bytes, libshutdown2.o(.ARM.Collect$$libshutdown$$00000004))

<P><STRONG><a name="[21e]"></a>__rt_lib_shutdown_user_alloc_1</STRONG> (Thumb, 0 bytes, Stack size unknown bytes, libshutdown2.o(.ARM.Collect$$libshutdown$$0000000C))

<P><STRONG><a name="[cd]"></a>__rt_entry</STRONG> (Thumb, 0 bytes, Stack size unknown bytes, __rtentry.o(.ARM.Collect$$rtentry$$00000000))
<BR><BR>[Called By]<UL><LI><a href="#[9c]">&gt;&gt;</a>&nbsp;&nbsp;&nbsp;__main
<LI><a href="#[ce]">&gt;&gt;</a>&nbsp;&nbsp;&nbsp;__scatterload_rt2
</UL>

<P><STRONG><a name="[21f]"></a>__rt_entry_presh_1</STRONG> (Thumb, 0 bytes, Stack size unknown bytes, __rtentry2.o(.ARM.Collect$$rtentry$$00000002))

<P><STRONG><a name="[db]"></a>__rt_entry_sh</STRONG> (Thumb, 0 bytes, Stack size unknown bytes, __rtentry4.o(.ARM.Collect$$rtentry$$00000004))
<BR><BR>[Stack]<UL><LI>Max Depth = 8 + Unknown Stack Size
<LI>Call Chain = __rt_entry_sh &rArr; __user_setup_stackheap
</UL>
<BR>[Calls]<UL><LI><a href="#[dc]">&gt;&gt;</a>&nbsp;&nbsp;&nbsp;__user_setup_stackheap
</UL>

<P><STRONG><a name="[dd]"></a>__rt_entry_li</STRONG> (Thumb, 0 bytes, Stack size unknown bytes, __rtentry2.o(.ARM.Collect$$rtentry$$0000000A))
<BR><BR>[Calls]<UL><LI><a href="#[de]">&gt;&gt;</a>&nbsp;&nbsp;&nbsp;__rt_lib_init
</UL>

<P><STRONG><a name="[220]"></a>__rt_entry_postsh_1</STRONG> (Thumb, 0 bytes, Stack size unknown bytes, __rtentry2.o(.ARM.Collect$$rtentry$$00000009))

<P><STRONG><a name="[df]"></a>__rt_entry_main</STRONG> (Thumb, 0 bytes, Stack size unknown bytes, __rtentry2.o(.ARM.Collect$$rtentry$$0000000D))
<BR><BR>[Stack]<UL><LI>Max Depth = 180 + Unknown Stack Size
<LI>Call Chain = __rt_entry_main &rArr; main &rArr; TASK_GlobalInit &rArr; RC_ReceiverInit &rArr; USART_RX_Config &rArr; USART_Init &rArr; RCC_GetClocksFreq
</UL>
<BR>[Calls]<UL><LI><a href="#[e0]">&gt;&gt;</a>&nbsp;&nbsp;&nbsp;main
<LI><a href="#[e1]">&gt;&gt;</a>&nbsp;&nbsp;&nbsp;exit
</UL>

<P><STRONG><a name="[221]"></a>__rt_entry_postli_1</STRONG> (Thumb, 0 bytes, Stack size unknown bytes, __rtentry2.o(.ARM.Collect$$rtentry$$0000000C))

<P><STRONG><a name="[101]"></a>__rt_exit</STRONG> (Thumb, 0 bytes, Stack size unknown bytes, rtexit.o(.ARM.Collect$$rtexit$$00000000))
<BR><BR>[Called By]<UL><LI><a href="#[e1]">&gt;&gt;</a>&nbsp;&nbsp;&nbsp;exit
</UL>

<P><STRONG><a name="[e2]"></a>__rt_exit_ls</STRONG> (Thumb, 0 bytes, Stack size unknown bytes, rtexit2.o(.ARM.Collect$$rtexit$$00000003))
<BR><BR>[Calls]<UL><LI><a href="#[e3]">&gt;&gt;</a>&nbsp;&nbsp;&nbsp;__rt_lib_shutdown
</UL>

<P><STRONG><a name="[222]"></a>__rt_exit_prels_1</STRONG> (Thumb, 0 bytes, Stack size unknown bytes, rtexit2.o(.ARM.Collect$$rtexit$$00000002))

<P><STRONG><a name="[e4]"></a>__rt_exit_exit</STRONG> (Thumb, 0 bytes, Stack size unknown bytes, rtexit2.o(.ARM.Collect$$rtexit$$00000004))
<BR><BR>[Calls]<UL><LI><a href="#[e5]">&gt;&gt;</a>&nbsp;&nbsp;&nbsp;_sys_exit
</UL>

<P><STRONG><a name="[38]"></a>Reset_Handler</STRONG> (Thumb, 8 bytes, Stack size 0 bytes, startup_stm32f427ii.o(.text))
<BR>[Address Reference Count : 1]<UL><LI> startup_stm32f427ii.o(RESET)
</UL>
<P><STRONG><a name="[39]"></a>NMI_Handler</STRONG> (Thumb, 2 bytes, Stack size 0 bytes, startup_stm32f427ii.o(.text))
<BR><BR>[Calls]<UL><LI><a href="#[39]">&gt;&gt;</a>&nbsp;&nbsp;&nbsp;NMI_Handler
</UL>
<BR>[Called By]<UL><LI><a href="#[39]">&gt;&gt;</a>&nbsp;&nbsp;&nbsp;NMI_Handler
</UL>
<BR>[Address Reference Count : 1]<UL><LI> startup_stm32f427ii.o(RESET)
</UL>
<P><STRONG><a name="[3a]"></a>HardFault_Handler</STRONG> (Thumb, 2 bytes, Stack size 0 bytes, startup_stm32f427ii.o(.text))
<BR><BR>[Calls]<UL><LI><a href="#[3a]">&gt;&gt;</a>&nbsp;&nbsp;&nbsp;HardFault_Handler
</UL>
<BR>[Called By]<UL><LI><a href="#[3a]">&gt;&gt;</a>&nbsp;&nbsp;&nbsp;HardFault_Handler
</UL>
<BR>[Address Reference Count : 1]<UL><LI> startup_stm32f427ii.o(RESET)
</UL>
<P><STRONG><a name="[3b]"></a>MemManage_Handler</STRONG> (Thumb, 2 bytes, Stack size 0 bytes, startup_stm32f427ii.o(.text))
<BR><BR>[Calls]<UL><LI><a href="#[3b]">&gt;&gt;</a>&nbsp;&nbsp;&nbsp;MemManage_Handler
</UL>
<BR>[Called By]<UL><LI><a href="#[3b]">&gt;&gt;</a>&nbsp;&nbsp;&nbsp;MemManage_Handler
</UL>
<BR>[Address Reference Count : 1]<UL><LI> startup_stm32f427ii.o(RESET)
</UL>
<P><STRONG><a name="[3c]"></a>BusFault_Handler</STRONG> (Thumb, 2 bytes, Stack size 0 bytes, startup_stm32f427ii.o(.text))
<BR><BR>[Calls]<UL><LI><a href="#[3c]">&gt;&gt;</a>&nbsp;&nbsp;&nbsp;BusFault_Handler
</UL>
<BR>[Called By]<UL><LI><a href="#[3c]">&gt;&gt;</a>&nbsp;&nbsp;&nbsp;BusFault_Handler
</UL>
<BR>[Address Reference Count : 1]<UL><LI> startup_stm32f427ii.o(RESET)
</UL>
<P><STRONG><a name="[3d]"></a>UsageFault_Handler</STRONG> (Thumb, 2 bytes, Stack size 0 bytes, startup_stm32f427ii.o(.text))
<BR><BR>[Calls]<UL><LI><a href="#[3d]">&gt;&gt;</a>&nbsp;&nbsp;&nbsp;UsageFault_Handler
</UL>
<BR>[Called By]<UL><LI><a href="#[3d]">&gt;&gt;</a>&nbsp;&nbsp;&nbsp;UsageFault_Handler
</UL>
<BR>[Address Reference Count : 1]<UL><LI> startup_stm32f427ii.o(RESET)
</UL>
<P><STRONG><a name="[3e]"></a>SVC_Handler</STRONG> (Thumb, 2 bytes, Stack size 0 bytes, startup_stm32f427ii.o(.text))
<BR><BR>[Calls]<UL><LI><a href="#[3e]">&gt;&gt;</a>&nbsp;&nbsp;&nbsp;SVC_Handler
</UL>
<BR>[Called By]<UL><LI><a href="#[3e]">&gt;&gt;</a>&nbsp;&nbsp;&nbsp;SVC_Handler
</UL>
<BR>[Address Reference Count : 1]<UL><LI> startup_stm32f427ii.o(RESET)
</UL>
<P><STRONG><a name="[3f]"></a>DebugMon_Handler</STRONG> (Thumb, 2 bytes, Stack size 0 bytes, startup_stm32f427ii.o(.text))
<BR><BR>[Calls]<UL><LI><a href="#[3f]">&gt;&gt;</a>&nbsp;&nbsp;&nbsp;DebugMon_Handler
</UL>
<BR>[Called By]<UL><LI><a href="#[3f]">&gt;&gt;</a>&nbsp;&nbsp;&nbsp;DebugMon_Handler
</UL>
<BR>[Address Reference Count : 1]<UL><LI> startup_stm32f427ii.o(RESET)
</UL>
<P><STRONG><a name="[41]"></a>SysTick_Handler</STRONG> (Thumb, 2 bytes, Stack size 0 bytes, startup_stm32f427ii.o(.text))
<BR><BR>[Calls]<UL><LI><a href="#[41]">&gt;&gt;</a>&nbsp;&nbsp;&nbsp;SysTick_Handler
</UL>
<BR>[Called By]<UL><LI><a href="#[41]">&gt;&gt;</a>&nbsp;&nbsp;&nbsp;SysTick_Handler
</UL>
<BR>[Address Reference Count : 1]<UL><LI> startup_stm32f427ii.o(RESET)
</UL>
<P><STRONG><a name="[54]"></a>ADC_IRQHandler</STRONG> (Thumb, 0 bytes, Stack size 0 bytes, startup_stm32f427ii.o(.text))
<BR><BR>[Calls]<UL><LI><a href="#[54]">&gt;&gt;</a>&nbsp;&nbsp;&nbsp;ADC_IRQHandler
</UL>
<BR>[Called By]<UL><LI><a href="#[54]">&gt;&gt;</a>&nbsp;&nbsp;&nbsp;ADC_IRQHandler
</UL>
<BR>[Address Reference Count : 1]<UL><LI> startup_stm32f427ii.o(RESET)
</UL>
<P><STRONG><a name="[57]"></a>CAN1_RX1_IRQHandler</STRONG> (Thumb, 0 bytes, Stack size 0 bytes, startup_stm32f427ii.o(.text))
<BR>[Address Reference Count : 1]<UL><LI> startup_stm32f427ii.o(RESET)
</UL>
<P><STRONG><a name="[58]"></a>CAN1_SCE_IRQHandler</STRONG> (Thumb, 0 bytes, Stack size 0 bytes, startup_stm32f427ii.o(.text))
<BR>[Address Reference Count : 1]<UL><LI> startup_stm32f427ii.o(RESET)
</UL>
<P><STRONG><a name="[55]"></a>CAN1_TX_IRQHandler</STRONG> (Thumb, 0 bytes, Stack size 0 bytes, startup_stm32f427ii.o(.text))
<BR>[Address Reference Count : 1]<UL><LI> startup_stm32f427ii.o(RESET)
</UL>
<P><STRONG><a name="[82]"></a>CAN2_RX0_IRQHandler</STRONG> (Thumb, 0 bytes, Stack size 0 bytes, startup_stm32f427ii.o(.text))
<BR>[Address Reference Count : 1]<UL><LI> startup_stm32f427ii.o(RESET)
</UL>
<P><STRONG><a name="[84]"></a>CAN2_SCE_IRQHandler</STRONG> (Thumb, 0 bytes, Stack size 0 bytes, startup_stm32f427ii.o(.text))
<BR>[Address Reference Count : 1]<UL><LI> startup_stm32f427ii.o(RESET)
</UL>
<P><STRONG><a name="[81]"></a>CAN2_TX_IRQHandler</STRONG> (Thumb, 0 bytes, Stack size 0 bytes, startup_stm32f427ii.o(.text))
<BR>[Address Reference Count : 1]<UL><LI> startup_stm32f427ii.o(RESET)
</UL>
<P><STRONG><a name="[91]"></a>CRYP_IRQHandler</STRONG> (Thumb, 0 bytes, Stack size 0 bytes, startup_stm32f427ii.o(.text))
<BR>[Address Reference Count : 1]<UL><LI> startup_stm32f427ii.o(RESET)
</UL>
<P><STRONG><a name="[90]"></a>DCMI_IRQHandler</STRONG> (Thumb, 0 bytes, Stack size 0 bytes, startup_stm32f427ii.o(.text))
<BR>[Address Reference Count : 1]<UL><LI> startup_stm32f427ii.o(RESET)
</UL>
<P><STRONG><a name="[4d]"></a>DMA1_Stream0_IRQHandler</STRONG> (Thumb, 0 bytes, Stack size 0 bytes, startup_stm32f427ii.o(.text))
<BR>[Address Reference Count : 1]<UL><LI> startup_stm32f427ii.o(RESET)
</UL>
<P><STRONG><a name="[4e]"></a>DMA1_Stream1_IRQHandler</STRONG> (Thumb, 0 bytes, Stack size 0 bytes, startup_stm32f427ii.o(.text))
<BR>[Address Reference Count : 1]<UL><LI> startup_stm32f427ii.o(RESET)
</UL>
<P><STRONG><a name="[4f]"></a>DMA1_Stream2_IRQHandler</STRONG> (Thumb, 0 bytes, Stack size 0 bytes, startup_stm32f427ii.o(.text))
<BR>[Address Reference Count : 1]<UL><LI> startup_stm32f427ii.o(RESET)
</UL>
<P><STRONG><a name="[50]"></a>DMA1_Stream3_IRQHandler</STRONG> (Thumb, 0 bytes, Stack size 0 bytes, startup_stm32f427ii.o(.text))
<BR>[Address Reference Count : 1]<UL><LI> startup_stm32f427ii.o(RESET)
</UL>
<P><STRONG><a name="[51]"></a>DMA1_Stream4_IRQHandler</STRONG> (Thumb, 0 bytes, Stack size 0 bytes, startup_stm32f427ii.o(.text))
<BR>[Address Reference Count : 1]<UL><LI> startup_stm32f427ii.o(RESET)
</UL>
<P><STRONG><a name="[52]"></a>DMA1_Stream5_IRQHandler</STRONG> (Thumb, 0 bytes, Stack size 0 bytes, startup_stm32f427ii.o(.text))
<BR>[Address Reference Count : 1]<UL><LI> startup_stm32f427ii.o(RESET)
</UL>
<P><STRONG><a name="[53]"></a>DMA1_Stream6_IRQHandler</STRONG> (Thumb, 0 bytes, Stack size 0 bytes, startup_stm32f427ii.o(.text))
<BR>[Address Reference Count : 1]<UL><LI> startup_stm32f427ii.o(RESET)
</UL>
<P><STRONG><a name="[71]"></a>DMA1_Stream7_IRQHandler</STRONG> (Thumb, 0 bytes, Stack size 0 bytes, startup_stm32f427ii.o(.text))
<BR>[Address Reference Count : 1]<UL><LI> startup_stm32f427ii.o(RESET)
</UL>
<P><STRONG><a name="[9a]"></a>DMA2D_IRQHandler</STRONG> (Thumb, 0 bytes, Stack size 0 bytes, startup_stm32f427ii.o(.text))
<BR>[Address Reference Count : 1]<UL><LI> startup_stm32f427ii.o(RESET)
</UL>
<P><STRONG><a name="[7a]"></a>DMA2_Stream0_IRQHandler</STRONG> (Thumb, 0 bytes, Stack size 0 bytes, startup_stm32f427ii.o(.text))
<BR>[Address Reference Count : 1]<UL><LI> startup_stm32f427ii.o(RESET)
</UL>
<P><STRONG><a name="[7c]"></a>DMA2_Stream2_IRQHandler</STRONG> (Thumb, 0 bytes, Stack size 0 bytes, startup_stm32f427ii.o(.text))
<BR>[Address Reference Count : 1]<UL><LI> startup_stm32f427ii.o(RESET)
</UL>
<P><STRONG><a name="[7d]"></a>DMA2_Stream3_IRQHandler</STRONG> (Thumb, 0 bytes, Stack size 0 bytes, startup_stm32f427ii.o(.text))
<BR>[Address Reference Count : 1]<UL><LI> startup_stm32f427ii.o(RESET)
</UL>
<P><STRONG><a name="[7e]"></a>DMA2_Stream4_IRQHandler</STRONG> (Thumb, 0 bytes, Stack size 0 bytes, startup_stm32f427ii.o(.text))
<BR>[Address Reference Count : 1]<UL><LI> startup_stm32f427ii.o(RESET)
</UL>
<P><STRONG><a name="[87]"></a>DMA2_Stream6_IRQHandler</STRONG> (Thumb, 0 bytes, Stack size 0 bytes, startup_stm32f427ii.o(.text))
<BR>[Address Reference Count : 1]<UL><LI> startup_stm32f427ii.o(RESET)
</UL>
<P><STRONG><a name="[88]"></a>DMA2_Stream7_IRQHandler</STRONG> (Thumb, 0 bytes, Stack size 0 bytes, startup_stm32f427ii.o(.text))
<BR>[Address Reference Count : 1]<UL><LI> startup_stm32f427ii.o(RESET)
</UL>
<P><STRONG><a name="[7f]"></a>ETH_IRQHandler</STRONG> (Thumb, 0 bytes, Stack size 0 bytes, startup_stm32f427ii.o(.text))
<BR>[Address Reference Count : 1]<UL><LI> startup_stm32f427ii.o(RESET)
</UL>
<P><STRONG><a name="[80]"></a>ETH_WKUP_IRQHandler</STRONG> (Thumb, 0 bytes, Stack size 0 bytes, startup_stm32f427ii.o(.text))
<BR>[Address Reference Count : 1]<UL><LI> startup_stm32f427ii.o(RESET)
</UL>
<P><STRONG><a name="[6a]"></a>EXTI15_10_IRQHandler</STRONG> (Thumb, 0 bytes, Stack size 0 bytes, startup_stm32f427ii.o(.text))
<BR>[Address Reference Count : 1]<UL><LI> startup_stm32f427ii.o(RESET)
</UL>
<P><STRONG><a name="[49]"></a>EXTI1_IRQHandler</STRONG> (Thumb, 0 bytes, Stack size 0 bytes, startup_stm32f427ii.o(.text))
<BR>[Address Reference Count : 1]<UL><LI> startup_stm32f427ii.o(RESET)
</UL>
<P><STRONG><a name="[4a]"></a>EXTI2_IRQHandler</STRONG> (Thumb, 0 bytes, Stack size 0 bytes, startup_stm32f427ii.o(.text))
<BR>[Address Reference Count : 1]<UL><LI> startup_stm32f427ii.o(RESET)
</UL>
<P><STRONG><a name="[4b]"></a>EXTI3_IRQHandler</STRONG> (Thumb, 0 bytes, Stack size 0 bytes, startup_stm32f427ii.o(.text))
<BR>[Address Reference Count : 1]<UL><LI> startup_stm32f427ii.o(RESET)
</UL>
<P><STRONG><a name="[4c]"></a>EXTI4_IRQHandler</STRONG> (Thumb, 0 bytes, Stack size 0 bytes, startup_stm32f427ii.o(.text))
<BR>[Address Reference Count : 1]<UL><LI> startup_stm32f427ii.o(RESET)
</UL>
<P><STRONG><a name="[46]"></a>FLASH_IRQHandler</STRONG> (Thumb, 0 bytes, Stack size 0 bytes, startup_stm32f427ii.o(.text))
<BR>[Address Reference Count : 1]<UL><LI> startup_stm32f427ii.o(RESET)
</UL>
<P><STRONG><a name="[72]"></a>FMC_IRQHandler</STRONG> (Thumb, 0 bytes, Stack size 0 bytes, startup_stm32f427ii.o(.text))
<BR>[Address Reference Count : 1]<UL><LI> startup_stm32f427ii.o(RESET)
</UL>
<P><STRONG><a name="[93]"></a>FPU_IRQHandler</STRONG> (Thumb, 0 bytes, Stack size 0 bytes, startup_stm32f427ii.o(.text))
<BR>[Address Reference Count : 1]<UL><LI> startup_stm32f427ii.o(RESET)
</UL>
<P><STRONG><a name="[92]"></a>HASH_RNG_IRQHandler</STRONG> (Thumb, 0 bytes, Stack size 0 bytes, startup_stm32f427ii.o(.text))
<BR>[Address Reference Count : 1]<UL><LI> startup_stm32f427ii.o(RESET)
</UL>
<P><STRONG><a name="[62]"></a>I2C1_ER_IRQHandler</STRONG> (Thumb, 0 bytes, Stack size 0 bytes, startup_stm32f427ii.o(.text))
<BR>[Address Reference Count : 1]<UL><LI> startup_stm32f427ii.o(RESET)
</UL>
<P><STRONG><a name="[61]"></a>I2C1_EV_IRQHandler</STRONG> (Thumb, 0 bytes, Stack size 0 bytes, startup_stm32f427ii.o(.text))
<BR>[Address Reference Count : 1]<UL><LI> startup_stm32f427ii.o(RESET)
</UL>
<P><STRONG><a name="[64]"></a>I2C2_ER_IRQHandler</STRONG> (Thumb, 0 bytes, Stack size 0 bytes, startup_stm32f427ii.o(.text))
<BR>[Address Reference Count : 1]<UL><LI> startup_stm32f427ii.o(RESET)
</UL>
<P><STRONG><a name="[63]"></a>I2C2_EV_IRQHandler</STRONG> (Thumb, 0 bytes, Stack size 0 bytes, startup_stm32f427ii.o(.text))
<BR>[Address Reference Count : 1]<UL><LI> startup_stm32f427ii.o(RESET)
</UL>
<P><STRONG><a name="[8b]"></a>I2C3_ER_IRQHandler</STRONG> (Thumb, 0 bytes, Stack size 0 bytes, startup_stm32f427ii.o(.text))
<BR>[Address Reference Count : 1]<UL><LI> startup_stm32f427ii.o(RESET)
</UL>
<P><STRONG><a name="[8a]"></a>I2C3_EV_IRQHandler</STRONG> (Thumb, 0 bytes, Stack size 0 bytes, startup_stm32f427ii.o(.text))
<BR>[Address Reference Count : 1]<UL><LI> startup_stm32f427ii.o(RESET)
</UL>
<P><STRONG><a name="[8d]"></a>OTG_HS_EP1_IN_IRQHandler</STRONG> (Thumb, 0 bytes, Stack size 0 bytes, startup_stm32f427ii.o(.text))
<BR>[Address Reference Count : 1]<UL><LI> startup_stm32f427ii.o(RESET)
</UL>
<P><STRONG><a name="[8c]"></a>OTG_HS_EP1_OUT_IRQHandler</STRONG> (Thumb, 0 bytes, Stack size 0 bytes, startup_stm32f427ii.o(.text))
<BR>[Address Reference Count : 1]<UL><LI> startup_stm32f427ii.o(RESET)
</UL>
<P><STRONG><a name="[8f]"></a>OTG_HS_IRQHandler</STRONG> (Thumb, 0 bytes, Stack size 0 bytes, startup_stm32f427ii.o(.text))
<BR>[Address Reference Count : 1]<UL><LI> startup_stm32f427ii.o(RESET)
</UL>
<P><STRONG><a name="[8e]"></a>OTG_HS_WKUP_IRQHandler</STRONG> (Thumb, 0 bytes, Stack size 0 bytes, startup_stm32f427ii.o(.text))
<BR>[Address Reference Count : 1]<UL><LI> startup_stm32f427ii.o(RESET)
</UL>
<P><STRONG><a name="[43]"></a>PVD_IRQHandler</STRONG> (Thumb, 0 bytes, Stack size 0 bytes, startup_stm32f427ii.o(.text))
<BR>[Address Reference Count : 1]<UL><LI> startup_stm32f427ii.o(RESET)
</UL>
<P><STRONG><a name="[47]"></a>RCC_IRQHandler</STRONG> (Thumb, 0 bytes, Stack size 0 bytes, startup_stm32f427ii.o(.text))
<BR>[Address Reference Count : 1]<UL><LI> startup_stm32f427ii.o(RESET)
</UL>
<P><STRONG><a name="[6b]"></a>RTC_Alarm_IRQHandler</STRONG> (Thumb, 0 bytes, Stack size 0 bytes, startup_stm32f427ii.o(.text))
<BR>[Address Reference Count : 1]<UL><LI> startup_stm32f427ii.o(RESET)
</UL>
<P><STRONG><a name="[45]"></a>RTC_WKUP_IRQHandler</STRONG> (Thumb, 0 bytes, Stack size 0 bytes, startup_stm32f427ii.o(.text))
<BR>[Address Reference Count : 1]<UL><LI> startup_stm32f427ii.o(RESET)
</UL>
<P><STRONG><a name="[99]"></a>SAI1_IRQHandler</STRONG> (Thumb, 0 bytes, Stack size 0 bytes, startup_stm32f427ii.o(.text))
<BR>[Address Reference Count : 1]<UL><LI> startup_stm32f427ii.o(RESET)
</UL>
<P><STRONG><a name="[73]"></a>SDIO_IRQHandler</STRONG> (Thumb, 0 bytes, Stack size 0 bytes, startup_stm32f427ii.o(.text))
<BR>[Address Reference Count : 1]<UL><LI> startup_stm32f427ii.o(RESET)
</UL>
<P><STRONG><a name="[65]"></a>SPI1_IRQHandler</STRONG> (Thumb, 0 bytes, Stack size 0 bytes, startup_stm32f427ii.o(.text))
<BR>[Address Reference Count : 1]<UL><LI> startup_stm32f427ii.o(RESET)
</UL>
<P><STRONG><a name="[66]"></a>SPI2_IRQHandler</STRONG> (Thumb, 0 bytes, Stack size 0 bytes, startup_stm32f427ii.o(.text))
<BR>[Address Reference Count : 1]<UL><LI> startup_stm32f427ii.o(RESET)
</UL>
<P><STRONG><a name="[75]"></a>SPI3_IRQHandler</STRONG> (Thumb, 0 bytes, Stack size 0 bytes, startup_stm32f427ii.o(.text))
<BR>[Address Reference Count : 1]<UL><LI> startup_stm32f427ii.o(RESET)
</UL>
<P><STRONG><a name="[96]"></a>SPI4_IRQHandler</STRONG> (Thumb, 0 bytes, Stack size 0 bytes, startup_stm32f427ii.o(.text))
<BR>[Address Reference Count : 1]<UL><LI> startup_stm32f427ii.o(RESET)
</UL>
<P><STRONG><a name="[97]"></a>SPI5_IRQHandler</STRONG> (Thumb, 0 bytes, Stack size 0 bytes, startup_stm32f427ii.o(.text))
<BR>[Address Reference Count : 1]<UL><LI> startup_stm32f427ii.o(RESET)
</UL>
<P><STRONG><a name="[98]"></a>SPI6_IRQHandler</STRONG> (Thumb, 0 bytes, Stack size 0 bytes, startup_stm32f427ii.o(.text))
<BR>[Address Reference Count : 1]<UL><LI> startup_stm32f427ii.o(RESET)
</UL>
<P><STRONG><a name="[44]"></a>TAMP_STAMP_IRQHandler</STRONG> (Thumb, 0 bytes, Stack size 0 bytes, startup_stm32f427ii.o(.text))
<BR>[Address Reference Count : 1]<UL><LI> startup_stm32f427ii.o(RESET)
</UL>
<P><STRONG><a name="[5a]"></a>TIM1_BRK_TIM9_IRQHandler</STRONG> (Thumb, 0 bytes, Stack size 0 bytes, startup_stm32f427ii.o(.text))
<BR>[Address Reference Count : 1]<UL><LI> startup_stm32f427ii.o(RESET)
</UL>
<P><STRONG><a name="[5d]"></a>TIM1_CC_IRQHandler</STRONG> (Thumb, 0 bytes, Stack size 0 bytes, startup_stm32f427ii.o(.text))
<BR>[Address Reference Count : 1]<UL><LI> startup_stm32f427ii.o(RESET)
</UL>
<P><STRONG><a name="[5b]"></a>TIM1_UP_TIM10_IRQHandler</STRONG> (Thumb, 0 bytes, Stack size 0 bytes, startup_stm32f427ii.o(.text))
<BR>[Address Reference Count : 1]<UL><LI> startup_stm32f427ii.o(RESET)
</UL>
<P><STRONG><a name="[5e]"></a>TIM2_IRQHandler</STRONG> (Thumb, 0 bytes, Stack size 0 bytes, startup_stm32f427ii.o(.text))
<BR>[Address Reference Count : 1]<UL><LI> startup_stm32f427ii.o(RESET)
</UL>
<P><STRONG><a name="[5f]"></a>TIM3_IRQHandler</STRONG> (Thumb, 0 bytes, Stack size 0 bytes, startup_stm32f427ii.o(.text))
<BR>[Address Reference Count : 1]<UL><LI> startup_stm32f427ii.o(RESET)
</UL>
<P><STRONG><a name="[60]"></a>TIM4_IRQHandler</STRONG> (Thumb, 0 bytes, Stack size 0 bytes, startup_stm32f427ii.o(.text))
<BR>[Address Reference Count : 1]<UL><LI> startup_stm32f427ii.o(RESET)
</UL>
<P><STRONG><a name="[74]"></a>TIM5_IRQHandler</STRONG> (Thumb, 0 bytes, Stack size 0 bytes, startup_stm32f427ii.o(.text))
<BR>[Address Reference Count : 1]<UL><LI> startup_stm32f427ii.o(RESET)
</UL>
<P><STRONG><a name="[78]"></a>TIM6_DAC_IRQHandler</STRONG> (Thumb, 0 bytes, Stack size 0 bytes, startup_stm32f427ii.o(.text))
<BR>[Address Reference Count : 1]<UL><LI> startup_stm32f427ii.o(RESET)
</UL>
<P><STRONG><a name="[79]"></a>TIM7_IRQHandler</STRONG> (Thumb, 0 bytes, Stack size 0 bytes, startup_stm32f427ii.o(.text))
<BR>[Address Reference Count : 1]<UL><LI> startup_stm32f427ii.o(RESET)
</UL>
<P><STRONG><a name="[70]"></a>TIM8_CC_IRQHandler</STRONG> (Thumb, 0 bytes, Stack size 0 bytes, startup_stm32f427ii.o(.text))
<BR>[Address Reference Count : 1]<UL><LI> startup_stm32f427ii.o(RESET)
</UL>
<P><STRONG><a name="[42]"></a>WWDG_IRQHandler</STRONG> (Thumb, 0 bytes, Stack size 0 bytes, startup_stm32f427ii.o(.text))
<BR>[Address Reference Count : 1]<UL><LI> startup_stm32f427ii.o(RESET)
</UL>
<P><STRONG><a name="[f9]"></a>__user_initial_stackheap</STRONG> (Thumb, 0 bytes, Stack size unknown bytes, startup_stm32f427ii.o(.text))
<BR><BR>[Called By]<UL><LI><a href="#[dc]">&gt;&gt;</a>&nbsp;&nbsp;&nbsp;__user_setup_stackheap
</UL>

<P><STRONG><a name="[e6]"></a>__2printf</STRONG> (Thumb, 20 bytes, Stack size 24 bytes, noretval__2printf.o(.text))
<BR><BR>[Stack]<UL><LI>Max Depth = 128 + Unknown Stack Size
<LI>Call Chain = __2printf &rArr; _printf_char_file &rArr; _printf_char_common &rArr; __printf
</UL>
<BR>[Calls]<UL><LI><a href="#[e7]">&gt;&gt;</a>&nbsp;&nbsp;&nbsp;_printf_char_file
</UL>
<BR>[Called By]<UL><LI><a href="#[132]">&gt;&gt;</a>&nbsp;&nbsp;&nbsp;assert_failed
</UL>

<P><STRONG><a name="[e8]"></a>__printf</STRONG> (Thumb, 104 bytes, Stack size 24 bytes, __printf.o(.text))
<BR><BR>[Stack]<UL><LI>Max Depth = 24 + Unknown Stack Size
<LI>Call Chain = __printf
</UL>
<BR>[Calls]<UL><LI><a href="#[e9]">&gt;&gt;</a>&nbsp;&nbsp;&nbsp;_printf_percent
</UL>
<BR>[Called By]<UL><LI><a href="#[f0]">&gt;&gt;</a>&nbsp;&nbsp;&nbsp;_printf_char_common
</UL>

<P><STRONG><a name="[ee]"></a>_printf_str</STRONG> (Thumb, 82 bytes, Stack size 16 bytes, _printf_str.o(.text))
<BR><BR>[Stack]<UL><LI>Max Depth = 16<LI>Call Chain = _printf_str
</UL>
<BR>[Called By]<UL><LI><a href="#[ed]">&gt;&gt;</a>&nbsp;&nbsp;&nbsp;_printf_cs_common
</UL>

<P><STRONG><a name="[d0]"></a>_printf_int_dec</STRONG> (Thumb, 104 bytes, Stack size 24 bytes, _printf_dec.o(.text))
<BR><BR>[Stack]<UL><LI>Max Depth = 56<LI>Call Chain = _printf_int_dec &rArr; _printf_int_common
</UL>
<BR>[Calls]<UL><LI><a href="#[ea]">&gt;&gt;</a>&nbsp;&nbsp;&nbsp;_printf_int_common
</UL>
<BR>[Called By]<UL><LI><a href="#[cf]">&gt;&gt;</a>&nbsp;&nbsp;&nbsp;_printf_d
</UL>

<P><STRONG><a name="[195]"></a>__aeabi_memcpy</STRONG> (Thumb, 0 bytes, Stack size 0 bytes, rt_memcpy_v6.o(.text))
<BR><BR>[Called By]<UL><LI><a href="#[b5]">&gt;&gt;</a>&nbsp;&nbsp;&nbsp;__CAN_SendMsg
</UL>

<P><STRONG><a name="[eb]"></a>__rt_memcpy</STRONG> (Thumb, 138 bytes, Stack size 0 bytes, rt_memcpy_v6.o(.text), UNUSED)
<BR><BR>[Calls]<UL><LI><a href="#[ec]">&gt;&gt;</a>&nbsp;&nbsp;&nbsp;__aeabi_memcpy4
</UL>

<P><STRONG><a name="[223]"></a>_memcpy_lastbytes</STRONG> (Thumb, 0 bytes, Stack size unknown bytes, rt_memcpy_v6.o(.text), UNUSED)

<P><STRONG><a name="[f2]"></a>__aeabi_memclr4</STRONG> (Thumb, 0 bytes, Stack size 4 bytes, rt_memclr_w.o(.text))
<BR><BR>[Stack]<UL><LI>Max Depth = 4<LI>Call Chain = __aeabi_memclr4
</UL>
<BR>[Called By]<UL><LI><a href="#[17e]">&gt;&gt;</a>&nbsp;&nbsp;&nbsp;referee_init
<LI><a href="#[29]">&gt;&gt;</a>&nbsp;&nbsp;&nbsp;MOTOR_RM_GetInstance
<LI><a href="#[1e]">&gt;&gt;</a>&nbsp;&nbsp;&nbsp;MOTOR_ControlInit
<LI><a href="#[32]">&gt;&gt;</a>&nbsp;&nbsp;&nbsp;Sentry_Init
<LI><a href="#[1b]">&gt;&gt;</a>&nbsp;&nbsp;&nbsp;IRQ_ManagerInit
<LI><a href="#[12e]">&gt;&gt;</a>&nbsp;&nbsp;&nbsp;CAN2_Init
<LI><a href="#[124]">&gt;&gt;</a>&nbsp;&nbsp;&nbsp;CAN1_Init
<LI><a href="#[f6]">&gt;&gt;</a>&nbsp;&nbsp;&nbsp;_fclose_internal
<LI><a href="#[fd]">&gt;&gt;</a>&nbsp;&nbsp;&nbsp;fopen
<LI><a href="#[d8]">&gt;&gt;</a>&nbsp;&nbsp;&nbsp;_initio
</UL>

<P><STRONG><a name="[15f]"></a>__aeabi_memclr8</STRONG> (Thumb, 0 bytes, Stack size 4 bytes, rt_memclr_w.o(.text))
<BR><BR>[Stack]<UL><LI>Max Depth = 4<LI>Call Chain = __aeabi_memclr8
</UL>
<BR>[Called By]<UL><LI><a href="#[131]">&gt;&gt;</a>&nbsp;&nbsp;&nbsp;PID_ControllerInit
</UL>

<P><STRONG><a name="[224]"></a>__rt_memclr_w</STRONG> (Thumb, 78 bytes, Stack size 4 bytes, rt_memclr_w.o(.text), UNUSED)

<P><STRONG><a name="[225]"></a>_memset_w</STRONG> (Thumb, 0 bytes, Stack size unknown bytes, rt_memclr_w.o(.text), UNUSED)

<P><STRONG><a name="[226]"></a>__use_two_region_memory</STRONG> (Thumb, 2 bytes, Stack size 0 bytes, heapauxi.o(.text), UNUSED)

<P><STRONG><a name="[227]"></a>__rt_heap_escrow</STRONG> (Thumb, 2 bytes, Stack size 0 bytes, heapauxi.o(.text), UNUSED)

<P><STRONG><a name="[228]"></a>__rt_heap_expand</STRONG> (Thumb, 2 bytes, Stack size 0 bytes, heapauxi.o(.text), UNUSED)

<P><STRONG><a name="[ea]"></a>_printf_int_common</STRONG> (Thumb, 178 bytes, Stack size 32 bytes, _printf_intcommon.o(.text))
<BR><BR>[Stack]<UL><LI>Max Depth = 32<LI>Call Chain = _printf_int_common
</UL>
<BR>[Called By]<UL><LI><a href="#[d0]">&gt;&gt;</a>&nbsp;&nbsp;&nbsp;_printf_int_dec
</UL>

<P><STRONG><a name="[ed]"></a>_printf_cs_common</STRONG> (Thumb, 20 bytes, Stack size 8 bytes, _printf_char.o(.text))
<BR><BR>[Stack]<UL><LI>Max Depth = 24<LI>Call Chain = _printf_cs_common &rArr; _printf_str
</UL>
<BR>[Calls]<UL><LI><a href="#[ee]">&gt;&gt;</a>&nbsp;&nbsp;&nbsp;_printf_str
</UL>
<BR>[Called By]<UL><LI><a href="#[d2]">&gt;&gt;</a>&nbsp;&nbsp;&nbsp;_printf_string
<LI><a href="#[ef]">&gt;&gt;</a>&nbsp;&nbsp;&nbsp;_printf_char
</UL>

<P><STRONG><a name="[ef]"></a>_printf_char</STRONG> (Thumb, 16 bytes, Stack size 0 bytes, _printf_char.o(.text), UNUSED)
<BR><BR>[Calls]<UL><LI><a href="#[ed]">&gt;&gt;</a>&nbsp;&nbsp;&nbsp;_printf_cs_common
</UL>

<P><STRONG><a name="[d2]"></a>_printf_string</STRONG> (Thumb, 8 bytes, Stack size 0 bytes, _printf_char.o(.text))
<BR><BR>[Stack]<UL><LI>Max Depth = 24<LI>Call Chain = _printf_string &rArr; _printf_cs_common &rArr; _printf_str
</UL>
<BR>[Calls]<UL><LI><a href="#[ed]">&gt;&gt;</a>&nbsp;&nbsp;&nbsp;_printf_cs_common
</UL>
<BR>[Called By]<UL><LI><a href="#[d1]">&gt;&gt;</a>&nbsp;&nbsp;&nbsp;_printf_s
</UL>

<P><STRONG><a name="[e7]"></a>_printf_char_file</STRONG> (Thumb, 32 bytes, Stack size 16 bytes, _printf_char_file.o(.text))
<BR><BR>[Stack]<UL><LI>Max Depth = 104 + Unknown Stack Size
<LI>Call Chain = _printf_char_file &rArr; _printf_char_common &rArr; __printf
</UL>
<BR>[Calls]<UL><LI><a href="#[f1]">&gt;&gt;</a>&nbsp;&nbsp;&nbsp;ferror
<LI><a href="#[f0]">&gt;&gt;</a>&nbsp;&nbsp;&nbsp;_printf_char_common
</UL>
<BR>[Called By]<UL><LI><a href="#[e6]">&gt;&gt;</a>&nbsp;&nbsp;&nbsp;__2printf
</UL>

<P><STRONG><a name="[ec]"></a>__aeabi_memcpy4</STRONG> (Thumb, 0 bytes, Stack size 8 bytes, rt_memcpy_w.o(.text), UNUSED)
<BR><BR>[Called By]<UL><LI><a href="#[eb]">&gt;&gt;</a>&nbsp;&nbsp;&nbsp;__rt_memcpy
</UL>

<P><STRONG><a name="[229]"></a>__aeabi_memcpy8</STRONG> (Thumb, 0 bytes, Stack size 8 bytes, rt_memcpy_w.o(.text), UNUSED)

<P><STRONG><a name="[22a]"></a>__rt_memcpy_w</STRONG> (Thumb, 100 bytes, Stack size 8 bytes, rt_memcpy_w.o(.text), UNUSED)

<P><STRONG><a name="[22b]"></a>_memcpy_lastbytes_aligned</STRONG> (Thumb, 0 bytes, Stack size unknown bytes, rt_memcpy_w.o(.text), UNUSED)

<P><STRONG><a name="[112]"></a>__aeabi_errno_addr</STRONG> (Thumb, 8 bytes, Stack size 0 bytes, rt_errno_addr_intlibspace.o(.text))
<BR><BR>[Called By]<UL><LI><a href="#[10a]">&gt;&gt;</a>&nbsp;&nbsp;&nbsp;_ftell_internal
</UL>

<P><STRONG><a name="[22c]"></a>__errno$intlibspace</STRONG> (Thumb, 0 bytes, Stack size 0 bytes, rt_errno_addr_intlibspace.o(.text), UNUSED)

<P><STRONG><a name="[22d]"></a>__rt_errno_addr$intlibspace</STRONG> (Thumb, 0 bytes, Stack size 0 bytes, rt_errno_addr_intlibspace.o(.text), UNUSED)

<P><STRONG><a name="[f0]"></a>_printf_char_common</STRONG> (Thumb, 32 bytes, Stack size 64 bytes, _printf_char_common.o(.text))
<BR><BR>[Stack]<UL><LI>Max Depth = 88 + Unknown Stack Size
<LI>Call Chain = _printf_char_common &rArr; __printf
</UL>
<BR>[Calls]<UL><LI><a href="#[e8]">&gt;&gt;</a>&nbsp;&nbsp;&nbsp;__printf
</UL>
<BR>[Called By]<UL><LI><a href="#[e7]">&gt;&gt;</a>&nbsp;&nbsp;&nbsp;_printf_char_file
</UL>

<P><STRONG><a name="[f1]"></a>ferror</STRONG> (Thumb, 8 bytes, Stack size 0 bytes, ferror.o(.text))
<BR><BR>[Called By]<UL><LI><a href="#[e7]">&gt;&gt;</a>&nbsp;&nbsp;&nbsp;_printf_char_file
</UL>

<P><STRONG><a name="[d8]"></a>_initio</STRONG> (Thumb, 210 bytes, Stack size 8 bytes, initio.o(.text))
<BR><BR>[Stack]<UL><LI>Max Depth = 112<LI>Call Chain = _initio &rArr; freopen &rArr; _fclose_internal &rArr; _fflush &rArr; _writebuf
</UL>
<BR>[Calls]<UL><LI><a href="#[f3]">&gt;&gt;</a>&nbsp;&nbsp;&nbsp;freopen
<LI><a href="#[f5]">&gt;&gt;</a>&nbsp;&nbsp;&nbsp;setvbuf
<LI><a href="#[f2]">&gt;&gt;</a>&nbsp;&nbsp;&nbsp;__aeabi_memclr4
<LI><a href="#[f4]">&gt;&gt;</a>&nbsp;&nbsp;&nbsp;__rt_SIGRTRED
</UL>
<BR>[Called By]<UL><LI><a href="#[d7]">&gt;&gt;</a>&nbsp;&nbsp;&nbsp;__rt_lib_init_stdio_2
</UL>

<P><STRONG><a name="[da]"></a>_terminateio</STRONG> (Thumb, 56 bytes, Stack size 16 bytes, initio.o(.text))
<BR><BR>[Stack]<UL><LI>Max Depth = 96<LI>Call Chain = _terminateio &rArr; _fclose_internal &rArr; _fflush &rArr; _writebuf
</UL>
<BR>[Calls]<UL><LI><a href="#[f6]">&gt;&gt;</a>&nbsp;&nbsp;&nbsp;_fclose_internal
<LI><a href="#[f7]">&gt;&gt;</a>&nbsp;&nbsp;&nbsp;free
</UL>
<BR>[Called By]<UL><LI><a href="#[d9]">&gt;&gt;</a>&nbsp;&nbsp;&nbsp;__rt_lib_shutdown_stdio_2
</UL>

<P><STRONG><a name="[22e]"></a>__user_libspace</STRONG> (Thumb, 8 bytes, Stack size 0 bytes, libspace.o(.text), UNUSED)

<P><STRONG><a name="[f8]"></a>__user_perproc_libspace</STRONG> (Thumb, 0 bytes, Stack size 0 bytes, libspace.o(.text))
<BR><BR>[Called By]<UL><LI><a href="#[dc]">&gt;&gt;</a>&nbsp;&nbsp;&nbsp;__user_setup_stackheap
</UL>

<P><STRONG><a name="[22f]"></a>__user_perthread_libspace</STRONG> (Thumb, 0 bytes, Stack size 0 bytes, libspace.o(.text), UNUSED)

<P><STRONG><a name="[dc]"></a>__user_setup_stackheap</STRONG> (Thumb, 74 bytes, Stack size 8 bytes, sys_stackheap_outer.o(.text))
<BR><BR>[Stack]<UL><LI>Max Depth = 8 + Unknown Stack Size
<LI>Call Chain = __user_setup_stackheap
</UL>
<BR>[Calls]<UL><LI><a href="#[f9]">&gt;&gt;</a>&nbsp;&nbsp;&nbsp;__user_initial_stackheap
<LI><a href="#[f8]">&gt;&gt;</a>&nbsp;&nbsp;&nbsp;__user_perproc_libspace
</UL>
<BR>[Called By]<UL><LI><a href="#[db]">&gt;&gt;</a>&nbsp;&nbsp;&nbsp;__rt_entry_sh
</UL>

<P><STRONG><a name="[f7]"></a>free</STRONG> (Thumb, 78 bytes, Stack size 16 bytes, h1_free.o(.text))
<BR><BR>[Stack]<UL><LI>Max Depth = 16<LI>Call Chain = free
</UL>
<BR>[Calls]<UL><LI><a href="#[fa]">&gt;&gt;</a>&nbsp;&nbsp;&nbsp;__rt_heap_descriptor
</UL>
<BR>[Called By]<UL><LI><a href="#[f6]">&gt;&gt;</a>&nbsp;&nbsp;&nbsp;_fclose_internal
<LI><a href="#[da]">&gt;&gt;</a>&nbsp;&nbsp;&nbsp;_terminateio
<LI><a href="#[105]">&gt;&gt;</a>&nbsp;&nbsp;&nbsp;__Heap_ProvideMemory
</UL>

<P><STRONG><a name="[f5]"></a>setvbuf</STRONG> (Thumb, 70 bytes, Stack size 16 bytes, setvbuf.o(.text))
<BR><BR>[Stack]<UL><LI>Max Depth = 16<LI>Call Chain = setvbuf
</UL>
<BR>[Called By]<UL><LI><a href="#[d8]">&gt;&gt;</a>&nbsp;&nbsp;&nbsp;_initio
</UL>

<P><STRONG><a name="[f3]"></a>freopen</STRONG> (Thumb, 160 bytes, Stack size 24 bytes, fopen.o(.text))
<BR><BR>[Stack]<UL><LI>Max Depth = 104<LI>Call Chain = freopen &rArr; _fclose_internal &rArr; _fflush &rArr; _writebuf
</UL>
<BR>[Calls]<UL><LI><a href="#[fb]">&gt;&gt;</a>&nbsp;&nbsp;&nbsp;_sys_open
<LI><a href="#[f6]">&gt;&gt;</a>&nbsp;&nbsp;&nbsp;_fclose_internal
<LI><a href="#[fc]">&gt;&gt;</a>&nbsp;&nbsp;&nbsp;_fseek
</UL>
<BR>[Called By]<UL><LI><a href="#[fd]">&gt;&gt;</a>&nbsp;&nbsp;&nbsp;fopen
<LI><a href="#[d8]">&gt;&gt;</a>&nbsp;&nbsp;&nbsp;_initio
</UL>

<P><STRONG><a name="[fd]"></a>fopen</STRONG> (Thumb, 74 bytes, Stack size 24 bytes, fopen.o(.text), UNUSED)
<BR><BR>[Calls]<UL><LI><a href="#[f3]">&gt;&gt;</a>&nbsp;&nbsp;&nbsp;freopen
<LI><a href="#[f2]">&gt;&gt;</a>&nbsp;&nbsp;&nbsp;__aeabi_memclr4
<LI><a href="#[fe]">&gt;&gt;</a>&nbsp;&nbsp;&nbsp;malloc
</UL>

<P><STRONG><a name="[f6]"></a>_fclose_internal</STRONG> (Thumb, 76 bytes, Stack size 32 bytes, fclose.o(.text))
<BR><BR>[Stack]<UL><LI>Max Depth = 80<LI>Call Chain = _fclose_internal &rArr; _fflush &rArr; _writebuf
</UL>
<BR>[Calls]<UL><LI><a href="#[100]">&gt;&gt;</a>&nbsp;&nbsp;&nbsp;_sys_close
<LI><a href="#[f7]">&gt;&gt;</a>&nbsp;&nbsp;&nbsp;free
<LI><a href="#[f2]">&gt;&gt;</a>&nbsp;&nbsp;&nbsp;__aeabi_memclr4
<LI><a href="#[ff]">&gt;&gt;</a>&nbsp;&nbsp;&nbsp;_fflush
</UL>
<BR>[Called By]<UL><LI><a href="#[f3]">&gt;&gt;</a>&nbsp;&nbsp;&nbsp;freopen
<LI><a href="#[da]">&gt;&gt;</a>&nbsp;&nbsp;&nbsp;_terminateio
</UL>

<P><STRONG><a name="[230]"></a>fclose</STRONG> (Thumb, 0 bytes, Stack size 32 bytes, fclose.o(.text), UNUSED)

<P><STRONG><a name="[e1]"></a>exit</STRONG> (Thumb, 18 bytes, Stack size 8 bytes, exit.o(.text))
<BR><BR>[Stack]<UL><LI>Max Depth = 8 + Unknown Stack Size
<LI>Call Chain = exit
</UL>
<BR>[Calls]<UL><LI><a href="#[101]">&gt;&gt;</a>&nbsp;&nbsp;&nbsp;__rt_exit
</UL>
<BR>[Called By]<UL><LI><a href="#[df]">&gt;&gt;</a>&nbsp;&nbsp;&nbsp;__rt_entry_main
</UL>

<P><STRONG><a name="[f4]"></a>__rt_SIGRTRED</STRONG> (Thumb, 14 bytes, Stack size 8 bytes, defsig_rtred_outer.o(.text))
<BR><BR>[Stack]<UL><LI>Max Depth = 32<LI>Call Chain = __rt_SIGRTRED &rArr; __rt_SIGRTRED_inner &rArr; __default_signal_display
</UL>
<BR>[Calls]<UL><LI><a href="#[102]">&gt;&gt;</a>&nbsp;&nbsp;&nbsp;__rt_SIGRTRED_inner
<LI><a href="#[103]">&gt;&gt;</a>&nbsp;&nbsp;&nbsp;__sig_exit
</UL>
<BR>[Called By]<UL><LI><a href="#[d8]">&gt;&gt;</a>&nbsp;&nbsp;&nbsp;_initio
</UL>

<P><STRONG><a name="[fa]"></a>__rt_heap_descriptor</STRONG> (Thumb, 8 bytes, Stack size 0 bytes, rt_heap_descriptor_intlibspace.o(.text))
<BR><BR>[Called By]<UL><LI><a href="#[f7]">&gt;&gt;</a>&nbsp;&nbsp;&nbsp;free
<LI><a href="#[fe]">&gt;&gt;</a>&nbsp;&nbsp;&nbsp;malloc
<LI><a href="#[d6]">&gt;&gt;</a>&nbsp;&nbsp;&nbsp;_init_alloc
</UL>

<P><STRONG><a name="[231]"></a>__use_no_heap</STRONG> (Thumb, 2 bytes, Stack size 0 bytes, hguard.o(.text), UNUSED)

<P><STRONG><a name="[232]"></a>__heap$guard</STRONG> (Thumb, 2 bytes, Stack size 0 bytes, hguard.o(.text), UNUSED)

<P><STRONG><a name="[233]"></a>_terminate_user_alloc</STRONG> (Thumb, 2 bytes, Stack size 0 bytes, init_alloc.o(.text), UNUSED)

<P><STRONG><a name="[234]"></a>_init_user_alloc</STRONG> (Thumb, 2 bytes, Stack size 0 bytes, init_alloc.o(.text), UNUSED)

<P><STRONG><a name="[104]"></a>__Heap_Full</STRONG> (Thumb, 34 bytes, Stack size 16 bytes, init_alloc.o(.text), UNUSED)
<BR><BR>[Calls]<UL><LI><a href="#[105]">&gt;&gt;</a>&nbsp;&nbsp;&nbsp;__Heap_ProvideMemory
</UL>
<BR>[Called By]<UL><LI><a href="#[fe]">&gt;&gt;</a>&nbsp;&nbsp;&nbsp;malloc
</UL>

<P><STRONG><a name="[106]"></a>__Heap_Broken</STRONG> (Thumb, 6 bytes, Stack size 0 bytes, init_alloc.o(.text), UNUSED)
<BR><BR>[Calls]<UL><LI><a href="#[107]">&gt;&gt;</a>&nbsp;&nbsp;&nbsp;__rt_SIGRTMEM
</UL>

<P><STRONG><a name="[d6]"></a>_init_alloc</STRONG> (Thumb, 94 bytes, Stack size 24 bytes, init_alloc.o(.text))
<BR><BR>[Stack]<UL><LI>Max Depth = 56<LI>Call Chain = _init_alloc &rArr; __rt_SIGRTMEM &rArr; __rt_SIGRTMEM_inner &rArr; __default_signal_display
</UL>
<BR>[Calls]<UL><LI><a href="#[107]">&gt;&gt;</a>&nbsp;&nbsp;&nbsp;__rt_SIGRTMEM
<LI><a href="#[105]">&gt;&gt;</a>&nbsp;&nbsp;&nbsp;__Heap_ProvideMemory
<LI><a href="#[108]">&gt;&gt;</a>&nbsp;&nbsp;&nbsp;__Heap_Initialize
<LI><a href="#[fa]">&gt;&gt;</a>&nbsp;&nbsp;&nbsp;__rt_heap_descriptor
</UL>
<BR>[Called By]<UL><LI><a href="#[d5]">&gt;&gt;</a>&nbsp;&nbsp;&nbsp;__rt_lib_init_heap_2
</UL>

<P><STRONG><a name="[fe]"></a>malloc</STRONG> (Thumb, 94 bytes, Stack size 16 bytes, h1_alloc.o(.text), UNUSED)
<BR><BR>[Calls]<UL><LI><a href="#[104]">&gt;&gt;</a>&nbsp;&nbsp;&nbsp;__Heap_Full
<LI><a href="#[fa]">&gt;&gt;</a>&nbsp;&nbsp;&nbsp;__rt_heap_descriptor
</UL>
<BR>[Called By]<UL><LI><a href="#[fd]">&gt;&gt;</a>&nbsp;&nbsp;&nbsp;fopen
</UL>

<P><STRONG><a name="[fc]"></a>_fseek</STRONG> (Thumb, 242 bytes, Stack size 24 bytes, fseek.o(.text))
<BR><BR>[Stack]<UL><LI>Max Depth = 32<LI>Call Chain = _fseek &rArr; _ftell_internal
</UL>
<BR>[Calls]<UL><LI><a href="#[109]">&gt;&gt;</a>&nbsp;&nbsp;&nbsp;_sys_istty
<LI><a href="#[10b]">&gt;&gt;</a>&nbsp;&nbsp;&nbsp;_sys_flen
<LI><a href="#[10a]">&gt;&gt;</a>&nbsp;&nbsp;&nbsp;_ftell_internal
<LI><a href="#[10c]">&gt;&gt;</a>&nbsp;&nbsp;&nbsp;_seterr
</UL>
<BR>[Called By]<UL><LI><a href="#[f3]">&gt;&gt;</a>&nbsp;&nbsp;&nbsp;freopen
</UL>

<P><STRONG><a name="[235]"></a>fseek</STRONG> (Thumb, 0 bytes, Stack size 24 bytes, fseek.o(.text), UNUSED)

<P><STRONG><a name="[10c]"></a>_seterr</STRONG> (Thumb, 20 bytes, Stack size 0 bytes, stdio.o(.text))
<BR><BR>[Called By]<UL><LI><a href="#[10d]">&gt;&gt;</a>&nbsp;&nbsp;&nbsp;_writebuf
<LI><a href="#[fc]">&gt;&gt;</a>&nbsp;&nbsp;&nbsp;_fseek
</UL>

<P><STRONG><a name="[10d]"></a>_writebuf</STRONG> (Thumb, 84 bytes, Stack size 32 bytes, stdio.o(.text))
<BR><BR>[Stack]<UL><LI>Max Depth = 32<LI>Call Chain = _writebuf
</UL>
<BR>[Calls]<UL><LI><a href="#[10f]">&gt;&gt;</a>&nbsp;&nbsp;&nbsp;_sys_write
<LI><a href="#[10e]">&gt;&gt;</a>&nbsp;&nbsp;&nbsp;_sys_seek
<LI><a href="#[10c]">&gt;&gt;</a>&nbsp;&nbsp;&nbsp;_seterr
</UL>
<BR>[Called By]<UL><LI><a href="#[ff]">&gt;&gt;</a>&nbsp;&nbsp;&nbsp;_fflush
</UL>

<P><STRONG><a name="[ff]"></a>_fflush</STRONG> (Thumb, 70 bytes, Stack size 16 bytes, stdio.o(.text))
<BR><BR>[Stack]<UL><LI>Max Depth = 48<LI>Call Chain = _fflush &rArr; _writebuf
</UL>
<BR>[Calls]<UL><LI><a href="#[10d]">&gt;&gt;</a>&nbsp;&nbsp;&nbsp;_writebuf
</UL>
<BR>[Called By]<UL><LI><a href="#[f6]">&gt;&gt;</a>&nbsp;&nbsp;&nbsp;_fclose_internal
<LI><a href="#[110]">&gt;&gt;</a>&nbsp;&nbsp;&nbsp;_deferredlazyseek
</UL>

<P><STRONG><a name="[110]"></a>_deferredlazyseek</STRONG> (Thumb, 60 bytes, Stack size 8 bytes, stdio.o(.text), UNUSED)
<BR><BR>[Calls]<UL><LI><a href="#[ff]">&gt;&gt;</a>&nbsp;&nbsp;&nbsp;_fflush
</UL>

<P><STRONG><a name="[103]"></a>__sig_exit</STRONG> (Thumb, 10 bytes, Stack size 0 bytes, defsig_exit.o(.text))
<BR><BR>[Calls]<UL><LI><a href="#[e5]">&gt;&gt;</a>&nbsp;&nbsp;&nbsp;_sys_exit
</UL>
<BR>[Called By]<UL><LI><a href="#[107]">&gt;&gt;</a>&nbsp;&nbsp;&nbsp;__rt_SIGRTMEM
<LI><a href="#[f4]">&gt;&gt;</a>&nbsp;&nbsp;&nbsp;__rt_SIGRTRED
</UL>

<P><STRONG><a name="[102]"></a>__rt_SIGRTRED_inner</STRONG> (Thumb, 14 bytes, Stack size 8 bytes, defsig_rtred_inner.o(.text))
<BR><BR>[Stack]<UL><LI>Max Depth = 24<LI>Call Chain = __rt_SIGRTRED_inner &rArr; __default_signal_display
</UL>
[...]
<LI><a href="#[1f3]">&gt;&gt;</a>&nbsp;&nbsp;&nbsp;_dmul
<LI><a href="#[1ec]">&gt;&gt;</a>&nbsp;&nbsp;&nbsp;_dadd
</UL>

<P><STRONG><a name="[23e]"></a>__aeabi_dsub</STRONG> (Thumb, 0 bytes, Stack size 32 bytes, daddsub_clz.o(x$fpl$dsub), UNUSED)

<P><STRONG><a name="[1f4]"></a>_dsub</STRONG> (Thumb, 464 bytes, Stack size 32 bytes, daddsub_clz.o(x$fpl$dsub), UNUSED)
<BR><BR>[Calls]<UL><LI><a href="#[1eb]">&gt;&gt;</a>&nbsp;&nbsp;&nbsp;__fpl_dnaninf
<LI><a href="#[1f5]">&gt;&gt;</a>&nbsp;&nbsp;&nbsp;_dadd1
</UL>

<P><STRONG><a name="[159]"></a>__aeabi_f2d</STRONG> (Thumb, 0 bytes, Stack size 16 bytes, f2d.o(x$fpl$f2d))
<BR><BR>[Stack]<UL><LI>Max Depth = 16<LI>Call Chain = __aeabi_f2d
</UL>
<BR>[Called By]<UL><LI><a href="#[13b]">&gt;&gt;</a>&nbsp;&nbsp;&nbsp;PID_ControllerDriver
</UL>

<P><STRONG><a name="[1f6]"></a>_f2d</STRONG> (Thumb, 86 bytes, Stack size 16 bytes, f2d.o(x$fpl$f2d), UNUSED)
<BR><BR>[Calls]<UL><LI><a href="#[1f7]">&gt;&gt;</a>&nbsp;&nbsp;&nbsp;__fpl_fnaninf
<LI><a href="#[1ee]">&gt;&gt;</a>&nbsp;&nbsp;&nbsp;__fpl_dretinf
</UL>

<P><STRONG><a name="[23f]"></a>__aeabi_dcmpeq</STRONG> (Thumb, 0 bytes, Stack size 8 bytes, dcmp.o(x$fpl$fcmp), UNUSED)

<P><STRONG><a name="[1f8]"></a>_deq</STRONG> (Thumb, 14 bytes, Stack size 8 bytes, dcmp.o(x$fpl$fcmp), UNUSED)
<BR><BR>[Calls]<UL><LI><a href="#[1ef]">&gt;&gt;</a>&nbsp;&nbsp;&nbsp;_dcmpeq
</UL>

<P><STRONG><a name="[1f9]"></a>_dneq</STRONG> (Thumb, 14 bytes, Stack size 8 bytes, dcmp.o(x$fpl$fcmp), UNUSED)
<BR><BR>[Calls]<UL><LI><a href="#[1ef]">&gt;&gt;</a>&nbsp;&nbsp;&nbsp;_dcmpeq
</UL>

<P><STRONG><a name="[15c]"></a>__aeabi_dcmpgt</STRONG> (Thumb, 0 bytes, Stack size 8 bytes, dcmp.o(x$fpl$fcmp))
<BR><BR>[Stack]<UL><LI>Max Depth = 8<LI>Call Chain = __aeabi_dcmpgt
</UL>
<BR>[Called By]<UL><LI><a href="#[13b]">&gt;&gt;</a>&nbsp;&nbsp;&nbsp;PID_ControllerDriver
</UL>

<P><STRONG><a name="[1fa]"></a>_dgr</STRONG> (Thumb, 14 bytes, Stack size 8 bytes, dcmp.o(x$fpl$fcmp), UNUSED)
<BR><BR>[Calls]<UL><LI><a href="#[1f1]">&gt;&gt;</a>&nbsp;&nbsp;&nbsp;_dcmpge
</UL>

<P><STRONG><a name="[240]"></a>__aeabi_dcmpge</STRONG> (Thumb, 0 bytes, Stack size 8 bytes, dcmp.o(x$fpl$fcmp), UNUSED)

<P><STRONG><a name="[1fb]"></a>_dgeq</STRONG> (Thumb, 14 bytes, Stack size 8 bytes, dcmp.o(x$fpl$fcmp), UNUSED)
<BR><BR>[Calls]<UL><LI><a href="#[1f1]">&gt;&gt;</a>&nbsp;&nbsp;&nbsp;_dcmpge
</UL>

<P><STRONG><a name="[15b]"></a>__aeabi_dcmple</STRONG> (Thumb, 0 bytes, Stack size 8 bytes, dcmp.o(x$fpl$fcmp))
<BR><BR>[Stack]<UL><LI>Max Depth = 8<LI>Call Chain = __aeabi_dcmple
</UL>
<BR>[Called By]<UL><LI><a href="#[13b]">&gt;&gt;</a>&nbsp;&nbsp;&nbsp;PID_ControllerDriver
</UL>

<P><STRONG><a name="[1fc]"></a>_dleq</STRONG> (Thumb, 14 bytes, Stack size 8 bytes, dcmp.o(x$fpl$fcmp), UNUSED)
<BR><BR>[Calls]<UL><LI><a href="#[1f2]">&gt;&gt;</a>&nbsp;&nbsp;&nbsp;_dcmple
</UL>

<P><STRONG><a name="[241]"></a>__aeabi_dcmplt</STRONG> (Thumb, 0 bytes, Stack size 8 bytes, dcmp.o(x$fpl$fcmp), UNUSED)

<P><STRONG><a name="[1fd]"></a>_dls</STRONG> (Thumb, 14 bytes, Stack size 8 bytes, dcmp.o(x$fpl$fcmp), UNUSED)
<BR><BR>[Calls]<UL><LI><a href="#[1f2]">&gt;&gt;</a>&nbsp;&nbsp;&nbsp;_dcmple
</UL>

<P><STRONG><a name="[1f7]"></a>__fpl_fnaninf</STRONG> (Thumb, 140 bytes, Stack size 8 bytes, fnaninf.o(x$fpl$fnaninf), UNUSED)
<BR><BR>[Called By]<UL><LI><a href="#[1f6]">&gt;&gt;</a>&nbsp;&nbsp;&nbsp;_f2d
</UL>

<P><STRONG><a name="[d4]"></a>_fp_init</STRONG> (Thumb, 26 bytes, Stack size 0 bytes, fpinit.o(x$fpl$fpinit))
<BR><BR>[Called By]<UL><LI><a href="#[d3]">&gt;&gt;</a>&nbsp;&nbsp;&nbsp;__rt_lib_init_fp_1
</UL>

<P><STRONG><a name="[242]"></a>__fplib_config_fpu_vfp</STRONG> (Thumb, 0 bytes, Stack size unknown bytes, fpinit.o(x$fpl$fpinit), UNUSED)

<P><STRONG><a name="[243]"></a>__fplib_config_pureend_doubles</STRONG> (Thumb, 0 bytes, Stack size unknown bytes, fpinit.o(x$fpl$fpinit), UNUSED)

<P><STRONG><a name="[1ea]"></a>__fpl_fretinf</STRONG> (Thumb, 10 bytes, Stack size 0 bytes, fretinf.o(x$fpl$fretinf), UNUSED)
<BR><BR>[Called By]<UL><LI><a href="#[1e9]">&gt;&gt;</a>&nbsp;&nbsp;&nbsp;_d2f
</UL>
<P>
<H3>
Local Symbols
</H3>
<P><STRONG><a name="[150]"></a>deadzone_gain</STRONG> (Thumb, 76 bytes, Stack size 16 bytes, sp_motor.o(.text.deadzone_gain))
<BR><BR>[Stack]<UL><LI>Max Depth = 16<LI>Call Chain = deadzone_gain
</UL>
<BR>[Calls]<UL><LI><a href="#[197]">&gt;&gt;</a>&nbsp;&nbsp;&nbsp;sign
</UL>
<BR>[Called By]<UL><LI><a href="#[1f]">&gt;&gt;</a>&nbsp;&nbsp;&nbsp;MOTOR_ControlLooper
</UL>

<P><STRONG><a name="[197]"></a>sign</STRONG> (Thumb, 44 bytes, Stack size 0 bytes, sp_motor.o(.text.sign))
<BR><BR>[Called By]<UL><LI><a href="#[150]">&gt;&gt;</a>&nbsp;&nbsp;&nbsp;deadzone_gain
</UL>

<P><STRONG><a name="[139]"></a>sign</STRONG> (Thumb, 44 bytes, Stack size 0 bytes, sp_chasis.o(.text.sign))
<BR><BR>[Called By]<UL><LI><a href="#[13a]">&gt;&gt;</a>&nbsp;&nbsp;&nbsp;Speed_Change_Limit
<LI><a href="#[a]">&gt;&gt;</a>&nbsp;&nbsp;&nbsp;CHASIS_Looper
</UL>

<P><STRONG><a name="[b5]"></a>__CAN_SendMsg</STRONG> (Thumb, 56 bytes, Stack size 40 bytes, sp_can.o(.text.__CAN_SendMsg))
<BR><BR>[Stack]<UL><LI>Max Depth = 48<LI>Call Chain = __CAN_SendMsg &rArr; CAN_Transmit
</UL>
<BR>[Calls]<UL><LI><a href="#[196]">&gt;&gt;</a>&nbsp;&nbsp;&nbsp;CAN_Transmit
<LI><a href="#[195]">&gt;&gt;</a>&nbsp;&nbsp;&nbsp;__aeabi_memcpy
</UL>
<BR>[Called By]<UL><LI><a href="#[b1]">&gt;&gt;</a>&nbsp;&nbsp;&nbsp;spCAN_MsgSendLoop
</UL>
<BR>[Address Reference Count : 1]<UL><LI> sp_can.o(.rodata.spCAN)
</UL>
<P><STRONG><a name="[175]"></a>SetSysClock</STRONG> (Thumb, 222 bytes, Stack size 8 bytes, system_stm32f427ii.o(.text.SetSysClock))
<BR><BR>[Stack]<UL><LI>Max Depth = 8<LI>Call Chain = SetSysClock
</UL>
<BR>[Called By]<UL><LI><a href="#[9b]">&gt;&gt;</a>&nbsp;&nbsp;&nbsp;SystemInit
</UL>

<P><STRONG><a name="[1]"></a>USBD_DataInStage</STRONG> (Thumb, 208 bytes, Stack size 16 bytes, usbd_core.o(i.USBD_DataInStage))
<BR><BR>[Stack]<UL><LI>Max Depth = 120<LI>Call Chain = USBD_DataInStage &rArr; USBD_CtlContinueSendData &rArr; DCD_EP_Tx &rArr; USB_OTG_EPStartXfer &rArr; USB_OTG_WritePacket
</UL>
<BR>[Calls]<UL><LI><a href="#[1d0]">&gt;&gt;</a>&nbsp;&nbsp;&nbsp;USBD_CtlReceiveStatus
<LI><a href="#[1cf]">&gt;&gt;</a>&nbsp;&nbsp;&nbsp;USBD_CtlContinueSendData
<LI><a href="#[1d2]">&gt;&gt;</a>&nbsp;&nbsp;&nbsp;USBD_RunTestMode
</UL>
<BR>[Address Reference Count : 1]<UL><LI> usbd_core.o(.data)
</UL>
<P><STRONG><a name="[0]"></a>USBD_DataOutStage</STRONG> (Thumb, 150 bytes, Stack size 16 bytes, usbd_core.o(i.USBD_DataOutStage))
<BR><BR>[Stack]<UL><LI>Max Depth = 120<LI>Call Chain = USBD_DataOutStage &rArr; USBD_CtlContinueRx &rArr; DCD_EP_PrepareRx &rArr; USB_OTG_EPStartXfer &rArr; USB_OTG_WritePacket
</UL>
<BR>[Calls]<UL><LI><a href="#[1cc]">&gt;&gt;</a>&nbsp;&nbsp;&nbsp;USBD_CtlSendStatus
<LI><a href="#[1ce]">&gt;&gt;</a>&nbsp;&nbsp;&nbsp;USBD_CtlContinueRx
</UL>
<BR>[Address Reference Count : 1]<UL><LI> usbd_core.o(.data)
</UL>
<P><STRONG><a name="[7]"></a>USBD_IsoINIncomplete</STRONG> (Thumb, 18 bytes, Stack size 8 bytes, usbd_core.o(i.USBD_IsoINIncomplete))
<BR><BR>[Stack]<UL><LI>Max Depth = 8<LI>Call Chain = USBD_IsoINIncomplete
</UL>
<BR>[Address Reference Count : 1]<UL><LI> usbd_core.o(.data)
</UL>
<P><STRONG><a name="[8]"></a>USBD_IsoOUTIncomplete</STRONG> (Thumb, 18 bytes, Stack size 8 bytes, usbd_core.o(i.USBD_IsoOUTIncomplete))
<BR><BR>[Stack]<UL><LI>Max Depth = 8<LI>Call Chain = USBD_IsoOUTIncomplete
</UL>
<BR>[Address Reference Count : 1]<UL><LI> usbd_core.o(.data)
</UL>
<P><STRONG><a name="[4]"></a>USBD_Reset</STRONG> (Thumb, 50 bytes, Stack size 8 bytes, usbd_core.o(i.USBD_Reset))
<BR><BR>[Stack]<UL><LI>Max Depth = 52<LI>Call Chain = USBD_Reset &rArr; DCD_EP_Open &rArr; USB_OTG_EPActivate
</UL>
<BR>[Calls]<UL><LI><a href="#[1b4]">&gt;&gt;</a>&nbsp;&nbsp;&nbsp;DCD_EP_Open
</UL>
<BR>[Address Reference Count : 1]<UL><LI> usbd_core.o(.data)
</UL>
<P><STRONG><a name="[6]"></a>USBD_Resume</STRONG> (Thumb, 30 bytes, Stack size 8 bytes, usbd_core.o(i.USBD_Resume))
<BR><BR>[Stack]<UL><LI>Max Depth = 8<LI>Call Chain = USBD_Resume
</UL>
<BR>[Address Reference Count : 1]<UL><LI> usbd_core.o(.data)
</UL>
<P><STRONG><a name="[1d2]"></a>USBD_RunTestMode</STRONG> (Thumb, 14 bytes, Stack size 0 bytes, usbd_core.o(i.USBD_RunTestMode))
<BR><BR>[Called By]<UL><LI><a href="#[1]">&gt;&gt;</a>&nbsp;&nbsp;&nbsp;USBD_DataInStage
</UL>

<P><STRONG><a name="[3]"></a>USBD_SOF</STRONG> (Thumb, 26 bytes, Stack size 8 bytes, usbd_core.o(i.USBD_SOF))
<BR><BR>[Stack]<UL><LI>Max Depth = 8<LI>Call Chain = USBD_SOF
</UL>
<BR>[Address Reference Count : 1]<UL><LI> usbd_core.o(.data)
</UL>
<P><STRONG><a name="[2]"></a>USBD_SetupStage</STRONG> (Thumb, 84 bytes, Stack size 16 bytes, usbd_core.o(i.USBD_SetupStage))
<BR><BR>[Stack]<UL><LI>Max Depth = 160<LI>Call Chain = USBD_SetupStage &rArr; USBD_StdDevReq &rArr; USBD_GetDescriptor &rArr; USBD_CtlSendData &rArr; DCD_EP_Tx &rArr; USB_OTG_EPStartXfer &rArr; USB_OTG_WritePacket
</UL>
<BR>[Calls]<UL><LI><a href="#[1e5]">&gt;&gt;</a>&nbsp;&nbsp;&nbsp;USBD_StdItfReq
<LI><a href="#[1e6]">&gt;&gt;</a>&nbsp;&nbsp;&nbsp;USBD_StdEPReq
<LI><a href="#[1e4]">&gt;&gt;</a>&nbsp;&nbsp;&nbsp;USBD_StdDevReq
<LI><a href="#[1e3]">&gt;&gt;</a>&nbsp;&nbsp;&nbsp;USBD_ParseSetupRequest
<LI><a href="#[1b9]">&gt;&gt;</a>&nbsp;&nbsp;&nbsp;DCD_EP_Stall
</UL>
<BR>[Address Reference Count : 1]<UL><LI> usbd_core.o(.data)
</UL>
<P><STRONG><a name="[5]"></a>USBD_Suspend</STRONG> (Thumb, 32 bytes, Stack size 8 bytes, usbd_core.o(i.USBD_Suspend))
<BR><BR>[Stack]<UL><LI>Max Depth = 8<LI>Call Chain = USBD_Suspend
</UL>
<BR>[Address Reference Count : 1]<UL><LI> usbd_core.o(.data)
</UL>
<P><STRONG><a name="[1cb]"></a>USBD_ClrFeature</STRONG> (Thumb, 72 bytes, Stack size 16 bytes, usbd_req.o(i.USBD_ClrFeature))
<BR><BR>[Stack]<UL><LI>Max Depth = 112<LI>Call Chain = USBD_ClrFeature &rArr; USBD_CtlSendStatus &rArr; DCD_EP_Tx &rArr; USB_OTG_EPStartXfer &rArr; USB_OTG_WritePacket
</UL>
<BR>[Calls]<UL><LI><a href="#[1cd]">&gt;&gt;</a>&nbsp;&nbsp;&nbsp;USBD_CtlError
<LI><a href="#[1cc]">&gt;&gt;</a>&nbsp;&nbsp;&nbsp;USBD_CtlSendStatus
</UL>
<BR>[Called By]<UL><LI><a href="#[1e4]">&gt;&gt;</a>&nbsp;&nbsp;&nbsp;USBD_StdDevReq
</UL>

<P><STRONG><a name="[1d3]"></a>USBD_GetConfig</STRONG> (Thumb, 78 bytes, Stack size 16 bytes, usbd_req.o(i.USBD_GetConfig))
<BR><BR>[Stack]<UL><LI>Max Depth = 120<LI>Call Chain = USBD_GetConfig &rArr; USBD_CtlSendData &rArr; DCD_EP_Tx &rArr; USB_OTG_EPStartXfer &rArr; USB_OTG_WritePacket
</UL>
<BR>[Calls]<UL><LI><a href="#[1d1]">&gt;&gt;</a>&nbsp;&nbsp;&nbsp;USBD_CtlSendData
<LI><a href="#[1cd]">&gt;&gt;</a>&nbsp;&nbsp;&nbsp;USBD_CtlError
</UL>
<BR>[Called By]<UL><LI><a href="#[1e4]">&gt;&gt;</a>&nbsp;&nbsp;&nbsp;USBD_StdDevReq
</UL>

<P><STRONG><a name="[1d4]"></a>USBD_GetDescriptor</STRONG> (Thumb, 290 bytes, Stack size 24 bytes, usbd_req.o(i.USBD_GetDescriptor))
<BR><BR>[Stack]<UL><LI>Max Depth = 128<LI>Call Chain = USBD_GetDescriptor &rArr; USBD_CtlSendData &rArr; DCD_EP_Tx &rArr; USB_OTG_EPStartXfer &rArr; USB_OTG_WritePacket
</UL>
<BR>[Calls]<UL><LI><a href="#[1d1]">&gt;&gt;</a>&nbsp;&nbsp;&nbsp;USBD_CtlSendData
<LI><a href="#[1cd]">&gt;&gt;</a>&nbsp;&nbsp;&nbsp;USBD_CtlError
</UL>
<BR>[Called By]<UL><LI><a href="#[1e4]">&gt;&gt;</a>&nbsp;&nbsp;&nbsp;USBD_StdDevReq
</UL>

<P><STRONG><a name="[1d5]"></a>USBD_GetStatus</STRONG> (Thumb, 74 bytes, Stack size 16 bytes, usbd_req.o(i.USBD_GetStatus))
<BR><BR>[Stack]<UL><LI>Max Depth = 120<LI>Call Chain = USBD_GetStatus &rArr; USBD_CtlSendData &rArr; DCD_EP_Tx &rArr; USB_OTG_EPStartXfer &rArr; USB_OTG_WritePacket
</UL>
<BR>[Calls]<UL><LI><a href="#[1d1]">&gt;&gt;</a>&nbsp;&nbsp;&nbsp;USBD_CtlSendData
<LI><a href="#[1cd]">&gt;&gt;</a>&nbsp;&nbsp;&nbsp;USBD_CtlError
</UL>
<BR>[Called By]<UL><LI><a href="#[1e4]">&gt;&gt;</a>&nbsp;&nbsp;&nbsp;USBD_StdDevReq
</UL>

<P><STRONG><a name="[1dd]"></a>USBD_SetAddress</STRONG> (Thumb, 92 bytes, Stack size 16 bytes, usbd_req.o(i.USBD_SetAddress))
<BR><BR>[Stack]<UL><LI>Max Depth = 112<LI>Call Chain = USBD_SetAddress &rArr; USBD_CtlSendStatus &rArr; DCD_EP_Tx &rArr; USB_OTG_EPStartXfer &rArr; USB_OTG_WritePacket
</UL>
<BR>[Calls]<UL><LI><a href="#[1cd]">&gt;&gt;</a>&nbsp;&nbsp;&nbsp;USBD_CtlError
<LI><a href="#[1de]">&gt;&gt;</a>&nbsp;&nbsp;&nbsp;DCD_EP_SetAddress
<LI><a href="#[1cc]">&gt;&gt;</a>&nbsp;&nbsp;&nbsp;USBD_CtlSendStatus
</UL>
<BR>[Called By]<UL><LI><a href="#[1e4]">&gt;&gt;</a>&nbsp;&nbsp;&nbsp;USBD_StdDevReq
</UL>

<P><STRONG><a name="[1df]"></a>USBD_SetConfig</STRONG> (Thumb, 204 bytes, Stack size 16 bytes, usbd_req.o(i.USBD_SetConfig))
<BR><BR>[Stack]<UL><LI>Max Depth = 112<LI>Call Chain = USBD_SetConfig &rArr; USBD_CtlSendStatus &rArr; DCD_EP_Tx &rArr; USB_OTG_EPStartXfer &rArr; USB_OTG_WritePacket
</UL>
<BR>[Calls]<UL><LI><a href="#[1cd]">&gt;&gt;</a>&nbsp;&nbsp;&nbsp;USBD_CtlError
<LI><a href="#[1cc]">&gt;&gt;</a>&nbsp;&nbsp;&nbsp;USBD_CtlSendStatus
<LI><a href="#[1e0]">&gt;&gt;</a>&nbsp;&nbsp;&nbsp;USBD_SetCfg
<LI><a href="#[1e1]">&gt;&gt;</a>&nbsp;&nbsp;&nbsp;USBD_ClrCfg
</UL>
<BR>[Called By]<UL><LI><a href="#[1e4]">&gt;&gt;</a>&nbsp;&nbsp;&nbsp;USBD_StdDevReq
</UL>

<P><STRONG><a name="[1e2]"></a>USBD_SetFeature</STRONG> (Thumb, 160 bytes, Stack size 24 bytes, usbd_req.o(i.USBD_SetFeature))
<BR><BR>[Stack]<UL><LI>Max Depth = 120<LI>Call Chain = USBD_SetFeature &rArr; USBD_CtlSendStatus &rArr; DCD_EP_Tx &rArr; USB_OTG_EPStartXfer &rArr; USB_OTG_WritePacket
</UL>
<BR>[Calls]<UL><LI><a href="#[1cc]">&gt;&gt;</a>&nbsp;&nbsp;&nbsp;USBD_CtlSendStatus
</UL>
<BR>[Called By]<UL><LI><a href="#[1e4]">&gt;&gt;</a>&nbsp;&nbsp;&nbsp;USBD_StdDevReq
</UL>

<P><STRONG><a name="[1bb]"></a>DCD_HandleEnumDone_ISR</STRONG> (Thumb, 102 bytes, Stack size 16 bytes, usb_dcd_int.o(i.DCD_HandleEnumDone_ISR))
<BR><BR>[Stack]<UL><LI>Max Depth = 32<LI>Call Chain = DCD_HandleEnumDone_ISR &rArr; USB_OTG_EP0Activate
</UL>
<BR>[Calls]<UL><LI><a href="#[1bd]">&gt;&gt;</a>&nbsp;&nbsp;&nbsp;USB_OTG_GetDeviceSpeed
<LI><a href="#[1bc]">&gt;&gt;</a>&nbsp;&nbsp;&nbsp;USB_OTG_EP0Activate
</UL>
<BR>[Called By]<UL><LI><a href="#[156]">&gt;&gt;</a>&nbsp;&nbsp;&nbsp;USBD_OTG_ISR_Handler
</UL>

<P><STRONG><a name="[1be]"></a>DCD_HandleInEP_ISR</STRONG> (Thumb, 320 bytes, Stack size 24 bytes, usb_dcd_int.o(i.DCD_HandleInEP_ISR))
<BR><BR>[Stack]<UL><LI>Max Depth = 80<LI>Call Chain = DCD_HandleInEP_ISR &rArr; DCD_WriteEmptyTxFifo &rArr; USB_OTG_WritePacket
</UL>
<BR>[Calls]<UL><LI><a href="#[1c1]">&gt;&gt;</a>&nbsp;&nbsp;&nbsp;USB_OTG_EP0_OutStart
<LI><a href="#[1c2]">&gt;&gt;</a>&nbsp;&nbsp;&nbsp;DCD_WriteEmptyTxFifo
<LI><a href="#[1c0]">&gt;&gt;</a>&nbsp;&nbsp;&nbsp;DCD_ReadDevInEP
<LI><a href="#[1bf]">&gt;&gt;</a>&nbsp;&nbsp;&nbsp;USB_OTG_ReadDevAllInEPItr
</UL>
<BR>[Called By]<UL><LI><a href="#[156]">&gt;&gt;</a>&nbsp;&nbsp;&nbsp;USBD_OTG_ISR_Handler
</UL>

<P><STRONG><a name="[1c3]"></a>DCD_HandleOutEP_ISR</STRONG> (Thumb, 252 bytes, Stack size 24 bytes, usb_dcd_int.o(i.DCD_HandleOutEP_ISR))
<BR><BR>[Stack]<UL><LI>Max Depth = 40<LI>Call Chain = DCD_HandleOutEP_ISR &rArr; USB_OTG_EP0_OutStart
</UL>
<BR>[Calls]<UL><LI><a href="#[1c1]">&gt;&gt;</a>&nbsp;&nbsp;&nbsp;USB_OTG_EP0_OutStart
<LI><a href="#[1c5]">&gt;&gt;</a>&nbsp;&nbsp;&nbsp;USB_OTG_ReadDevOutEP_itr
<LI><a href="#[1c4]">&gt;&gt;</a>&nbsp;&nbsp;&nbsp;USB_OTG_ReadDevAllOutEp_itr
</UL>
<BR>[Called By]<UL><LI><a href="#[156]">&gt;&gt;</a>&nbsp;&nbsp;&nbsp;USBD_OTG_ISR_Handler
</UL>

<P><STRONG><a name="[1d8]"></a>DCD_HandleResume_ISR</STRONG> (Thumb, 100 bytes, Stack size 24 bytes, usb_dcd_int.o(i.DCD_HandleResume_ISR))
<BR><BR>[Stack]<UL><LI>Max Depth = 24<LI>Call Chain = DCD_HandleResume_ISR
</UL>
<BR>[Called By]<UL><LI><a href="#[156]">&gt;&gt;</a>&nbsp;&nbsp;&nbsp;USBD_OTG_ISR_Handler
</UL>

<P><STRONG><a name="[1c6]"></a>DCD_HandleRxStatusQueueLevel_ISR</STRONG> (Thumb, 176 bytes, Stack size 24 bytes, usb_dcd_int.o(i.DCD_HandleRxStatusQueueLevel_ISR))
<BR><BR>[Stack]<UL><LI>Max Depth = 44<LI>Call Chain = DCD_HandleRxStatusQueueLevel_ISR &rArr; USB_OTG_ReadPacket
</UL>
<BR>[Calls]<UL><LI><a href="#[1c7]">&gt;&gt;</a>&nbsp;&nbsp;&nbsp;USB_OTG_ReadPacket
</UL>
<BR>[Called By]<UL><LI><a href="#[156]">&gt;&gt;</a>&nbsp;&nbsp;&nbsp;USBD_OTG_ISR_Handler
</UL>

<P><STRONG><a name="[1da]"></a>DCD_HandleSof_ISR</STRONG> (Thumb, 38 bytes, Stack size 16 bytes, usb_dcd_int.o(i.DCD_HandleSof_ISR))
<BR><BR>[Stack]<UL><LI>Max Depth = 16<LI>Call Chain = DCD_HandleSof_ISR
</UL>
<BR>[Called By]<UL><LI><a href="#[156]">&gt;&gt;</a>&nbsp;&nbsp;&nbsp;USBD_OTG_ISR_Handler
</UL>

<P><STRONG><a name="[1d9]"></a>DCD_HandleUSBSuspend_ISR</STRONG> (Thumb, 158 bytes, Stack size 24 bytes, usb_dcd_int.o(i.DCD_HandleUSBSuspend_ISR))
<BR><BR>[Stack]<UL><LI>Max Depth = 24<LI>Call Chain = DCD_HandleUSBSuspend_ISR
</UL>
<BR>[Called By]<UL><LI><a href="#[156]">&gt;&gt;</a>&nbsp;&nbsp;&nbsp;USBD_OTG_ISR_Handler
</UL>

<P><STRONG><a name="[1c8]"></a>DCD_HandleUsbReset_ISR</STRONG> (Thumb, 254 bytes, Stack size 40 bytes, usb_dcd_int.o(i.DCD_HandleUsbReset_ISR))
<BR><BR>[Stack]<UL><LI>Max Depth = 64<LI>Call Chain = DCD_HandleUsbReset_ISR &rArr; USB_OTG_FlushTxFifo
</UL>
<BR>[Calls]<UL><LI><a href="#[1c1]">&gt;&gt;</a>&nbsp;&nbsp;&nbsp;USB_OTG_EP0_OutStart
<LI><a href="#[1c9]">&gt;&gt;</a>&nbsp;&nbsp;&nbsp;USB_OTG_FlushTxFifo
</UL>
<BR>[Called By]<UL><LI><a href="#[156]">&gt;&gt;</a>&nbsp;&nbsp;&nbsp;USBD_OTG_ISR_Handler
</UL>

<P><STRONG><a name="[1db]"></a>DCD_IsoINIncomplete_ISR</STRONG> (Thumb, 40 bytes, Stack size 16 bytes, usb_dcd_int.o(i.DCD_IsoINIncomplete_ISR))
<BR><BR>[Stack]<UL><LI>Max Depth = 16<LI>Call Chain = DCD_IsoINIncomplete_ISR
</UL>
<BR>[Called By]<UL><LI><a href="#[156]">&gt;&gt;</a>&nbsp;&nbsp;&nbsp;USBD_OTG_ISR_Handler
</UL>

<P><STRONG><a name="[1dc]"></a>DCD_IsoOUTIncomplete_ISR</STRONG> (Thumb, 40 bytes, Stack size 16 bytes, usb_dcd_int.o(i.DCD_IsoOUTIncomplete_ISR))
<BR><BR>[Stack]<UL><LI>Max Depth = 16<LI>Call Chain = DCD_IsoOUTIncomplete_ISR
</UL>
<BR>[Called By]<UL><LI><a href="#[156]">&gt;&gt;</a>&nbsp;&nbsp;&nbsp;USBD_OTG_ISR_Handler
</UL>

<P><STRONG><a name="[1c0]"></a>DCD_ReadDevInEP</STRONG> (Thumb, 40 bytes, Stack size 12 bytes, usb_dcd_int.o(i.DCD_ReadDevInEP))
<BR><BR>[Stack]<UL><LI>Max Depth = 12<LI>Call Chain = DCD_ReadDevInEP
</UL>
<BR>[Called By]<UL><LI><a href="#[1be]">&gt;&gt;</a>&nbsp;&nbsp;&nbsp;DCD_HandleInEP_ISR
</UL>

<P><STRONG><a name="[1c2]"></a>DCD_WriteEmptyTxFifo</STRONG> (Thumb, 144 bytes, Stack size 32 bytes, usb_dcd_int.o(i.DCD_WriteEmptyTxFifo))
<BR><BR>[Stack]<UL><LI>Max Depth = 56<LI>Call Chain = DCD_WriteEmptyTxFifo &rArr; USB_OTG_WritePacket
</UL>
<BR>[Calls]<UL><LI><a href="#[1ca]">&gt;&gt;</a>&nbsp;&nbsp;&nbsp;USB_OTG_WritePacket
</UL>
<BR>[Called By]<UL><LI><a href="#[1be]">&gt;&gt;</a>&nbsp;&nbsp;&nbsp;DCD_HandleInEP_ISR
</UL>

<P><STRONG><a name="[1b1]"></a>CheckITStatus</STRONG> (Thumb, 18 bytes, Stack size 0 bytes, stm32f4xx_can.o(i.CheckITStatus))
<BR><BR>[Called By]<UL><LI><a href="#[12b]">&gt;&gt;</a>&nbsp;&nbsp;&nbsp;CAN_GetITStatus
</UL>

<P><STRONG><a name="[1f5]"></a>_dadd1</STRONG> (Thumb, 0 bytes, Stack size unknown bytes, daddsub_clz.o(x$fpl$dadd), UNUSED)
<BR><BR>[Called By]<UL><LI><a href="#[1f4]">&gt;&gt;</a>&nbsp;&nbsp;&nbsp;_dsub
</UL>

<P><STRONG><a name="[1ed]"></a>_dsub1</STRONG> (Thumb, 0 bytes, Stack size unknown bytes, daddsub_clz.o(x$fpl$dsub), UNUSED)
<BR><BR>[Called By]<UL><LI><a href="#[1ec]">&gt;&gt;</a>&nbsp;&nbsp;&nbsp;_dadd
</UL>

<P><STRONG><a name="[9e]"></a>_printf_input_char</STRONG> (Thumb, 10 bytes, Stack size 0 bytes, _printf_char_common.o(.text))
<BR>[Address Reference Count : 1]<UL><LI> _printf_char_common.o(.text)
</UL><P>
<H3>
Undefined Global Symbols
</H3><HR></body></html>
